../Core/Src/main.c:81:5:main	6296	static
../Core/Src/main.c:180:6:SystemClock_Config	336	static
../Core/Src/main.c:265:6:PeriphCommonClock_Config	352	static
../Core/Src/main.c:284:13:MX_ADC1_Init	48	static
../Core/Src/main.c:351:13:MX_ADC2_Init	40	static
../Core/Src/main.c:409:13:MX_IPCC_Init	8	static
../Core/Src/main.c:435:13:MX_UART4_Init	8	static
../Core/Src/main.c:481:13:MX_DMA_Init	8	static
../Core/Src/main.c:500:13:MX_GPIO_Init	4	static
../Core/Src/main.c:518:6:HAL_ADC_ConvHalfCpltCallback	16	static
../Core/Src/main.c:522:6:HAL_ADC_ConvCpltCallback	16	static
../Core/Src/main.c:531:6:Error_Handler	4	static,ignoring_inline_asm
