../Core/Src/main.c:79:5:main	112	static
../Core/Src/main.c:187:6:SystemClock_Config	336	static
../Core/Src/main.c:272:6:PeriphCommonClock_Config	352	static
../Core/Src/main.c:291:13:MX_ADC2_Init	40	static
../Core/Src/main.c:358:13:MX_IPCC_Init	8	static
../Core/Src/main.c:384:13:MX_UART4_Init	8	static
../Core/Src/main.c:430:13:MX_DMA_Init	8	static
../Core/Src/main.c:449:13:MX_GPIO_Init	32	static
../Core/Src/main.c:473:6:HAL_ADC_ConvHalfCpltCallback	16	static
../Core/Src/main.c:477:6:HAL_ADC_ConvCpltCallback	16	static
../Core/Src/main.c:486:6:Error_Handler	4	static,ignoring_inline_asm
