Archive member included to satisfy reference by file (symbol)

C:/ST/STM32CubeIDE_1.13.2/STM32CubeIDE/plugins/com.st.stm32cube.ide.mcu.externaltools.gnu-tools-for-stm32.11.3.rel1.win32_1.1.1.202309131626/tools/bin/../lib/gcc/arm-none-eabi/11.3.1/../../../../arm-none-eabi/lib/thumb/v7e-m+fp/hard\libc_nano.a(libc_a-assert.o)
                              ./Middlewares/Third_Party/OpenAMP/device.o (__assert_func)
C:/ST/STM32CubeIDE_1.13.2/STM32CubeIDE/plugins/com.st.stm32cube.ide.mcu.externaltools.gnu-tools-for-stm32.11.3.rel1.win32_1.1.1.202309131626/tools/bin/../lib/gcc/arm-none-eabi/11.3.1/../../../../arm-none-eabi/lib/thumb/v7e-m+fp/hard\libc_nano.a(libc_a-exit.o)
                              C:/ST/STM32CubeIDE_1.13.2/STM32CubeIDE/plugins/com.st.stm32cube.ide.mcu.externaltools.gnu-tools-for-stm32.11.3.rel1.win32_1.1.1.202309131626/tools/bin/../lib/gcc/arm-none-eabi/11.3.1/../../../../arm-none-eabi/lib/thumb/v7e-m+fp/hard/crt0.o (exit)
C:/ST/STM32CubeIDE_1.13.2/STM32CubeIDE/plugins/com.st.stm32cube.ide.mcu.externaltools.gnu-tools-for-stm32.11.3.rel1.win32_1.1.1.202309131626/tools/bin/../lib/gcc/arm-none-eabi/11.3.1/../../../../arm-none-eabi/lib/thumb/v7e-m+fp/hard\libc_nano.a(libc_a-malloc.o)
                              ./Middlewares/Third_Party/OpenAMP/remoteproc_virtio.o (malloc)
C:/ST/STM32CubeIDE_1.13.2/STM32CubeIDE/plugins/com.st.stm32cube.ide.mcu.externaltools.gnu-tools-for-stm32.11.3.rel1.win32_1.1.1.202309131626/tools/bin/../lib/gcc/arm-none-eabi/11.3.1/../../../../arm-none-eabi/lib/thumb/v7e-m+fp/hard\libc_nano.a(libc_a-mallocr.o)
                              C:/ST/STM32CubeIDE_1.13.2/STM32CubeIDE/plugins/com.st.stm32cube.ide.mcu.externaltools.gnu-tools-for-stm32.11.3.rel1.win32_1.1.1.202309131626/tools/bin/../lib/gcc/arm-none-eabi/11.3.1/../../../../arm-none-eabi/lib/thumb/v7e-m+fp/hard\libc_nano.a(libc_a-malloc.o) (_malloc_r)
C:/ST/STM32CubeIDE_1.13.2/STM32CubeIDE/plugins/com.st.stm32cube.ide.mcu.externaltools.gnu-tools-for-stm32.11.3.rel1.win32_1.1.1.202309131626/tools/bin/../lib/gcc/arm-none-eabi/11.3.1/../../../../arm-none-eabi/lib/thumb/v7e-m+fp/hard\libc_nano.a(libc_a-mlock.o)
                              C:/ST/STM32CubeIDE_1.13.2/STM32CubeIDE/plugins/com.st.stm32cube.ide.mcu.externaltools.gnu-tools-for-stm32.11.3.rel1.win32_1.1.1.202309131626/tools/bin/../lib/gcc/arm-none-eabi/11.3.1/../../../../arm-none-eabi/lib/thumb/v7e-m+fp/hard\libc_nano.a(libc_a-mallocr.o) (__malloc_lock)
C:/ST/STM32CubeIDE_1.13.2/STM32CubeIDE/plugins/com.st.stm32cube.ide.mcu.externaltools.gnu-tools-for-stm32.11.3.rel1.win32_1.1.1.202309131626/tools/bin/../lib/gcc/arm-none-eabi/11.3.1/../../../../arm-none-eabi/lib/thumb/v7e-m+fp/hard\libc_nano.a(libc_a-findfp.o)
                              C:/ST/STM32CubeIDE_1.13.2/STM32CubeIDE/plugins/com.st.stm32cube.ide.mcu.externaltools.gnu-tools-for-stm32.11.3.rel1.win32_1.1.1.202309131626/tools/bin/../lib/gcc/arm-none-eabi/11.3.1/../../../../arm-none-eabi/lib/thumb/v7e-m+fp/hard\libc_nano.a(libc_a-exit.o) (__stdio_exit_handler)
C:/ST/STM32CubeIDE_1.13.2/STM32CubeIDE/plugins/com.st.stm32cube.ide.mcu.externaltools.gnu-tools-for-stm32.11.3.rel1.win32_1.1.1.202309131626/tools/bin/../lib/gcc/arm-none-eabi/11.3.1/../../../../arm-none-eabi/lib/thumb/v7e-m+fp/hard\libc_nano.a(libc_a-fprintf.o)
                              C:/ST/STM32CubeIDE_1.13.2/STM32CubeIDE/plugins/com.st.stm32cube.ide.mcu.externaltools.gnu-tools-for-stm32.11.3.rel1.win32_1.1.1.202309131626/tools/bin/../lib/gcc/arm-none-eabi/11.3.1/../../../../arm-none-eabi/lib/thumb/v7e-m+fp/hard\libc_nano.a(libc_a-assert.o) (fiprintf)
C:/ST/STM32CubeIDE_1.13.2/STM32CubeIDE/plugins/com.st.stm32cube.ide.mcu.externaltools.gnu-tools-for-stm32.11.3.rel1.win32_1.1.1.202309131626/tools/bin/../lib/gcc/arm-none-eabi/11.3.1/../../../../arm-none-eabi/lib/thumb/v7e-m+fp/hard\libc_nano.a(libc_a-fwalk.o)
                              C:/ST/STM32CubeIDE_1.13.2/STM32CubeIDE/plugins/com.st.stm32cube.ide.mcu.externaltools.gnu-tools-for-stm32.11.3.rel1.win32_1.1.1.202309131626/tools/bin/../lib/gcc/arm-none-eabi/11.3.1/../../../../arm-none-eabi/lib/thumb/v7e-m+fp/hard\libc_nano.a(libc_a-findfp.o) (_fwalk_sglue)
C:/ST/STM32CubeIDE_1.13.2/STM32CubeIDE/plugins/com.st.stm32cube.ide.mcu.externaltools.gnu-tools-for-stm32.11.3.rel1.win32_1.1.1.202309131626/tools/bin/../lib/gcc/arm-none-eabi/11.3.1/../../../../arm-none-eabi/lib/thumb/v7e-m+fp/hard\libc_nano.a(libc_a-sprintf.o)
                              ./Core/Src/main.o (sprintf)
C:/ST/STM32CubeIDE_1.13.2/STM32CubeIDE/plugins/com.st.stm32cube.ide.mcu.externaltools.gnu-tools-for-stm32.11.3.rel1.win32_1.1.1.202309131626/tools/bin/../lib/gcc/arm-none-eabi/11.3.1/../../../../arm-none-eabi/lib/thumb/v7e-m+fp/hard\libc_nano.a(libc_a-stdio.o)
[...]
Memory Configuration

Name             Origin             Length             Attributes
RETRAM_interrupts 0x0000000000000000 0x0000000000000600 xrw
SRAM1_text       0x0000000010000000 0x0000000000020000 xrw
SRAM2_data       0x0000000010020000 0x0000000000020000 xrw
SRAM3_ipc_shm    0x0000000010040000 0x0000000000010000 xrw
SRAM4            0x0000000010050000 0x0000000000010000 xrw
*default*        0x0000000000000000 0xffffffffffffffff

Linker script and memory map

LOAD C:/ST/STM32CubeIDE_1.13.2/STM32CubeIDE/plugins/com.st.stm32cube.ide.mcu.externaltools.gnu-tools-for-stm32.11.3.rel1.win32_1.1.1.202309131626/tools/bin/../lib/gcc/arm-none-eabi/11.3.1/thumb/v7e-m+fp/hard/crti.o
LOAD C:/ST/STM32CubeIDE_1.13.2/STM32CubeIDE/plugins/com.st.stm32cube.ide.mcu.externaltools.gnu-tools-for-stm32.11.3.rel1.win32_1.1.1.202309131626/tools/bin/../lib/gcc/arm-none-eabi/11.3.1/thumb/v7e-m+fp/hard/crtbegin.o
LOAD C:/ST/STM32CubeIDE_1.13.2/STM32CubeIDE/plugins/com.st.stm32cube.ide.mcu.externaltools.gnu-tools-for-stm32.11.3.rel1.win32_1.1.1.202309131626/tools/bin/../lib/gcc/arm-none-eabi/11.3.1/../../../../arm-none-eabi/lib/thumb/v7e-m+fp/hard/crt0.o
LOAD ./Common/System/system_stm32mp1xx.o
LOAD ./Core/Src/main.o
LOAD ./Core/Src/stm32mp1xx_hal_msp.o
LOAD ./Core/Src/stm32mp1xx_it.o
LOAD ./Core/Src/syscalls.o
LOAD ./Core/Src/sysmem.o
LOAD ./Core/Startup/startup_stm32mp157facx.o
LOAD ./Drivers/STM32MP1xx_HAL_Driver/stm32mp1xx_hal.o
LOAD ./Drivers/STM32MP1xx_HAL_Driver/stm32mp1xx_hal_adc.o
LOAD ./Drivers/STM32MP1xx_HAL_Driver/stm32mp1xx_hal_adc_ex.o
LOAD ./Drivers/STM32MP1xx_HAL_Driver/stm32mp1xx_hal_cortex.o
LOAD ./Drivers/STM32MP1xx_HAL_Driver/stm32mp1xx_hal_dma.o
LOAD ./Drivers/STM32MP1xx_HAL_Driver/stm32mp1xx_hal_dma_ex.o
LOAD ./Drivers/STM32MP1xx_HAL_Driver/stm32mp1xx_hal_exti.o
LOAD ./Drivers/STM32MP1xx_HAL_Driver/stm32mp1xx_hal_gpio.o
LOAD ./Drivers/STM32MP1xx_HAL_Driver/stm32mp1xx_hal_hsem.o
LOAD ./Drivers/STM32MP1xx_HAL_Driver/stm32mp1xx_hal_ipcc.o
LOAD ./Drivers/STM32MP1xx_HAL_Driver/stm32mp1xx_hal_mdma.o
LOAD ./Drivers/STM32MP1xx_HAL_Driver/stm32mp1xx_hal_pwr.o
LOAD ./Drivers/STM32MP1xx_HAL_Driver/stm32mp1xx_hal_pwr_ex.o
LOAD ./Drivers/STM32MP1xx_HAL_Driver/stm32mp1xx_hal_rcc.o
LOAD ./Drivers/STM32MP1xx_HAL_Driver/stm32mp1xx_hal_rcc_ex.o
LOAD ./Drivers/STM32MP1xx_HAL_Driver/stm32mp1xx_hal_tim.o
LOAD ./Drivers/STM32MP1xx_HAL_Driver/stm32mp1xx_hal_tim_ex.o
LOAD ./Drivers/STM32MP1xx_HAL_Driver/stm32mp1xx_hal_uart.o
LOAD ./Drivers/STM32MP1xx_HAL_Driver/stm32mp1xx_hal_uart_ex.o
LOAD ./Drivers/STM32MP1xx_HAL_Driver/stm32mp1xx_ll_adc.o
LOAD ./Middlewares/Third_Party/OpenAMP/condition.o
LOAD ./Middlewares/Third_Party/OpenAMP/device.o
LOAD ./Middlewares/Third_Party/OpenAMP/generic_device.o
LOAD ./Middlewares/Third_Party/OpenAMP/generic_init.o
LOAD ./Middlewares/Third_Party/OpenAMP/generic_io.o
LOAD ./Middlewares/Third_Party/OpenAMP/generic_shmem.o
LOAD ./Middlewares/Third_Party/OpenAMP/init.o
LOAD ./Middlewares/Third_Party/OpenAMP/io.o
LOAD ./Middlewares/Third_Party/OpenAMP/log.o
LOAD ./Middlewares/Third_Party/OpenAMP/remoteproc_virtio.o
LOAD ./Middlewares/Third_Party/OpenAMP/rpmsg.o
LOAD ./Middlewares/Third_Party/OpenAMP/rpmsg_virtio.o
LOAD ./Middlewares/Third_Party/OpenAMP/shmem.o
LOAD ./Middlewares/Third_Party/OpenAMP/sys.o
LOAD ./Middlewares/Third_Party/OpenAMP/time.o
LOAD ./Middlewares/Third_Party/OpenAMP/virt_uart.o
LOAD ./Middlewares/Third_Party/OpenAMP/virtio.o
LOAD ./Middlewares/Third_Party/OpenAMP/virtqueue.o
LOAD ./OPENAMP/mbox_ipcc.o
LOAD ./OPENAMP/openamp.o
LOAD ./OPENAMP/openamp_log.o
LOAD ./OPENAMP/rsc_table.o
START GROUP
LOAD C:/ST/STM32CubeIDE_1.13.2/STM32CubeIDE/plugins/com.st.stm32cube.ide.mcu.externaltools.gnu-tools-for-stm32.11.3.rel1.win32_1.1.1.202309131626/tools/bin/../lib/gcc/arm-none-eabi/11.3.1/../../../../arm-none-eabi/lib/thumb/v7e-m+fp/hard\libc_nano.a
LOAD C:/ST/STM32CubeIDE_1.13.2/STM32CubeIDE/plugins/com.st.stm32cube.ide.mcu.externaltools.gnu-tools-for-stm32.11.3.rel1.win32_1.1.1.202309131626/tools/bin/../lib/gcc/arm-none-eabi/11.3.1/../../../../arm-none-eabi/lib/thumb/v7e-m+fp/hard\libm.a
END GROUP
START GROUP
LOAD C:/ST/STM32CubeIDE_1.13.2/STM32CubeIDE/plugins/com.st.stm32cube.ide.mcu.externaltools.gnu-tools-for-stm32.11.3.rel1.win32_1.1.1.202309131626/tools/bin/../lib/gcc/arm-none-eabi/11.3.1/thumb/v7e-m+fp/hard\libgcc.a
LOAD C:/ST/STM32CubeIDE_1.13.2/STM32CubeIDE/plugins/com.st.stm32cube.ide.mcu.externaltools.gnu-tools-for-stm32.11.3.rel1.win32_1.1.1.202309131626/tools/bin/../lib/gcc/arm-none-eabi/11.3.1/../../../../arm-none-eabi/lib/thumb/v7e-m+fp/hard\libc_nano.a
END GROUP
START GROUP
LOAD C:/ST/STM32CubeIDE_1.13.2/STM32CubeIDE/plugins/com.st.stm32cube.ide.mcu.externaltools.gnu-tools-for-stm32.11.3.rel1.win32_1.1.1.202309131626/tools/bin/../lib/gcc/arm-none-eabi/11.3.1/thumb/v7e-m+fp/hard\libgcc.a
LOAD C:/ST/STM32CubeIDE_1.13.2/STM32CubeIDE/plugins/com.st.stm32cube.ide.mcu.externaltools.gnu-tools-for-stm32.11.3.rel1.win32_1.1.1.202309131626/tools/bin/../lib/gcc/arm-none-eabi/11.3.1/../../../../arm-none-eabi/lib/thumb/v7e-m+fp/hard\libc_nano.a
LOAD C:/ST/STM32CubeIDE_1.13.2/STM32CubeIDE/plugins/com.st.stm32cube.ide.mcu.externaltools.gnu-tools-for-stm32.11.3.rel1.win32_1.1.1.202309131626/tools/bin/../lib/gcc/arm-none-eabi/11.3.1/../../../../arm-none-eabi/lib/thumb/v7e-m+fp/hard\libnosys.a
END GROUP
START GROUP
LOAD C:/ST/STM32CubeIDE_1.13.2/STM32CubeIDE/plugins/com.st.stm32cube.ide.mcu.externaltools.gnu-tools-for-stm32.11.3.rel1.win32_1.1.1.202309131626/tools/bin/../lib/gcc/arm-none-eabi/11.3.1/thumb/v7e-m+fp/hard\libgcc.a
LOAD C:/ST/STM32CubeIDE_1.13.2/STM32CubeIDE/plugins/com.st.stm32cube.ide.mcu.externaltools.gnu-tools-for-stm32.11.3.rel1.win32_1.1.1.202309131626/tools/bin/../lib/gcc/arm-none-eabi/11.3.1/../../../../arm-none-eabi/lib/thumb/v7e-m+fp/hard\libc_nano.a
LOAD C:/ST/STM32CubeIDE_1.13.2/STM32CubeIDE/plugins/com.st.stm32cube.ide.mcu.externaltools.gnu-tools-for-stm32.11.3.rel1.win32_1.1.1.202309131626/tools/bin/../lib/gcc/arm-none-eabi/11.3.1/../../../../arm-none-eabi/lib/thumb/v7e-m+fp/hard\libnosys.a
END GROUP
LOAD C:/ST/STM32CubeIDE_1.13.2/STM32CubeIDE/plugins/com.st.stm32cube.ide.mcu.externaltools.gnu-tools-for-stm32.11.3.rel1.win32_1.1.1.202309131626/tools/bin/../lib/gcc/arm-none-eabi/11.3.1/thumb/v7e-m+fp/hard/crtend.o
LOAD C:/ST/STM32CubeIDE_1.13.2/STM32CubeIDE/plugins/com.st.stm32cube.ide.mcu.externaltools.gnu-tools-for-stm32.11.3.rel1.win32_1.1.1.202309131626/tools/bin/../lib/gcc/arm-none-eabi/11.3.1/thumb/v7e-m+fp/hard/crtn.o
                0x0000000010040000                _estack = (ORIGIN (SRAM2_data) + LENGTH (SRAM2_data))
                0x0000000000000200                _Min_Heap_Size = 0x200
                0x0000000000000400                _Min_Stack_Size = 0x400
                0x0000000010040000                __OPENAMP_region_start__ = ORIGIN (SRAM3_ipc_shm)
                0x0000000010050000                __OPENAMP_region_end__ = (ORIGIN (SRAM3_ipc_shm) + LENGTH (SRAM3_ipc_shm))

.isr_vector     0x0000000000000000      0x298
                0x0000000000000000                . = ALIGN (0x4)
 *(.isr_vector)
 .isr_vector    0x0000000000000000      0x298 ./Core/Startup/startup_stm32mp157facx.o
                0x0000000000000000                g_pfnVectors
                0x0000000000000298                . = ALIGN (0x4)

.text           0x0000000010000000     0xe4c4
                0x0000000010000000                . = ALIGN (0x4)
 *(.text)
 .text          0x0000000010000000       0x40 C:/ST/STM32CubeIDE_1.13.2/STM32CubeIDE/plugins/com.st.stm32cube.ide.mcu.externaltools.gnu-tools-for-stm32.11.3.rel1.win32_1.1.1.202309131626/tools/bin/../lib/gcc/arm-none-eabi/11.3.1/thumb/v7e-m+fp/hard/crtbegin.o
 .text          0x0000000010000040       0x14 C:/ST/STM32CubeIDE_1.13.2/STM32CubeIDE/plugins/com.st.stm32cube.ide.mcu.externaltools.gnu-tools-for-stm32.11.3.rel1.win32_1.1.1.202309131626/tools/bin/../lib/gcc/arm-none-eabi/11.3.1/../../../../arm-none-eabi/lib/thumb/v7e-m+fp/hard\libc_nano.a(libc_a-strcmp.o)
                0x0000000010000040                strcmp
 .text          0x0000000010000054       0x10 C:/ST/STM32CubeIDE_1.13.2/STM32CubeIDE/plugins/com.st.stm32cube.ide.mcu.externaltools.gnu-tools-for-stm32.11.3.rel1.win32_1.1.1.202309131626/tools/bin/../lib/gcc/arm-none-eabi/11.3.1/../../../../arm-none-eabi/lib/thumb/v7e-m+fp/hard\libc_nano.a(libc_a-strlen.o)
                0x0000000010000054                strlen
 *fill*         0x0000000010000064        0xc 
 .text          0x0000000010000070       0xa0 C:/ST/STM32CubeIDE_1.13.2/STM32CubeIDE/plugins/com.st.stm32cube.ide.mcu.externaltools.gnu-tools-for-stm32.11.3.rel1.win32_1.1.1.202309131626/tools/bin/../lib/gcc/arm-none-eabi/11.3.1/../../../../arm-none-eabi/lib/thumb/v7e-m+fp/hard\libc_nano.a(libc_a-memchr.o)
                0x0000000010000070                memchr
 .text          0x0000000010000110      0x378 C:/ST/STM32CubeIDE_1.13.2/STM32CubeIDE/plugins/com.st.stm32cube.ide.mcu.externaltools.gnu-tools-for-stm32.11.3.rel1.win32_1.1.1.202309131626/tools/bin/../lib/gcc/arm-none-eabi/11.3.1/thumb/v7e-m+fp/hard\libgcc.a(_arm_addsubdf3.o)
                0x0000000010000110                __aeabi_drsub
                0x0000000010000118                __aeabi_dsub
                0x0000000010000118                __subdf3
                0x000000001000011c                __aeabi_dadd
                0x000000001000011c                __adddf3
                0x0000000010000394                __floatunsidf
                0x0000000010000394                __aeabi_ui2d
                0x00000000100003b4                __floatsidf
                0x00000000100003b4                __aeabi_i2d
                0x00000000100003d8                __aeabi_f2d
                0x00000000100003d8                __extendsfdf2
                0x000000001000041c                __floatundidf
                0x000000001000041c                __aeabi_ul2d
                0x000000001000042c                __floatdidf
                0x000000001000042c                __aeabi_l2d
 .text          0x0000000010000488      0x424 C:/ST/STM32CubeIDE_1.13.2/STM32CubeIDE/plugins/com.st.stm32cube.ide.mcu.externaltools.gnu-tools-for-stm32.11.3.rel1.win32_1.1.1.202309131626/tools/bin/../lib/gcc/arm-none-eabi/11.3.1/thumb/v7e-m+fp/hard\libgcc.a(_arm_muldivdf3.o)
                0x0000000010000488                __aeabi_dmul
                0x0000000010000488                __muldf3
                0x00000000100006dc                __divdf3
                0x00000000100006dc                __aeabi_ddiv
 .text          0x00000000100008ac       0x50 C:/ST/STM32CubeIDE_1.13.2/STM32CubeIDE/plugins/com.st.stm32cube.ide.mcu.externaltools.gnu-tools-for-stm32.11.3.rel1.win32_1.1.1.202309131626/tools/bin/../lib/gcc/arm-none-eabi/11.3.1/thumb/v7e-m+fp/hard\libgcc.a(_arm_fixdfsi.o)
                0x00000000100008ac                __aeabi_d2iz
                0x00000000100008ac                __fixdfsi
 .text          0x00000000100008fc       0xa0 C:/ST/STM32CubeIDE_1.13.2/STM32CubeIDE/plugins/com.st.stm32cube.ide.mcu.externaltools.gnu-tools-for-stm32.11.3.rel1.win32_1.1.1.202309131626/tools/bin/../lib/gcc/arm-none-eabi/11.3.1/thumb/v7e-m+fp/hard\libgcc.a(_arm_truncdfsf2.o)
                0x00000000100008fc                __truncdfsf2
                0x00000000100008fc                __aeabi_d2f
 *(.text*)
 .text.SystemInit
                0x000000001000099c       0x4c ./Common/System/system_stm32mp1xx.o
                0x000000001000099c                SystemInit
 .text.main     0x00000000100009e8      0x310 ./Core/Src/main.o
                0x00000000100009e8                main
 .text.SystemClock_Config
                0x0000000010000cf8      0x2ec ./Core/Src/main.o
                0x0000000010000cf8                SystemClock_Config
 .text.PeriphCommonClock_Config
                0x0000000010000fe4       0x5a ./Core/Src/main.o
                0x0000000010000fe4                PeriphCommonClock_Config
 *fill*         0x000000001000103e        0x2 
 .text.MX_ADC1_Init
                0x0000000010001040       0xe8 ./Core/Src/main.o
 .text.MX_ADC2_Init
                0x0000000010001128       0xc8 ./Core/Src/main.o
 .text.MX_IPCC_Init
                0x00000000100011f0       0x28 ./Core/Src/main.o
 .text.MX_UART4_Init
                0x0000000010001218       0x98 ./Core/Src/main.o
 .text.MX_DMA_Init
                0x00000000100012b0       0x2c ./Core/Src/main.o
 .text.MX_GPIO_Init
                0x00000000100012dc       0x4a ./Core/Src/main.o
 .text.HAL_ADC_ConvHalfCpltCallback
                0x0000000010001326       0x14 ./Core/Src/main.o
                0x0000000010001326                HAL_ADC_ConvHalfCpltCallback
 .text.HAL_ADC_ConvCpltCallback
                0x000000001000133a       0x14 ./Core/Src/main.o
                0x000000001000133a                HAL_ADC_ConvCpltCallback
 .text.Error_Handler
                0x000000001000134e        0xa ./Core/Src/main.o
                0x000000001000134e                Error_Handler
 .text.HAL_MspInit
                0x0000000010001358       0x6c ./Core/Src/stm32mp1xx_hal_msp.o
                0x0000000010001358                HAL_MspInit
 .text.HAL_ADC_MspInit
                0x00000000100013c4      0x228 ./Core/Src/stm32mp1xx_hal_msp.o
                0x00000000100013c4                HAL_ADC_MspInit
 .text.HAL_IPCC_MspInit
                0x00000000100015ec       0x4c ./Core/Src/stm32mp1xx_hal_msp.o
                0x00000000100015ec                HAL_IPCC_MspInit
 .text.HAL_UART_MspInit
                0x0000000010001638      0x108 ./Core/Src/stm32mp1xx_hal_msp.o
                0x0000000010001638                HAL_UART_MspInit
 .text.NMI_Handler
                0x0000000010001740        0x6 ./Core/Src/stm32mp1xx_it.o
                0x0000000010001740                NMI_Handler
 .text.HardFault_Handler
                0x0000000010001746        0x6 ./Core/Src/stm32mp1xx_it.o
                0x0000000010001746                HardFault_Handler
 .text.MemManage_Handler
                0x000000001000174c        0x6 ./Core/Src/stm32mp1xx_it.o
                0x000000001000174c                MemManage_Handler
 .text.BusFault_Handler
                0x0000000010001752        0x6 ./Core/Src/stm32mp1xx_it.o
                0x0000000010001752                BusFault_Handler
 .text.UsageFault_Handler
                0x0000000010001758        0x6 ./Core/Src/stm32mp1xx_it.o
                0x0000000010001758                UsageFault_Handler
 .text.SVC_Handler
                0x000000001000175e        0xe ./Core/Src/stm32mp1xx_it.o
                0x000000001000175e                SVC_Handler
 .text.DebugMon_Handler
                0x000000001000176c        0xe ./Core/Src/stm32mp1xx_it.o
                0x000000001000176c                DebugMon_Handler
 .text.PendSV_Handler
                0x000000001000177a        0xe ./Core/Src/stm32mp1xx_it.o
                0x000000001000177a                PendSV_Handler
 .text.SysTick_Handler
                0x0000000010001788        0xc ./Core/Src/stm32mp1xx_it.o
                0x0000000010001788                SysTick_Handler
 .text.DMA2_Stream0_IRQHandler
                0x0000000010001794       0x14 ./Core/Src/stm32mp1xx_it.o
                0x0000000010001794                DMA2_Stream0_IRQHandler
 .text.IPCC_RX1_IRQHandler
                0x00000000100017a8       0x14 ./Core/Src/stm32mp1xx_it.o
                0x00000000100017a8                IPCC_RX1_IRQHandler
 .text.IPCC_TX1_IRQHandler
                0x00000000100017bc       0x14 ./Core/Src/stm32mp1xx_it.o
                0x00000000100017bc                IPCC_TX1_IRQHandler
 .text.RCC_WAKEUP_IRQHandler
                0x00000000100017d0        0xc ./Core/Src/stm32mp1xx_it.o
                0x00000000100017d0                RCC_WAKEUP_IRQHandler
 .text._getpid  0x00000000100017dc       0x10 ./Core/Src/syscalls.o
                0x00000000100017dc                _getpid
 .text._kill    0x00000000100017ec       0x20 ./Core/Src/syscalls.o
                0x00000000100017ec                _kill
 .text._exit    0x000000001000180c       0x14 ./Core/Src/syscalls.o
                0x000000001000180c                _exit
 .text._read    0x0000000010001820       0x3a ./Core/Src/syscalls.o
                0x0000000010001820                _read
 .text._write   0x000000001000185a       0x38 ./Core/Src/syscalls.o
                0x000000001000185a                _write
 .text._close   0x0000000010001892       0x18 ./Core/Src/syscalls.o
                0x0000000010001892                _close
 .text._fstat   0x00000000100018aa       0x20 ./Core/Src/syscalls.o
                0x00000000100018aa                _fstat
 .text._isatty  0x00000000100018ca       0x16 ./Core/Src/syscalls.o
                0x00000000100018ca                _isatty
 .text._lseek   0x00000000100018e0       0x1a ./Core/Src/syscalls.o
                0x00000000100018e0                _lseek
 *fill*         0x00000000100018fa        0x2 
 .text._sbrk    0x00000000100018fc       0x6c ./Core/Src/sysmem.o
                0x00000000100018fc                _sbrk
 .text.Default_Handler
                0x0000000010001968        0x2 ./Core/Startup/startup_stm32mp157facx.o
                0x0000000010001968                EXTI2_IRQHandler
                0x0000000010001968                TIM8_TRG_COM_IRQHandler
                0x0000000010001968                TIM8_CC_IRQHandler
                0x0000000010001968                EXTI5_IRQHandler
                0x0000000010001968                UART8_IRQHandler
                0x0000000010001968                SPI4_IRQHandler
                0x0000000010001968                EXTI13_IRQHandler
                0x0000000010001968                TIM1_CC_IRQHandler
                0x0000000010001968                DMA2_Stream5_IRQHandler
                0x0000000010001968                ETH1_WKUP_IRQHandler
                0x0000000010001968                TAMP_IRQHandler
                0x0000000010001968                DMA1_Stream5_IRQHandler
                0x0000000010001968                TIM6_IRQHandler
                0x0000000010001968                EXTI12_IRQHandler
                0x0000000010001968                EXTI3_IRQHandler
                0x0000000010001968                LPTIM4_IRQHandler
                0x0000000010001968                EXTI8_IRQHandler
                0x0000000010001968                LPTIM2_IRQHandler
                0x0000000010001968                DFSDM1_FLT1_IRQHandler
                0x0000000010001968                I2C3_ER_IRQHandler
                0x0000000010001968                DFSDM1_FLT2_IRQHandler
                0x0000000010001968                I2C5_EV_IRQHandler
                0x0000000010001968                MDMA_IRQHandler
                0x0000000010001968                LPTIM3_IRQHandler
                0x0000000010001968                EXTI0_IRQHandler
                0x0000000010001968                I2C2_EV_IRQHandler
                0x0000000010001968                DMA1_Stream2_IRQHandler
                0x0000000010001968                FPU_IRQHandler
                0x0000000010001968                USBH_OHCI_IRQHandler
                0x0000000010001968                FDCAN1_IT1_IRQHandler
                0x0000000010001968                LTDC_ER_IRQHandler
                0x0000000010001968                DMA2_Stream2_IRQHandler
                0x0000000010001968                IPCC_RX0_IRQHandler
                0x0000000010001968                OTG_IRQHandler
                0x0000000010001968                SPI1_IRQHandler
                0x0000000010001968                DCMI_IRQHandler
                0x0000000010001968                TIM8_UP_IRQHandler
                0x0000000010001968                DMA2_Stream3_IRQHandler
                0x0000000010001968                USBH_EHCI_IRQHandler
                0x0000000010001968                nCTIIRQ2_IRQHandler
                0x0000000010001968                HASH1_IRQHandler
                0x0000000010001968                GPU_IRQHandler
                0x0000000010001968                SAI2_IRQHandler
                0x0000000010001968                ADC1_IRQHandler
                0x0000000010001968                RESERVED148_IRQHandler
                0x0000000010001968                RTC_TIMESTAMP_IRQHandler
                0x0000000010001968                DFSDM1_FLT3_IRQHandler
                0x0000000010001968                USART6_IRQHandler
                0x0000000010001968                EXTI15_IRQHandler
                0x0000000010001968                TIM17_IRQHandler
                0x0000000010001968                USART3_IRQHandler
                0x0000000010001968                EXTI9_IRQHandler
                0x0000000010001968                LPTIM5_IRQHandler
                0x0000000010001968                UART5_IRQHandler
                0x0000000010001968                TIM4_IRQHandler
                0x0000000010001968                CRYP2_IRQHandler
                0x0000000010001968                QUADSPI_IRQHandler
                0x0000000010001968                I2C1_EV_IRQHandler
                0x0000000010001968                DMA1_Stream6_IRQHandler
                0x0000000010001968                RESERVED99_IRQHandler
                0x0000000010001968                DMAMUX1_OVR_IRQHandler
                0x0000000010001968                DMA1_Stream1_IRQHandler
                0x0000000010001968                TIM16_IRQHandler
                0x0000000010001968                UART4_IRQHandler
                0x0000000010001968                TIM3_IRQHandler
                0x0000000010001968                RCC_IRQHandler
                0x0000000010001968                TIM1_TRG_COM_IRQHandler
                0x0000000010001968                nCTIIRQ1_IRQHandler
                0x0000000010001968                Default_Handler
                0x0000000010001968                CEC_IRQHandler
                0x0000000010001968                DFSDM1_FLT4_IRQHandler
                0x0000000010001968                TIM14_IRQHandler
                0x0000000010001968                I2C5_ER_IRQHandler
                0x0000000010001968                TIM13_IRQHandler
                0x0000000010001968                DMA1_Stream7_IRQHandler
                0x0000000010001968                IPCC_TX0_IRQHandler
                0x0000000010001968                SPI5_IRQHandler
                0x0000000010001968                TIM12_IRQHandler
                0x0000000010001968                TIM7_IRQHandler
                0x0000000010001968                SDMMC1_IRQHandler
                0x0000000010001968                TIM5_IRQHandler
                0x0000000010001968                DMA2_Stream7_IRQHandler
                0x0000000010001968                TIM15_IRQHandler
                0x0000000010001968                PVD_AVD_IRQHandler
                0x0000000010001968                I2C3_EV_IRQHandler
                0x0000000010001968                SDMMC3_IRQHandler
                0x0000000010001968                ETH1_IRQHandler
                0x0000000010001968                LTDC_IRQHandler
                0x0000000010001968                SAI3_IRQHandler
                0x0000000010001968                SPDIF_RX_IRQHandler
                0x0000000010001968                ADC2_IRQHandler
                0x0000000010001968                SPI2_IRQHandler
                0x0000000010001968                DFSDM1_FLT5_IRQHandler
                0x0000000010001968                DMA1_Stream0_IRQHandler
                0x0000000010001968                EXTI14_IRQHandler
                0x0000000010001968                EXTI11_IRQHandler
                0x0000000010001968                CRYP1_IRQHandler
                0x0000000010001968                RNG2_IRQHandler
                0x0000000010001968                RNG1_IRQHandler
                0x0000000010001968                HASH2_IRQHandler
                0x0000000010001968                EXTI4_IRQHandler
                0x0000000010001968                ETH1_LPI_IRQHandler
                0x0000000010001968                FDCAN2_IT1_IRQHandler
                0x0000000010001968                DSI_IRQHandler
                0x0000000010001968                TIM1_UP_IRQHandler
                0x0000000010001968                HSEM_IT2_IRQHandler
                0x0000000010001968                SPI6_IRQHandler
                0x0000000010001968                MDIOS_IRQHandler
                0x0000000010001968                I2C4_EV_IRQHandler
                0x0000000010001968                FDCAN2_IT0_IRQHandler
                0x0000000010001968                I2C6_ER_IRQHandler
                0x0000000010001968                FDCAN1_IT0_IRQHandler
                0x0000000010001968                TIM2_IRQHandler
                0x0000000010001968                EXTI7_IRQHandler
                0x0000000010001968                TIM1_BRK_IRQHandler
                0x0000000010001968                DAC_IRQHandler
                0x0000000010001968                EXTI1_IRQHandler
                0x0000000010001968                SDMMC2_IRQHandler
                0x0000000010001968                DTS_IRQHandler
                0x0000000010001968                UART7_IRQHandler
                0x0000000010001968                USART2_IRQHandler
                0x0000000010001968                I2C6_EV_IRQHandler
                0x0000000010001968                DFSDM1_FLT0_IRQHandler
                0x0000000010001968                SAI4_IRQHandler
                0x0000000010001968                I2C2_ER_IRQHandler
                0x0000000010001968                DMA2_Stream1_IRQHandler
                0x0000000010001968                TIM8_BRK_IRQHandler
                0x0000000010001968                WWDG1_IRQHandler
                0x0000000010001968                DMA2_Stream4_IRQHandler
                0x0000000010001968                USART1_IRQHandler
                0x0000000010001968                RESERVED143_IRQHandler
                0x0000000010001968                EXTI10_IRQHandler
                0x0000000010001968                SPI3_IRQHandler
                0x0000000010001968                WAKEUP_PIN_IRQHandler
                0x0000000010001968                DMA1_Stream4_IRQHandler
                0x0000000010001968                I2C1_ER_IRQHandler
                0x0000000010001968                FMC_IRQHandler
                0x0000000010001968                FDCAN_CAL_IRQHandler
                0x0000000010001968                EXTI6_IRQHandler
                0x0000000010001968                MPU_SEV_IRQHandler
                0x0000000010001968                LPTIM1_IRQHandler
                0x0000000010001968                RTC_WKUP_ALARM_IRQHandler
                0x0000000010001968                I2C4_ER_IRQHandler
                0x0000000010001968                DMA2_Stream6_IRQHandler
                0x0000000010001968                SAI1_IRQHandler
                0x0000000010001968                DMA1_Stream3_IRQHandler
                0x0000000010001968                RESERVED4_IRQHandler
 *fill*         0x000000001000196a        0x2 
 .text.HAL_Init
                0x000000001000196c       0x34 ./Drivers/STM32MP1xx_HAL_Driver/stm32mp1xx_hal.o
                0x000000001000196c                HAL_Init
 .text.HAL_InitTick
                0x00000000100019a0       0x6c ./Drivers/STM32MP1xx_HAL_Driver/stm32mp1xx_hal.o
                0x00000000100019a0                HAL_InitTick
 .text.HAL_IncTick
                0x0000000010001a0c       0x28 ./Drivers/STM32MP1xx_HAL_Driver/stm32mp1xx_hal.o
                0x0000000010001a0c                HAL_IncTick
 .text.HAL_GetTick
                0x0000000010001a34       0x18 ./Drivers/STM32MP1xx_HAL_Driver/stm32mp1xx_hal.o
                0x0000000010001a34                HAL_GetTick
 .text.HAL_Delay
                0x0000000010001a4c       0x48 ./Drivers/STM32MP1xx_HAL_Driver/stm32mp1xx_hal.o
                0x0000000010001a4c                HAL_Delay
 .text.HAL_SYSCFG_AnalogSwitchConfig
                0x0000000010001a94       0x28 ./Drivers/STM32MP1xx_HAL_Driver/stm32mp1xx_hal.o
                0x0000000010001a94                HAL_SYSCFG_AnalogSwitchConfig
 .text.LL_ADC_SetCommonClock
                0x0000000010001abc       0x26 ./Drivers/STM32MP1xx_HAL_Driver/stm32mp1xx_hal_adc.o
 *fill*         0x0000000010001ae2        0x2 
 .text.LL_ADC_SetCommonPathInternalCh
                0x0000000010001ae4       0x44 ./Drivers/STM32MP1xx_HAL_Driver/stm32mp1xx_hal_adc.o
 .text.LL_ADC_GetCommonPathInternalCh
                0x0000000010001b28       0x1c ./Drivers/STM32MP1xx_HAL_Driver/stm32mp1xx_hal_adc.o
 .text.LL_ADC_SetOffset
                0x0000000010001b44       0x40 ./Drivers/STM32MP1xx_HAL_Driver/stm32mp1xx_hal_adc.o
 .text.LL_ADC_SetDataRightShift
                0x0000000010001b84       0x32 ./Drivers/STM32MP1xx_HAL_Driver/stm32mp1xx_hal_adc.o
 .text.LL_ADC_SetOffsetSignedSaturation
                0x0000000010001bb6       0x36 ./Drivers/STM32MP1xx_HAL_Driver/stm32mp1xx_hal_adc.o
 .text.LL_ADC_REG_IsTriggerSourceSWStart
                0x0000000010001bec       0x26 ./Drivers/STM32MP1xx_HAL_Driver/stm32mp1xx_hal_adc.o
 .text.LL_ADC_REG_SetSequencerRanks
                0x0000000010001c12       0x58 ./Drivers/STM32MP1xx_HAL_Driver/stm32mp1xx_hal_adc.o
 .text.LL_ADC_REG_SetDataTransferMode
                0x0000000010001c6a       0x26 ./Drivers/STM32MP1xx_HAL_Driver/stm32mp1xx_hal_adc.o
 .text.LL_ADC_SetChannelSamplingTime
                0x0000000010001c90       0x56 ./Drivers/STM32MP1xx_HAL_Driver/stm32mp1xx_hal_adc.o
 *fill*         0x0000000010001ce6        0x2 
 .text.LL_ADC_SetChannelSingleDiff
                0x0000000010001ce8       0x48 ./Drivers/STM32MP1xx_HAL_Driver/stm32mp1xx_hal_adc.o
 .text.LL_ADC_GetMultimode
                0x0000000010001d30       0x1c ./Drivers/STM32MP1xx_HAL_Driver/stm32mp1xx_hal_adc.o
 .text.LL_ADC_DisableDeepPowerDown
                0x0000000010001d4c       0x24 ./Drivers/STM32MP1xx_HAL_Driver/stm32mp1xx_hal_adc.o
 .text.LL_ADC_IsDeepPowerDownEnabled
                0x0000000010001d70       0x28 ./Drivers/STM32MP1xx_HAL_Driver/stm32mp1xx_hal_adc.o
 .text.LL_ADC_EnableInternalRegulator
                0x0000000010001d98       0x28 ./Drivers/STM32MP1xx_HAL_Driver/stm32mp1xx_hal_adc.o
 .text.LL_ADC_IsInternalRegulatorEnabled
                0x0000000010001dc0       0x28 ./Drivers/STM32MP1xx_HAL_Driver/stm32mp1xx_hal_adc.o
 .text.LL_ADC_Enable
                0x0000000010001de8       0x28 ./Drivers/STM32MP1xx_HAL_Driver/stm32mp1xx_hal_adc.o
 .text.LL_ADC_IsEnabled
                0x0000000010001e10       0x26 ./Drivers/STM32MP1xx_HAL_Driver/stm32mp1xx_hal_adc.o
 .text.LL_ADC_REG_StartConversion
                0x0000000010001e36       0x28 ./Drivers/STM32MP1xx_HAL_Driver/stm32mp1xx_hal_adc.o
 .text.LL_ADC_REG_IsConversionOngoing
                0x0000000010001e5e       0x26 ./Drivers/STM32MP1xx_HAL_Driver/stm32mp1xx_hal_adc.o
 .text.LL_ADC_INJ_IsConversionOngoing
                0x0000000010001e84       0x26 ./Drivers/STM32MP1xx_HAL_Driver/stm32mp1xx_hal_adc.o
 *fill*         0x0000000010001eaa        0x2 
 .text.HAL_ADC_Init
                0x0000000010001eac      0x2b4 ./Drivers/STM32MP1xx_HAL_Driver/stm32mp1xx_hal_adc.o
                0x0000000010001eac                HAL_ADC_Init
 .text.HAL_ADC_Start_DMA
                0x0000000010002160      0x168 ./Drivers/STM32MP1xx_HAL_Driver/stm32mp1xx_hal_adc.o
                0x0000000010002160                HAL_ADC_Start_DMA
 .text.HAL_ADC_ErrorCallback
                0x00000000100022c8       0x14 ./Drivers/STM32MP1xx_HAL_Driver/stm32mp1xx_hal_adc.o
                0x00000000100022c8                HAL_ADC_ErrorCallback
 .text.HAL_ADC_ConfigChannel
                0x00000000100022dc      0x600 ./Drivers/STM32MP1xx_HAL_Driver/stm32mp1xx_hal_adc.o
                0x00000000100022dc                HAL_ADC_ConfigChannel
 .text.ADC_Enable
                0x00000000100028dc       0xf8 ./Drivers/STM32MP1xx_HAL_Driver/stm32mp1xx_hal_adc.o
                0x00000000100028dc                ADC_Enable
 .text.ADC_DMAConvCplt
                0x00000000100029d4       0xd8 ./Drivers/STM32MP1xx_HAL_Driver/stm32mp1xx_hal_adc.o
                0x00000000100029d4                ADC_DMAConvCplt
 .text.ADC_DMAHalfConvCplt
                0x0000000010002aac       0x1c ./Drivers/STM32MP1xx_HAL_Driver/stm32mp1xx_hal_adc.o
                0x0000000010002aac                ADC_DMAHalfConvCplt
 .text.ADC_DMAError
                0x0000000010002ac8       0x34 ./Drivers/STM32MP1xx_HAL_Driver/stm32mp1xx_hal_adc.o
                0x0000000010002ac8                ADC_DMAError
 .text.ADC_ConfigureBoostMode
                0x0000000010002afc      0x16c ./Drivers/STM32MP1xx_HAL_Driver/stm32mp1xx_hal_adc.o
                0x0000000010002afc                ADC_ConfigureBoostMode
 .text.LL_ADC_IsEnabled
                0x0000000010002c68       0x26 ./Drivers/STM32MP1xx_HAL_Driver/stm32mp1xx_hal_adc_ex.o
 .text.LL_ADC_REG_IsConversionOngoing
                0x0000000010002c8e       0x26 ./Drivers/STM32MP1xx_HAL_Driver/stm32mp1xx_hal_adc_ex.o
 .text.HAL_ADCEx_MultiModeConfigChannel
                0x0000000010002cb4      0x14c ./Drivers/STM32MP1xx_HAL_Driver/stm32mp1xx_hal_adc_ex.o
                0x0000000010002cb4                HAL_ADCEx_MultiModeConfigChannel
 .text.__NVIC_SetPriorityGrouping
                0x0000000010002e00       0x48 ./Drivers/STM32MP1xx_HAL_Driver/stm32mp1xx_hal_cortex.o
 .text.__NVIC_GetPriorityGrouping
                0x0000000010002e48       0x1c ./Drivers/STM32MP1xx_HAL_Driver/stm32mp1xx_hal_cortex.o
 .text.__NVIC_EnableIRQ
                0x0000000010002e64       0x3c ./Drivers/STM32MP1xx_HAL_Driver/stm32mp1xx_hal_cortex.o
 .text.__NVIC_SetPriority
                0x0000000010002ea0       0x54 ./Drivers/STM32MP1xx_HAL_Driver/stm32mp1xx_hal_cortex.o
 .text.NVIC_EncodePriority
                0x0000000010002ef4       0x66 ./Drivers/STM32MP1xx_HAL_Driver/stm32mp1xx_hal_cortex.o
 *fill*         0x0000000010002f5a        0x2 
 .text.SysTick_Config
                0x0000000010002f5c       0x44 ./Drivers/STM32MP1xx_HAL_Driver/stm32mp1xx_hal_cortex.o
 .text.HAL_NVIC_SetPriorityGrouping
                0x0000000010002fa0       0x16 ./Drivers/STM32MP1xx_HAL_Driver/stm32mp1xx_hal_cortex.o
                0x0000000010002fa0                HAL_NVIC_SetPriorityGrouping
 .text.HAL_NVIC_SetPriority
                0x0000000010002fb6       0x38 ./Drivers/STM32MP1xx_HAL_Driver/stm32mp1xx_hal_cortex.o
                0x0000000010002fb6                HAL_NVIC_SetPriority
 .text.HAL_NVIC_EnableIRQ
                0x0000000010002fee       0x1c ./Drivers/STM32MP1xx_HAL_Driver/stm32mp1xx_hal_cortex.o
                0x0000000010002fee                HAL_NVIC_EnableIRQ
 .text.HAL_SYSTICK_Config
                0x000000001000300a       0x18 ./Drivers/STM32MP1xx_HAL_Driver/stm32mp1xx_hal_cortex.o
                0x000000001000300a                HAL_SYSTICK_Config
 *fill*         0x0000000010003022        0x2 
 .text.HAL_DMA_Init
                0x0000000010003024      0x1fc ./Drivers/STM32MP1xx_HAL_Driver/stm32mp1xx_hal_dma.o
                0x0000000010003024                HAL_DMA_Init
 .text.HAL_DMA_Start_IT
                0x0000000010003220       0xfa ./Drivers/STM32MP1xx_HAL_Driver/stm32mp1xx_hal_dma.o
                0x0000000010003220                HAL_DMA_Start_IT
 *fill*         0x000000001000331a        0x2 
 .text.HAL_DMA_IRQHandler
                0x000000001000331c      0x388 ./Drivers/STM32MP1xx_HAL_Driver/stm32mp1xx_hal_dma.o
                0x000000001000331c                HAL_DMA_IRQHandler
 .text.DMA_SetConfig
                0x00000000100036a4       0x8e ./Drivers/STM32MP1xx_HAL_Driver/stm32mp1xx_hal_dma.o
 *fill*         0x0000000010003732        0x2 
 .text.DMA_CalcBaseAndBitshift
                0x0000000010003734       0x6c ./Drivers/STM32MP1xx_HAL_Driver/stm32mp1xx_hal_dma.o
 .text.DMA_CheckFifoParam
                0x00000000100037a0       0xf8 ./Drivers/STM32MP1xx_HAL_Driver/stm32mp1xx_hal_dma.o
 .text.DMA_CalcDMAMUXChannelBaseAndMask
                0x0000000010003898       0x78 ./Drivers/STM32MP1xx_HAL_Driver/stm32mp1xx_hal_dma.o
 .text.DMA_CalcDMAMUXRequestGenBaseAndMask
                0x0000000010003910       0x50 ./Drivers/STM32MP1xx_HAL_Driver/stm32mp1xx_hal_dma.o
 .text.HAL_GPIO_Init
                0x0000000010003960      0x354 ./Drivers/STM32MP1xx_HAL_Driver/stm32mp1xx_hal_gpio.o
                0x0000000010003960                HAL_GPIO_Init
 .text.HAL_GPIO_ReadPin
                0x0000000010003cb4       0x30 ./Drivers/STM32MP1xx_HAL_Driver/stm32mp1xx_hal_gpio.o
                0x0000000010003cb4                HAL_GPIO_ReadPin
 .text.HAL_IPCC_Init
                0x0000000010003ce4       0x64 ./Drivers/STM32MP1xx_HAL_Driver/stm32mp1xx_hal_ipcc.o
                0x0000000010003ce4                HAL_IPCC_Init
 .text.HAL_IPCC_ActivateNotification
                0x0000000010003d48       0x9c ./Drivers/STM32MP1xx_HAL_Driver/stm32mp1xx_hal_ipcc.o
                0x0000000010003d48                HAL_IPCC_ActivateNotification
 .text.HAL_IPCC_GetChannelStatus
                0x0000000010003de4       0x68 ./Drivers/STM32MP1xx_HAL_Driver/stm32mp1xx_hal_ipcc.o
                0x0000000010003de4                HAL_IPCC_GetChannelStatus
 .text.HAL_IPCC_NotifyCPU
                0x0000000010003e4c       0x8c ./Drivers/STM32MP1xx_HAL_Driver/stm32mp1xx_hal_ipcc.o
                0x0000000010003e4c                HAL_IPCC_NotifyCPU
 .text.HAL_IPCC_TX_IRQHandler
                0x0000000010003ed8       0x9c ./Drivers/STM32MP1xx_HAL_Driver/stm32mp1xx_hal_ipcc.o
                0x0000000010003ed8                HAL_IPCC_TX_IRQHandler
 .text.HAL_IPCC_RX_IRQHandler
                0x0000000010003f74       0x98 ./Drivers/STM32MP1xx_HAL_Driver/stm32mp1xx_hal_ipcc.o
                0x0000000010003f74                HAL_IPCC_RX_IRQHandler
 .text.HAL_IPCC_RxCallback
                0x000000001000400c       0x1a ./Drivers/STM32MP1xx_HAL_Driver/stm32mp1xx_hal_ipcc.o
                0x000000001000400c                HAL_IPCC_RxCallback
 .text.HAL_IPCC_TxCallback
                0x0000000010004026       0x1a ./Drivers/STM32MP1xx_HAL_Driver/stm32mp1xx_hal_ipcc.o
                0x0000000010004026                HAL_IPCC_TxCallback
 .text.IPCC_UnmaskInterrupt
                0x0000000010004040       0x5c ./Drivers/STM32MP1xx_HAL_Driver/stm32mp1xx_hal_ipcc.o
                0x0000000010004040                IPCC_UnmaskInterrupt
 .text.IPCC_SetDefaultCallbacks
                0x000000001000409c       0x4c ./Drivers/STM32MP1xx_HAL_Driver/stm32mp1xx_hal_ipcc.o
                0x000000001000409c                IPCC_SetDefaultCallbacks
 .text.IPCC_Reset_Register
                0x00000000100040e8       0x28 ./Drivers/STM32MP1xx_HAL_Driver/stm32mp1xx_hal_ipcc.o
                0x00000000100040e8                IPCC_Reset_Register
 .text.HAL_PWR_EnableBkUpAccess
                0x0000000010004110       0x20 ./Drivers/STM32MP1xx_HAL_Driver/stm32mp1xx_hal_pwr.o
                0x0000000010004110                HAL_PWR_EnableBkUpAccess
 .text.HAL_RCC_OscConfig
                0x0000000010004130      0x664 ./Drivers/STM32MP1xx_HAL_Driver/stm32mp1xx_hal_rcc.o
                0x0000000010004130                HAL_RCC_OscConfig
 .text.HAL_RCC_HSEConfig
                0x0000000010004794       0xd6 ./Drivers/STM32MP1xx_HAL_Driver/stm32mp1xx_hal_rcc.o
                0x0000000010004794                HAL_RCC_HSEConfig
 .text.HAL_RCC_LSEConfig
                0x000000001000486a       0xfa ./Drivers/STM32MP1xx_HAL_Driver/stm32mp1xx_hal_rcc.o
                0x000000001000486a                HAL_RCC_LSEConfig
 .text.RCC_PLL1_Config
                0x0000000010004964      0x308 ./Drivers/STM32MP1xx_HAL_Driver/stm32mp1xx_hal_rcc.o
                0x0000000010004964                RCC_PLL1_Config
 .text.HAL_RCC_ClockConfig
                0x0000000010004c6c      0x224 ./Drivers/STM32MP1xx_HAL_Driver/stm32mp1xx_hal_rcc.o
                0x0000000010004c6c                HAL_RCC_ClockConfig
 .text.RCC_MPUConfig
                0x0000000010004e90       0xec ./Drivers/STM32MP1xx_HAL_Driver/stm32mp1xx_hal_rcc.o
                0x0000000010004e90                RCC_MPUConfig
 .text.RCC_AXISSConfig
                0x0000000010004f7c      0x12e ./Drivers/STM32MP1xx_HAL_Driver/stm32mp1xx_hal_rcc.o
                0x0000000010004f7c                RCC_AXISSConfig
 *fill*         0x00000000100050aa        0x2 
 .text.RCC_MCUConfig
                0x00000000100050ac      0x150 ./Drivers/STM32MP1xx_HAL_Driver/stm32mp1xx_hal_rcc.o
                0x00000000100050ac                RCC_MCUConfig
 .text.HAL_RCC_GetPLL2ClockFreq
                0x00000000100051fc      0x1d8 ./Drivers/STM32MP1xx_HAL_Driver/stm32mp1xx_hal_rcc.o
                0x00000000100051fc                HAL_RCC_GetPLL2ClockFreq
 .text.HAL_RCC_GetPLL3ClockFreq
                0x00000000100053d4      0x1f4 ./Drivers/STM32MP1xx_HAL_Driver/stm32mp1xx_hal_rcc.o
                0x00000000100053d4                HAL_RCC_GetPLL3ClockFreq
 .text.HAL_RCC_GetPLL4ClockFreq
                0x00000000100055c8      0x210 ./Drivers/STM32MP1xx_HAL_Driver/stm32mp1xx_hal_rcc.o
                0x00000000100055c8                HAL_RCC_GetPLL4ClockFreq
 .text.HAL_RCC_GetPCLK1Freq
                0x00000000100057d8       0x36 ./Drivers/STM32MP1xx_HAL_Driver/stm32mp1xx_hal_rcc.o
                0x00000000100057d8                HAL_RCC_GetPCLK1Freq
 .text.HAL_RCC_GetPCLK2Freq
                0x000000001000580e       0x36 ./Drivers/STM32MP1xx_HAL_Driver/stm32mp1xx_hal_rcc.o
                0x000000001000580e                HAL_RCC_GetPCLK2Freq
 .text.HAL_RCC_GetPCLK3Freq
                0x0000000010005844       0x36 ./Drivers/STM32MP1xx_HAL_Driver/stm32mp1xx_hal_rcc.o
                0x0000000010005844                HAL_RCC_GetPCLK3Freq
 .text.HAL_RCC_GetPCLK5Freq
                0x000000001000587a       0x34 ./Drivers/STM32MP1xx_HAL_Driver/stm32mp1xx_hal_rcc.o
                0x000000001000587a                HAL_RCC_GetPCLK5Freq
 .text.HAL_RCC_GetACLKFreq
                0x00000000100058ae       0x3a ./Drivers/STM32MP1xx_HAL_Driver/stm32mp1xx_hal_rcc.o
                0x00000000100058ae                HAL_RCC_GetACLKFreq
 .text.HAL_RCC_GetHCLK6Freq
                0x00000000100058e8        0xe ./Drivers/STM32MP1xx_HAL_Driver/stm32mp1xx_hal_rcc.o
                0x00000000100058e8                HAL_RCC_GetHCLK6Freq
 .text.HAL_RCC_GetHCLK2Freq
                0x00000000100058f6        0xe ./Drivers/STM32MP1xx_HAL_Driver/stm32mp1xx_hal_rcc.o
                0x00000000100058f6                HAL_RCC_GetHCLK2Freq
 .text.HAL_RCC_GetMLHCLKFreq
                0x0000000010005904        0xe ./Drivers/STM32MP1xx_HAL_Driver/stm32mp1xx_hal_rcc.o
                0x0000000010005904                HAL_RCC_GetMLHCLKFreq
 .text.HAL_RCC_GetMCUFreq
                0x0000000010005912       0x36 ./Drivers/STM32MP1xx_HAL_Driver/stm32mp1xx_hal_rcc.o
                0x0000000010005912                HAL_RCC_GetMCUFreq
 .text.RCC_GetCKPERFreq
                0x0000000010005948       0x60 ./Drivers/STM32MP1xx_HAL_Driver/stm32mp1xx_hal_rcc.o
                0x0000000010005948                RCC_GetCKPERFreq
 .text.HAL_RCC_GetSystemCoreClockFreq
                0x00000000100059a8        0xe ./Drivers/STM32MP1xx_HAL_Driver/stm32mp1xx_hal_rcc.o
                0x00000000100059a8                HAL_RCC_GetSystemCoreClockFreq
 *fill*         0x00000000100059b6        0x2 
 .text.HAL_RCC_GetAXISSFreq
                0x00000000100059b8       0x7c ./Drivers/STM32MP1xx_HAL_Driver/stm32mp1xx_hal_rcc.o
                0x00000000100059b8                HAL_RCC_GetAXISSFreq
 .text.HAL_RCC_GetMCUSSFreq
                0x0000000010005a34       0x74 ./Drivers/STM32MP1xx_HAL_Driver/stm32mp1xx_hal_rcc.o
                0x0000000010005a34                HAL_RCC_GetMCUSSFreq
 .text.HAL_RCC_WAKEUP_IRQHandler
                0x0000000010005aa8       0x2a ./Drivers/STM32MP1xx_HAL_Driver/stm32mp1xx_hal_rcc.o
                0x0000000010005aa8                HAL_RCC_WAKEUP_IRQHandler
 .text.HAL_RCC_WAKEUP_Callback
                0x0000000010005ad2        0xe ./Drivers/STM32MP1xx_HAL_Driver/stm32mp1xx_hal_rcc.o
                0x0000000010005ad2                HAL_RCC_WAKEUP_Callback
 .text.RCCEx_PLL2_Config
                0x0000000010005ae0      0x304 ./Drivers/STM32MP1xx_HAL_Driver/stm32mp1xx_hal_rcc_ex.o
                0x0000000010005ae0                RCCEx_PLL2_Config
 .text.RCCEx_PLL3_Config
                0x0000000010005de4      0x2d4 ./Drivers/STM32MP1xx_HAL_Driver/stm32mp1xx_hal_rcc_ex.o
                0x0000000010005de4                RCCEx_PLL3_Config
 .text.RCCEx_PLL4_Config
                0x00000000100060b8      0x2b0 ./Drivers/STM32MP1xx_HAL_Driver/stm32mp1xx_hal_rcc_ex.o
                0x00000000100060b8                RCCEx_PLL4_Config
 .text.HAL_RCCEx_PeriphCLKConfig
                0x0000000010006368     0x1d28 ./Drivers/STM32MP1xx_HAL_Driver/stm32mp1xx_hal_rcc_ex.o
                0x0000000010006368                HAL_RCCEx_PeriphCLKConfig
 .text.HAL_RCCEx_GetPeriphCLKFreq
                0x0000000010008090     0x15a0 ./Drivers/STM32MP1xx_HAL_Driver/stm32mp1xx_hal_rcc_ex.o
                0x0000000010008090                HAL_RCCEx_GetPeriphCLKFreq
 .text.HAL_UART_Init
                0x0000000010009630       0xa0 ./Drivers/STM32MP1xx_HAL_Driver/stm32mp1xx_hal_uart.o
                0x0000000010009630                HAL_UART_Init
 .text.HAL_UART_Transmit
                0x00000000100096d0      0x12e ./Drivers/STM32MP1xx_HAL_Driver/stm32mp1xx_hal_uart.o
                0x00000000100096d0                HAL_UART_Transmit
 *fill*         0x00000000100097fe        0x2 
 .text.UART_SetConfig
                0x0000000010009800     0x114c ./Drivers/STM32MP1xx_HAL_Driver/stm32mp1xx_hal_uart.o
                0x0000000010009800                UART_SetConfig
 .text.UART_AdvFeatureConfig
                0x000000001000a94c      0x144 ./Drivers/STM32MP1xx_HAL_Driver/stm32mp1xx_hal_uart.o
                0x000000001000a94c                UART_AdvFeatureConfig
 .text.UART_CheckIdleState
                0x000000001000aa90       0x90 ./Drivers/STM32MP1xx_HAL_Driver/stm32mp1xx_hal_uart.o
                0x000000001000aa90                UART_CheckIdleState
 .text.UART_WaitOnFlagUntilTimeout
                0x000000001000ab20      0x100 ./Drivers/STM32MP1xx_HAL_Driver/stm32mp1xx_hal_uart.o
                0x000000001000ab20                UART_WaitOnFlagUntilTimeout
 .text.HAL_UARTEx_DisableFifoMode
                0x000000001000ac20       0x72 ./Drivers/STM32MP1xx_HAL_Driver/stm32mp1xx_hal_uart_ex.o
                0x000000001000ac20                HAL_UARTEx_DisableFifoMode
 .text.HAL_UARTEx_SetTxFifoThreshold
                0x000000001000ac92       0x7c ./Drivers/STM32MP1xx_HAL_Driver/stm32mp1xx_hal_uart_ex.o
                0x000000001000ac92                HAL_UARTEx_SetTxFifoThreshold
 .text.HAL_UARTEx_SetRxFifoThreshold
                0x000000001000ad0e       0x7c ./Drivers/STM32MP1xx_HAL_Driver/stm32mp1xx_hal_uart_ex.o
                0x000000001000ad0e                HAL_UARTEx_SetRxFifoThreshold
 *fill*         0x000000001000ad8a        0x2 
 .text.UARTEx_SetNbDataToProcess
                0x000000001000ad8c       0xc8 ./Drivers/STM32MP1xx_HAL_Driver/stm32mp1xx_hal_uart_ex.o
 .text.metal_list_init
                0x000000001000ae54       0x20 ./Middlewares/Third_Party/OpenAMP/device.o
 .text.metal_list_add_before
                0x000000001000ae74       0x34 ./Middlewares/Third_Party/OpenAMP/device.o
 .text.metal_list_add_tail
                0x000000001000aea8       0x1a ./Middlewares/Third_Party/OpenAMP/device.o
 .text.__metal_cache_flush
                0x000000001000aec2       0x1a ./Middlewares/Third_Party/OpenAMP/device.o
 .text.__metal_cache_invalidate
                0x000000001000aedc       0x1a ./Middlewares/Third_Party/OpenAMP/device.o
 .text.metal_cache_flush
                0x000000001000aef6       0x1a ./Middlewares/Third_Party/OpenAMP/device.o
 .text.metal_cache_invalidate
                0x000000001000af10       0x1a ./Middlewares/Third_Party/OpenAMP/device.o
 *fill*         0x000000001000af2a        0x2 
 .text.metal_bus_register
                0x000000001000af2c       0x88 ./Middlewares/Third_Party/OpenAMP/device.o
                0x000000001000af2c                metal_bus_register
 .text.metal_bus_find
                0x000000001000afb4       0x5c ./Middlewares/Third_Party/OpenAMP/device.o
                0x000000001000afb4                metal_bus_find
 .text.metal_device_open
                0x000000001000b010       0x7c ./Middlewares/Third_Party/OpenAMP/device.o
                0x000000001000b010                metal_device_open
 .text.metal_register_generic_device
                0x000000001000b08c       0x4c ./Middlewares/Third_Party/OpenAMP/device.o
                0x000000001000b08c                metal_register_generic_device
 .text.metal_generic_dev_open
                0x000000001000b0d8       0x60 ./Middlewares/Third_Party/OpenAMP/device.o
                0x000000001000b0d8                metal_generic_dev_open
 .text.metal_generic_dev_dma_map
                0x000000001000b138       0xa2 ./Middlewares/Third_Party/OpenAMP/device.o
                0x000000001000b138                metal_generic_dev_dma_map
 .text.metal_generic_dev_dma_unmap
                0x000000001000b1da       0x56 ./Middlewares/Third_Party/OpenAMP/device.o
                0x000000001000b1da                metal_generic_dev_dma_unmap
 .text.metal_generic_dev_sys_open
                0x000000001000b230       0x4e ./Middlewares/Third_Party/OpenAMP/generic_device.o
                0x000000001000b230                metal_generic_dev_sys_open
 *fill*         0x000000001000b27e        0x2 
 .text.metal_sys_init
                0x000000001000b280       0x1c ./Middlewares/Third_Party/OpenAMP/generic_init.o
                0x000000001000b280                metal_sys_init
 .text.metal_sys_io_mem_map
                0x000000001000b29c       0x7c ./Middlewares/Third_Party/OpenAMP/generic_io.o
                0x000000001000b29c                metal_sys_io_mem_map
 .text.metal_list_init
                0x000000001000b318       0x20 ./Middlewares/Third_Party/OpenAMP/init.o
 .text.metal_init
                0x000000001000b338       0x64 ./Middlewares/Third_Party/OpenAMP/init.o
                0x000000001000b338                metal_init
 .text.metal_io_virt
                0x000000001000b39c       0x38 ./Middlewares/Third_Party/OpenAMP/io.o
 .text.metal_io_init
                0x000000001000b3d4       0x9a ./Middlewares/Third_Party/OpenAMP/io.o
                0x000000001000b3d4                metal_io_init
 .text.metal_io_block_read
                0x000000001000b46e       0xea ./Middlewares/Third_Party/OpenAMP/io.o
                0x000000001000b46e                metal_io_block_read
 .text.metal_io_block_write
                0x000000001000b558       0xe8 ./Middlewares/Third_Party/OpenAMP/io.o
                0x000000001000b558                metal_io_block_write
 .text.metal_default_log_handler
                0x000000001000b640       0x1a ./Middlewares/Third_Party/OpenAMP/log.o
                0x000000001000b640                metal_default_log_handler
 .text.metal_io_virt
                0x000000001000b65a       0x38 ./Middlewares/Third_Party/OpenAMP/remoteproc_virtio.o
 .text.metal_io_virt_to_offset
                0x000000001000b692       0x32 ./Middlewares/Third_Party/OpenAMP/remoteproc_virtio.o
 .text.metal_io_read
                0x000000001000b6c4      0x104 ./Middlewares/Third_Party/OpenAMP/remoteproc_virtio.o
 .text.metal_allocate_memory
                0x000000001000b7c8       0x18 ./Middlewares/Third_Party/OpenAMP/remoteproc_virtio.o
 .text.metal_free_memory
                0x000000001000b7e0       0x16 ./Middlewares/Third_Party/OpenAMP/remoteproc_virtio.o
 .text.virtqueue_allocate
                0x000000001000b7f6       0x32 ./Middlewares/Third_Party/OpenAMP/remoteproc_virtio.o
 .text.rproc_virtio_virtqueue_notify
                0x000000001000b828       0x68 ./Middlewares/Third_Party/OpenAMP/remoteproc_virtio.o
 .text.rproc_virtio_get_status
                0x000000001000b890       0x44 ./Middlewares/Third_Party/OpenAMP/remoteproc_virtio.o
 .text.rproc_virtio_get_dfeatures
                0x000000001000b8d4       0x44 ./Middlewares/Third_Party/OpenAMP/remoteproc_virtio.o
 .text.rproc_virtio_get_features
                0x000000001000b918       0x50 ./Middlewares/Third_Party/OpenAMP/remoteproc_virtio.o
 .text.rproc_virtio_read_config
                0x000000001000b968       0x66 ./Middlewares/Third_Party/OpenAMP/remoteproc_virtio.o
 *fill*         0x000000001000b9ce        0x2 
 .text.rproc_virtio_create_vdev
                0x000000001000b9d0      0x15c ./Middlewares/Third_Party/OpenAMP/remoteproc_virtio.o
                0x000000001000b9d0                rproc_virtio_create_vdev
 .text.rproc_virtio_init_vring
                0x000000001000bb2c       0x62 ./Middlewares/Third_Party/OpenAMP/remoteproc_virtio.o
                0x000000001000bb2c                rproc_virtio_init_vring
 .text.rproc_virtio_wait_remote_ready
                0x000000001000bb8e       0x32 ./Middlewares/Third_Party/OpenAMP/remoteproc_virtio.o
                0x000000001000bb8e                rproc_virtio_wait_remote_ready
 .text.metal_list_add_before
                0x000000001000bbc0       0x34 ./Middlewares/Third_Party/OpenAMP/rpmsg.o
 .text.metal_list_add_tail
                0x000000001000bbf4       0x1a ./Middlewares/Third_Party/OpenAMP/rpmsg.o
 .text.rpmsg_get_endpoint
                0x000000001000bc0e       0xc0 ./Middlewares/Third_Party/OpenAMP/rpmsg.o
                0x000000001000bc0e                rpmsg_get_endpoint
 .text.rpmsg_register_endpoint
                0x000000001000bcce       0x26 ./Middlewares/Third_Party/OpenAMP/rpmsg.o
                0x000000001000bcce                rpmsg_register_endpoint
 .text.__metal_sleep_usec
                0x000000001000bcf4       0x16 ./Middlewares/Third_Party/OpenAMP/rpmsg_virtio.o
 .text.metal_sleep_usec
                0x000000001000bd0a       0x18 ./Middlewares/Third_Party/OpenAMP/rpmsg_virtio.o
 .text.metal_list_init
                0x000000001000bd22       0x20 ./Middlewares/Third_Party/OpenAMP/rpmsg_virtio.o
 .text.metal_io_virt_to_offset
                0x000000001000bd42       0x32 ./Middlewares/Third_Party/OpenAMP/rpmsg_virtio.o
 .text.__metal_mutex_init
                0x000000001000bd74       0x2c ./Middlewares/Third_Party/OpenAMP/rpmsg_virtio.o
 .text.__metal_mutex_acquire
                0x000000001000bda0       0x5e ./Middlewares/Third_Party/OpenAMP/rpmsg_virtio.o
 .text.__metal_mutex_release
                0x000000001000bdfe       0x2c ./Middlewares/Third_Party/OpenAMP/rpmsg_virtio.o
 .text.metal_mutex_init
                0x000000001000be2a       0x16 ./Middlewares/Third_Party/OpenAMP/rpmsg_virtio.o
 .text.metal_mutex_acquire
                0x000000001000be40       0x16 ./Middlewares/Third_Party/OpenAMP/rpmsg_virtio.o
 .text.metal_mutex_release
                0x000000001000be56       0x16 ./Middlewares/Third_Party/OpenAMP/rpmsg_virtio.o
 .text.rpmsg_virtio_get_role
                0x000000001000be6c       0x1a ./Middlewares/Third_Party/OpenAMP/rpmsg_virtio.o
 .text.rpmsg_virtio_set_status
                0x000000001000be86       0x26 ./Middlewares/Third_Party/OpenAMP/rpmsg_virtio.o
 .text.rpmsg_virtio_get_status
                0x000000001000beac       0x22 ./Middlewares/Third_Party/OpenAMP/rpmsg_virtio.o
 .text.rpmsg_virtio_get_features
                0x000000001000bece       0x22 ./Middlewares/Third_Party/OpenAMP/rpmsg_virtio.o
 .text.rpmsg_virtio_create_virtqueues
                0x000000001000bef0       0x2a ./Middlewares/Third_Party/OpenAMP/rpmsg_virtio.o
 *fill*         0x000000001000bf1a        0x2 
 .text.rpmsg_initialize_ept
                0x000000001000bf1c       0x48 ./Middlewares/Third_Party/OpenAMP/rpmsg_virtio.o
 .text.rpmsg_get_ept_from_addr
                0x000000001000bf64       0x22 ./Middlewares/Third_Party/OpenAMP/rpmsg_virtio.o
 .text.rpmsg_virtio_init_shm_pool
                0x000000001000bf86       0x32 ./Middlewares/Third_Party/OpenAMP/rpmsg_virtio.o
                0x000000001000bf86                rpmsg_virtio_init_shm_pool
 .text.rpmsg_virtio_return_buffer
                0x000000001000bfb8       0x32 ./Middlewares/Third_Party/OpenAMP/rpmsg_virtio.o
 .text.rpmsg_virtio_enqueue_buffer
                0x000000001000bfea       0x3a ./Middlewares/Third_Party/OpenAMP/rpmsg_virtio.o
 .text.rpmsg_virtio_get_tx_buffer
                0x000000001000c024       0x3a ./Middlewares/Third_Party/OpenAMP/rpmsg_virtio.o
 .text.rpmsg_virtio_get_rx_buffer
                0x000000001000c05e       0x38 ./Middlewares/Third_Party/OpenAMP/rpmsg_virtio.o
 .text.rpmsg_virtio_wait_remote_ready
                0x000000001000c096       0x3a ./Middlewares/Third_Party/OpenAMP/rpmsg_virtio.o
 .text.rpmsg_virtio_hold_rx_buffer
                0x000000001000c0d0       0x28 ./Middlewares/Third_Party/OpenAMP/rpmsg_virtio.o
 .text.rpmsg_virtio_release_rx_buffer
                0x000000001000c0f8       0x52 ./Middlewares/Third_Party/OpenAMP/rpmsg_virtio.o
 .text.rpmsg_virtio_get_tx_payload_buffer
                0x000000001000c14a       0xa4 ./Middlewares/Third_Party/OpenAMP/rpmsg_virtio.o
 *fill*         0x000000001000c1ee        0x2 
 .text.rpmsg_virtio_send_offchannel_nocopy
                0x000000001000c1f0       0xd8 ./Middlewares/Third_Party/OpenAMP/rpmsg_virtio.o
 .text.rpmsg_virtio_send_offchannel_raw
                0x000000001000c2c8       0x98 ./Middlewares/Third_Party/OpenAMP/rpmsg_virtio.o
 .text.rpmsg_virtio_tx_callback
                0x000000001000c360       0x14 ./Middlewares/Third_Party/OpenAMP/rpmsg_virtio.o
 .text.rpmsg_virtio_rx_callback
                0x000000001000c374      0x124 ./Middlewares/Third_Party/OpenAMP/rpmsg_virtio.o
 .text.rpmsg_virtio_ns_callback
                0x000000001000c498       0xe6 ./Middlewares/Third_Party/OpenAMP/rpmsg_virtio.o
 *fill*         0x000000001000c57e        0x2 
 .text.rpmsg_init_vdev
                0x000000001000c580      0x1a0 ./Middlewares/Third_Party/OpenAMP/rpmsg_virtio.o
                0x000000001000c580                rpmsg_init_vdev
 .text.metal_machine_cache_flush
                0x000000001000c720       0x16 ./Middlewares/Third_Party/OpenAMP/sys.o
                0x000000001000c720                metal_machine_cache_flush
 .text.metal_machine_cache_invalidate
                0x000000001000c736       0x16 ./Middlewares/Third_Party/OpenAMP/sys.o
                0x000000001000c736                metal_machine_cache_invalidate
 .text.metal_machine_io_mem_map
                0x000000001000c74c       0x1c ./Middlewares/Third_Party/OpenAMP/sys.o
                0x000000001000c74c                metal_machine_io_mem_map
 .text.virtio_create_virtqueues
                0x000000001000c768       0x9c ./Middlewares/Third_Party/OpenAMP/virtio.o
                0x000000001000c768                virtio_create_virtqueues
 .text.vring_init
                0x000000001000c804       0x52 ./Middlewares/Third_Party/OpenAMP/virtqueue.o
 .text.vring_need_event
                0x000000001000c856       0x3c ./Middlewares/Third_Party/OpenAMP/virtqueue.o
 .text.metal_io_virt
                0x000000001000c892       0x38 ./Middlewares/Third_Party/OpenAMP/virtqueue.o
 .text.metal_io_phys
                0x000000001000c8ca       0x6e ./Middlewares/Third_Party/OpenAMP/virtqueue.o
 .text.metal_io_phys_to_offset
                0x000000001000c938       0x76 ./Middlewares/Third_Party/OpenAMP/virtqueue.o
 .text.metal_io_phys_to_virt
                0x000000001000c9ae       0x26 ./Middlewares/Third_Party/OpenAMP/virtqueue.o
 .text.virtqueue_phys_to_virt
                0x000000001000c9d4       0x22 ./Middlewares/Third_Party/OpenAMP/virtqueue.o
 .text.virtqueue_create
                0x000000001000c9f6       0x62 ./Middlewares/Third_Party/OpenAMP/virtqueue.o
                0x000000001000c9f6                virtqueue_create
 .text.virtqueue_get_buffer_length
                0x000000001000ca58       0x24 ./Middlewares/Third_Party/OpenAMP/virtqueue.o
                0x000000001000ca58                virtqueue_get_buffer_length
 .text.virtqueue_get_available_buffer
                0x000000001000ca7c       0x90 ./Middlewares/Third_Party/OpenAMP/virtqueue.o
                0x000000001000ca7c                virtqueue_get_available_buffer
 .text.virtqueue_add_consumed_buffer
                0x000000001000cb0c       0x84 ./Middlewares/Third_Party/OpenAMP/virtqueue.o
                0x000000001000cb0c                virtqueue_add_consumed_buffer
 .text.virtqueue_disable_cb
                0x000000001000cb90       0x70 ./Middlewares/Third_Party/OpenAMP/virtqueue.o
                0x000000001000cb90                virtqueue_disable_cb
 .text.virtqueue_kick
                0x000000001000cc00       0x2c ./Middlewares/Third_Party/OpenAMP/virtqueue.o
                0x000000001000cc00                virtqueue_kick
 .text.vq_ring_init
                0x000000001000cc2c       0x2c ./Middlewares/Third_Party/OpenAMP/virtqueue.o
 .text.vq_ring_must_notify
                0x000000001000cc58       0x9c ./Middlewares/Third_Party/OpenAMP/virtqueue.o
 .text.vq_ring_notify
                0x000000001000ccf4       0x20 ./Middlewares/Third_Party/OpenAMP/virtqueue.o
 .text.MAILBOX_Init
                0x000000001000cd14       0x48 ./OPENAMP/mbox_ipcc.o
                0x000000001000cd14                MAILBOX_Init
 .text.MAILBOX_Notify
                0x000000001000cd5c       0x64 ./OPENAMP/mbox_ipcc.o
                0x000000001000cd5c                MAILBOX_Notify
 .text.IPCC_channel1_callback
                0x000000001000cdc0       0x2c ./OPENAMP/mbox_ipcc.o
                0x000000001000cdc0                IPCC_channel1_callback
 .text.IPCC_channel2_callback
                0x000000001000cdec       0x2c ./OPENAMP/mbox_ipcc.o
                0x000000001000cdec                IPCC_channel2_callback
 .text.metal_device_io_region
                0x000000001000ce18       0x36 ./OPENAMP/openamp.o
 *fill*         0x000000001000ce4e        0x2 
 .text.OPENAMP_shmem_init
                0x000000001000ce50      0x140 ./OPENAMP/openamp.o
 .text.MX_OPENAMP_Init
                0x000000001000cf90      0x128 ./OPENAMP/openamp.o
                0x000000001000cf90                MX_OPENAMP_Init
 .text.resource_table_init
                0x000000001000d0b8       0x28 ./OPENAMP/rsc_table.o
                0x000000001000d0b8                resource_table_init
 .text.__assert_func
                0x000000001000d0e0       0x3c C:/ST/STM32CubeIDE_1.13.2/STM32CubeIDE/plugins/com.st.stm32cube.ide.mcu.externaltools.gnu-tools-for-stm32.11.3.rel1.win32_1.1.1.202309131626/tools/bin/../lib/gcc/arm-none-eabi/11.3.1/../../../../arm-none-eabi/lib/thumb/v7e-m+fp/hard\libc_nano.a(libc_a-assert.o)
                0x000000001000d0e0                __assert_func
 .text.malloc   0x000000001000d11c       0x10 C:/ST/STM32CubeIDE_1.13.2/STM32CubeIDE/plugins/com.st.stm32cube.ide.mcu.externaltools.gnu-tools-for-stm32.11.3.rel1.win32_1.1.1.202309131626/tools/bin/../lib/gcc/arm-none-eabi/11.3.1/../../../../arm-none-eabi/lib/thumb/v7e-m+fp/hard\libc_nano.a(libc_a-malloc.o)
                0x000000001000d11c                malloc
 .text.free     0x000000001000d12c       0x10 C:/ST/STM32CubeIDE_1.13.2/STM32CubeIDE/plugins/com.st.stm32cube.ide.mcu.externaltools.gnu-tools-for-stm32.11.3.rel1.win32_1.1.1.202309131626/tools/bin/../lib/gcc/arm-none-eabi/11.3.1/../../../../arm-none-eabi/lib/thumb/v7e-m+fp/hard\libc_nano.a(libc_a-malloc.o)
                0x000000001000d12c                free
 .text.sbrk_aligned
                0x000000001000d13c       0x40 C:/ST/STM32CubeIDE_1.13.2/STM32CubeIDE/plugins/com.st.stm32cube.ide.mcu.externaltools.gnu-tools-for-stm32.11.3.rel1.win32_1.1.1.202309131626/tools/bin/../lib/gcc/arm-none-eabi/11.3.1/../../../../arm-none-eabi/lib/thumb/v7e-m+fp/hard\libc_nano.a(libc_a-mallocr.o)
 .text._malloc_r
                0x000000001000d17c      0x100 C:/ST/STM32CubeIDE_1.13.2/STM32CubeIDE/plugins/com.st.stm32cube.ide.mcu.externaltools.gnu-tools-for-stm32.11.3.rel1.win32_1.1.1.202309131626/tools/bin/../lib/gcc/arm-none-eabi/11.3.1/../../../../arm-none-eabi/lib/thumb/v7e-m+fp/hard\libc_nano.a(libc_a-mallocr.o)
                0x000000001000d17c                _malloc_r
 .text.__malloc_lock
                0x000000001000d27c        0xc C:/ST/STM32CubeIDE_1.13.2/STM32CubeIDE/plugins/com.st.stm32cube.ide.mcu.externaltools.gnu-tools-for-stm32.11.3.rel1.win32_1.1.1.202309131626/tools/bin/../lib/gcc/arm-none-eabi/11.3.1/../../../../arm-none-eabi/lib/thumb/v7e-m+fp/hard\libc_nano.a(libc_a-mlock.o)
                0x000000001000d27c                __malloc_lock
 .text.__malloc_unlock
                0x000000001000d288        0xc C:/ST/STM32CubeIDE_1.13.2/STM32CubeIDE/plugins/com.st.stm32cube.ide.mcu.externaltools.gnu-tools-for-stm32.11.3.rel1.win32_1.1.1.202309131626/tools/bin/../lib/gcc/arm-none-eabi/11.3.1/../../../../arm-none-eabi/lib/thumb/v7e-m+fp/hard\libc_nano.a(libc_a-mlock.o)
                0x000000001000d288                __malloc_unlock
 .text.std      0x000000001000d294       0x6c C:/ST/STM32CubeIDE_1.13.2/STM32CubeIDE/plugins/com.st.stm32cube.ide.mcu.externaltools.gnu-tools-for-stm32.11.3.rel1.win32_1.1.1.202309131626/tools/bin/../lib/gcc/arm-none-eabi/11.3.1/../../../../arm-none-eabi/lib/thumb/v7e-m+fp/hard\libc_nano.a(libc_a-findfp.o)
 .text.stdio_exit_handler
                0x000000001000d300       0x18 C:/ST/STM32CubeIDE_1.13.2/STM32CubeIDE/plugins/com.st.stm32cube.ide.mcu.externaltools.gnu-tools-for-stm32.11.3.rel1.win32_1.1.1.202309131626/tools/bin/../lib/gcc/arm-none-eabi/11.3.1/../../../../arm-none-eabi/lib/thumb/v7e-m+fp/hard\libc_nano.a(libc_a-findfp.o)
 .text.cleanup_stdio
                0x000000001000d318       0x40 C:/ST/STM32CubeIDE_1.13.2/STM32CubeIDE/plugins/com.st.stm32cube.ide.mcu.externaltools.gnu-tools-for-stm32.11.3.rel1.win32_1.1.1.202309131626/tools/bin/../lib/gcc/arm-none-eabi/11.3.1/../../../../arm-none-eabi/lib/thumb/v7e-m+fp/hard\libc_nano.a(libc_a-findfp.o)
 .text.global_stdio_init.part.0
                0x000000001000d358       0x3c C:/ST/STM32CubeIDE_1.13.2/STM32CubeIDE/plugins/com.st.stm32cube.ide.mcu.externaltools.gnu-tools-for-stm32.11.3.rel1.win32_1.1.1.202309131626/tools/bin/../lib/gcc/arm-none-eabi/11.3.1/../../../../arm-none-eabi/lib/thumb/v7e-m+fp/hard\libc_nano.a(libc_a-findfp.o)
 .text.__sfp_lock_acquire
                0x000000001000d394        0xc C:/ST/STM32CubeIDE_1.13.2/STM32CubeIDE/plugins/com.st.stm32cube.ide.mcu.externaltools.gnu-tools-for-stm32.11.3.rel1.win32_1.1.1.202309131626/tools/bin/../lib/gcc/arm-none-eabi/11.3.1/../../../../arm-none-eabi/lib/thumb/v7e-m+fp/hard\libc_nano.a(libc_a-findfp.o)
                0x000000001000d394                __sfp_lock_acquire
 .text.__sfp_lock_release
                0x000000001000d3a0        0xc C:/ST/STM32CubeIDE_1.13.2/STM32CubeIDE/plugins/com.st.stm32cube.ide.mcu.externaltools.gnu-tools-for-stm32.11.3.rel1.win32_1.1.1.202309131626/tools/bin/../lib/gcc/arm-none-eabi/11.3.1/../../../../arm-none-eabi/lib/thumb/v7e-m+fp/hard\libc_nano.a(libc_a-findfp.o)
                0x000000001000d3a0                __sfp_lock_release
 .text.__sinit  0x000000001000d3ac       0x30 C:/ST/STM32CubeIDE_1.13.2/STM32CubeIDE/plugins/com.st.stm32cube.ide.mcu.externaltools.gnu-tools-for-stm32.11.3.rel1.win32_1.1.1.202309131626/tools/bin/../lib/gcc/arm-none-eabi/11.3.1/../../../../arm-none-eabi/lib/thumb/v7e-m+fp/hard\libc_nano.a(libc_a-findfp.o)
                0x000000001000d3ac                __sinit
 .text.fprintf  0x000000001000d3dc       0x24 C:/ST/STM32CubeIDE_1.13.2/STM32CubeIDE/plugins/com.st.stm32cube.ide.mcu.externaltools.gnu-tools-for-stm32.11.3.rel1.win32_1.1.1.202309131626/tools/bin/../lib/gcc/arm-none-eabi/11.3.1/../../../../arm-none-eabi/lib/thumb/v7e-m+fp/hard\libc_nano.a(libc_a-fprintf.o)
                0x000000001000d3dc                fiprintf
                0x000000001000d3dc                fprintf
 .text._fwalk_sglue
                0x000000001000d400       0x3c C:/ST/STM32CubeIDE_1.13.2/STM32CubeIDE/plugins/com.st.stm32cube.ide.mcu.externaltools.gnu-tools-for-stm32.11.3.rel1.win32_1.1.1.202309131626/tools/bin/../lib/gcc/arm-none-eabi/11.3.1/../../../../arm-none-eabi/lib/thumb/v7e-m+fp/hard\libc_nano.a(libc_a-fwalk.o)
                0x000000001000d400                _fwalk_sglue
 .text.sprintf  0x000000001000d43c       0x40 C:/ST/STM32CubeIDE_1.13.2/STM32CubeIDE/plugins/com.st.stm32cube.ide.mcu.externaltools.gnu-tools-for-stm32.11.3.rel1.win32_1.1.1.202309131626/tools/bin/../lib/gcc/arm-none-eabi/11.3.1/../../../../arm-none-eabi/lib/thumb/v7e-m+fp/hard\libc_nano.a(libc_a-sprintf.o)
                0x000000001000d43c                siprintf
                0x000000001000d43c                sprintf
 .text.__sread  0x000000001000d47c       0x22 C:/ST/STM32CubeIDE_1.13.2/STM32CubeIDE/plugins/com.st.stm32cube.ide.mcu.externaltools.gnu-tools-for-stm32.11.3.rel1.win32_1.1.1.202309131626/tools/bin/../lib/gcc/arm-none-eabi/11.3.1/../../../../arm-none-eabi/lib/thumb/v7e-m+fp/hard\libc_nano.a(libc_a-stdio.o)
                0x000000001000d47c                __sread
 .text.__swrite
                0x000000001000d49e       0x38 C:/ST/STM32CubeIDE_1.13.2/STM32CubeIDE/plugins/com.st.stm32cube.ide.mcu.externaltools.gnu-tools-for-stm32.11.3.rel1.win32_1.1.1.202309131626/tools/bin/../lib/gcc/arm-none-eabi/11.3.1/../../../../arm-none-eabi/lib/thumb/v7e-m+fp/hard\libc_nano.a(libc_a-stdio.o)
                0x000000001000d49e                __swrite
 .text.__sseek  0x000000001000d4d6       0x24 C:/ST/STM32CubeIDE_1.13.2/STM32CubeIDE/plugins/com.st.stm32cube.ide.mcu.externaltools.gnu-tools-for-stm32.11.3.rel1.win32_1.1.1.202309131626/tools/bin/../lib/gcc/arm-none-eabi/11.3.1/../../../../arm-none-eabi/lib/thumb/v7e-m+fp/hard\libc_nano.a(libc_a-stdio.o)
                0x000000001000d4d6                __sseek
 .text.__sclose
                0x000000001000d4fa        0x8 C:/ST/STM32CubeIDE_1.13.2/STM32CubeIDE/plugins/com.st.stm32cube.ide.mcu.externaltools.gnu-tools-for-stm32.11.3.rel1.win32_1.1.1.202309131626/tools/bin/../lib/gcc/arm-none-eabi/11.3.1/../../../../arm-none-eabi/lib/thumb/v7e-m+fp/hard\libc_nano.a(libc_a-stdio.o)
                0x000000001000d4fa                __sclose
 .text.memset   0x000000001000d502       0x10 C:/ST/STM32CubeIDE_1.13.2/STM32CubeIDE/plugins/com.st.stm32cube.ide.mcu.externaltools.gnu-tools-for-stm32.11.3.rel1.win32_1.1.1.202309131626/tools/bin/../lib/gcc/arm-none-eabi/11.3.1/../../../../arm-none-eabi/lib/thumb/v7e-m+fp/hard\libc_nano.a(libc_a-memset.o)
                0x000000001000d502                memset
 .text.strncmp  0x000000001000d512       0x24 C:/ST/STM32CubeIDE_1.13.2/STM32CubeIDE/plugins/com.st.stm32cube.ide.mcu.externaltools.gnu-tools-for-stm32.11.3.rel1.win32_1.1.1.202309131626/tools/bin/../lib/gcc/arm-none-eabi/11.3.1/../../../../arm-none-eabi/lib/thumb/v7e-m+fp/hard\libc_nano.a(libc_a-strncmp.o)
                0x000000001000d512                strncmp
 .text.strncpy  0x000000001000d536       0x26 C:/ST/STM32CubeIDE_1.13.2/STM32CubeIDE/plugins/com.st.stm32cube.ide.mcu.externaltools.gnu-tools-for-stm32.11.3.rel1.win32_1.1.1.202309131626/tools/bin/../lib/gcc/arm-none-eabi/11.3.1/../../../../arm-none-eabi/lib/thumb/v7e-m+fp/hard\libc_nano.a(libc_a-strncpy.o)
                0x000000001000d536                strncpy
 .text._close_r
                0x000000001000d55c       0x20 C:/ST/STM32CubeIDE_1.13.2/STM32CubeIDE/plugins/com.st.stm32cube.ide.mcu.externaltools.gnu-tools-for-stm32.11.3.rel1.win32_1.1.1.202309131626/tools/bin/../lib/gcc/arm-none-eabi/11.3.1/../../../../arm-none-eabi/lib/thumb/v7e-m+fp/hard\libc_nano.a(libc_a-closer.o)
                0x000000001000d55c                _close_r
 .text._lseek_r
                0x000000001000d57c       0x24 C:/ST/STM32CubeIDE_1.13.2/STM32CubeIDE/plugins/com.st.stm32cube.ide.mcu.externaltools.gnu-tools-for-stm32.11.3.rel1.win32_1.1.1.202309131626/tools/bin/../lib/gcc/arm-none-eabi/11.3.1/../../../../arm-none-eabi/lib/thumb/v7e-m+fp/hard\libc_nano.a(libc_a-lseekr.o)
                0x000000001000d57c                _lseek_r
 .text._read_r  0x000000001000d5a0       0x24 C:/ST/STM32CubeIDE_1.13.2/STM32CubeIDE/plugins/com.st.stm32cube.ide.mcu.externaltools.gnu-tools-for-stm32.11.3.rel1.win32_1.1.1.202309131626/tools/bin/../lib/gcc/arm-none-eabi/11.3.1/../../../../arm-none-eabi/lib/thumb/v7e-m+fp/hard\libc_nano.a(libc_a-readr.o)
                0x000000001000d5a0                _read_r
 .text._sbrk_r  0x000000001000d5c4       0x20 C:/ST/STM32CubeIDE_1.13.2/STM32CubeIDE/plugins/com.st.stm32cube.ide.mcu.externaltools.gnu-tools-for-stm32.11.3.rel1.win32_1.1.1.202309131626/tools/bin/../lib/gcc/arm-none-eabi/11.3.1/../../../../arm-none-eabi/lib/thumb/v7e-m+fp/hard\libc_nano.a(libc_a-sbrkr.o)
                0x000000001000d5c4                _sbrk_r
 .text._write_r
                0x000000001000d5e4       0x24 C:/ST/STM32CubeIDE_1.13.2/STM32CubeIDE/plugins/com.st.stm32cube.ide.mcu.externaltools.gnu-tools-for-stm32.11.3.rel1.win32_1.1.1.202309131626/tools/bin/../lib/gcc/arm-none-eabi/11.3.1/../../../../arm-none-eabi/lib/thumb/v7e-m+fp/hard\libc_nano.a(libc_a-writer.o)
                0x000000001000d5e4                _write_r
 .text.__errno  0x000000001000d608        0xc C:/ST/STM32CubeIDE_1.13.2/STM32CubeIDE/plugins/com.st.stm32cube.ide.mcu.externaltools.gnu-tools-for-stm32.11.3.rel1.win32_1.1.1.202309131626/tools/bin/../lib/gcc/arm-none-eabi/11.3.1/../../../../arm-none-eabi/lib/thumb/v7e-m+fp/hard\libc_nano.a(libc_a-errno.o)
                0x000000001000d608                __errno
 .text.__libc_init_array
                0x000000001000d614       0x48 C:/ST/STM32CubeIDE_1.13.2/STM32CubeIDE/plugins/com.st.stm32cube.ide.mcu.externaltools.gnu-tools-for-stm32.11.3.rel1.win32_1.1.1.202309131626/tools/bin/../lib/gcc/arm-none-eabi/11.3.1/../../../../arm-none-eabi/lib/thumb/v7e-m+fp/hard\libc_nano.a(libc_a-init.o)
                0x000000001000d614                __libc_init_array
 .text.__retarget_lock_init_recursive
                0x000000001000d65c        0x2 C:/ST/STM32CubeIDE_1.13.2/STM32CubeIDE/plugins/com.st.stm32cube.ide.mcu.externaltools.gnu-tools-for-stm32.11.3.rel1.win32_1.1.1.202309131626/tools/bin/../lib/gcc/arm-none-eabi/11.3.1/../../../../arm-none-eabi/lib/thumb/v7e-m+fp/hard\libc_nano.a(libc_a-lock.o)
                0x000000001000d65c                __retarget_lock_init_recursive
 .text.__retarget_lock_acquire_recursive
                0x000000001000d65e        0x2 C:/ST/STM32CubeIDE_1.13.2/STM32CubeIDE/plugins/com.st.stm32cube.ide.mcu.externaltools.gnu-tools-for-stm32.11.3.rel1.win32_1.1.1.202309131626/tools/bin/../lib/gcc/arm-none-eabi/11.3.1/../../../../arm-none-eabi/lib/thumb/v7e-m+fp/hard\libc_nano.a(libc_a-lock.o)
                0x000000001000d65e                __retarget_lock_acquire_recursive
 .text.__retarget_lock_release_recursive
                0x000000001000d660        0x2 C:/ST/STM32CubeIDE_1.13.2/STM32CubeIDE/plugins/com.st.stm32cube.ide.mcu.externaltools.gnu-tools-for-stm32.11.3.rel1.win32_1.1.1.202309131626/tools/bin/../lib/gcc/arm-none-eabi/11.3.1/../../../../arm-none-eabi/lib/thumb/v7e-m+fp/hard\libc_nano.a(libc_a-lock.o)
                0x000000001000d660                __retarget_lock_release_recursive
 .text.memcpy   0x000000001000d662       0x1c C:/ST/STM32CubeIDE_1.13.2/STM32CubeIDE/plugins/com.st.stm32cube.ide.mcu.externaltools.gnu-tools-for-stm32.11.3.rel1.win32_1.1.1.202309131626/tools/bin/../lib/gcc/arm-none-eabi/11.3.1/../../../../arm-none-eabi/lib/thumb/v7e-m+fp/hard\libc_nano.a(libc_a-memcpy-stub.o)
                0x000000001000d662                memcpy
 .text.abort    0x000000001000d67e        0xe C:/ST/STM32CubeIDE_1.13.2/STM32CubeIDE/plugins/com.st.stm32cube.ide.mcu.externaltools.gnu-tools-for-stm32.11.3.rel1.win32_1.1.1.202309131626/tools/bin/../lib/gcc/arm-none-eabi/11.3.1/../../../../arm-none-eabi/lib/thumb/v7e-m+fp/hard\libc_nano.a(libc_a-abort.o)
                0x000000001000d67e                abort
 .text._free_r  0x000000001000d68c       0x98 C:/ST/STM32CubeIDE_1.13.2/STM32CubeIDE/plugins/com.st.stm32cube.ide.mcu.externaltools.gnu-tools-for-stm32.11.3.rel1.win32_1.1.1.202309131626/tools/bin/../lib/gcc/arm-none-eabi/11.3.1/../../../../arm-none-eabi/lib/thumb/v7e-m+fp/hard\libc_nano.a(libc_a-freer.o)
                0x000000001000d68c                _free_r
 .text.__ssputs_r
                0x000000001000d724       0xb4 C:/ST/STM32CubeIDE_1.13.2/STM32CubeIDE/plugins/com.st.stm32cube.ide.mcu.externaltools.gnu-tools-for-stm32.11.3.rel1.win32_1.1.1.202309131626/tools/bin/../lib/gcc/arm-none-eabi/11.3.1/../../../../arm-none-eabi/lib/thumb/v7e-m+fp/hard\libc_nano.a(libc_a-nano-svfprintf.o)
                0x000000001000d724                __ssputs_r
 .text._svfprintf_r
                0x000000001000d7d8      0x1fc C:/ST/STM32CubeIDE_1.13.2/STM32CubeIDE/plugins/com.st.stm32cube.ide.mcu.externaltools.gnu-tools-for-stm32.11.3.rel1.win32_1.1.1.202309131626/tools/bin/../lib/gcc/arm-none-eabi/11.3.1/../../../../arm-none-eabi/lib/thumb/v7e-m+fp/hard\libc_nano.a(libc_a-nano-svfprintf.o)
                0x000000001000d7d8                _svfiprintf_r
                0x000000001000d7d8                _svfprintf_r
 .text.__sfputc_r
                0x000000001000d9d4       0x2e C:/ST/STM32CubeIDE_1.13.2/STM32CubeIDE/plugins/com.st.stm32cube.ide.mcu.externaltools.gnu-tools-for-stm32.11.3.rel1.win32_1.1.1.202309131626/tools/bin/../lib/gcc/arm-none-eabi/11.3.1/../../../../arm-none-eabi/lib/thumb/v7e-m+fp/hard\libc_nano.a(libc_a-nano-vfprintf.o)
 .text.__sfputs_r
                0x000000001000da02       0x24 C:/ST/STM32CubeIDE_1.13.2/STM32CubeIDE/plugins/com.st.stm32cube.ide.mcu.externaltools.gnu-tools-for-stm32.11.3.rel1.win32_1.1.1.202309131626/tools/bin/../lib/gcc/arm-none-eabi/11.3.1/../../../../arm-none-eabi/lib/thumb/v7e-m+fp/hard\libc_nano.a(libc_a-nano-vfprintf.o)
                0x000000001000da02                __sfputs_r
 *fill*         0x000000001000da26        0x2 
 .text._vfprintf_r
                0x000000001000da28      0x234 C:/ST/STM32CubeIDE_1.13.2/STM32CubeIDE/plugins/com.st.stm32cube.ide.mcu.externaltools.gnu-tools-for-stm32.11.3.rel1.win32_1.1.1.202309131626/tools/bin/../lib/gcc/arm-none-eabi/11.3.1/../../../../arm-none-eabi/lib/thumb/v7e-m+fp/hard\libc_nano.a(libc_a-nano-vfprintf.o)
                0x000000001000da28                _vfprintf_r
                0x000000001000da28                _vfiprintf_r
 .text._printf_common
                0x000000001000dc5c       0xda C:/ST/STM32CubeIDE_1.13.2/STM32CubeIDE/plugins/com.st.stm32cube.ide.mcu.externaltools.gnu-tools-for-stm32.11.3.rel1.win32_1.1.1.202309131626/tools/bin/../lib/gcc/arm-none-eabi/11.3.1/../../../../arm-none-eabi/lib/thumb/v7e-m+fp/hard\libc_nano.a(libc_a-nano-vfprintf_i.o)
                0x000000001000dc5c                _printf_common
 *fill*         0x000000001000dd36        0x2 
 .text._printf_i
                0x000000001000dd38      0x244 C:/ST/STM32CubeIDE_1.13.2/STM32CubeIDE/plugins/com.st.stm32cube.ide.mcu.externaltools.gnu-tools-for-stm32.11.3.rel1.win32_1.1.1.202309131626/tools/bin/../lib/gcc/arm-none-eabi/11.3.1/../../../../arm-none-eabi/lib/thumb/v7e-m+fp/hard\libc_nano.a(libc_a-nano-vfprintf_i.o)
                0x000000001000dd38                _printf_i
 .text.__sflush_r
                0x000000001000df7c      0x10c C:/ST/STM32CubeIDE_1.13.2/STM32CubeIDE/plugins/com.st.stm32cube.ide.mcu.externaltools.gnu-tools-for-stm32.11.3.rel1.win32_1.1.1.202309131626/tools/bin/../lib/gcc/arm-none-eabi/11.3.1/../../../../arm-none-eabi/lib/thumb/v7e-m+fp/hard\libc_nano.a(libc_a-fflush.o)
                0x000000001000df7c                __sflush_r
 .text._fflush_r
                0x000000001000e088       0x50 C:/ST/STM32CubeIDE_1.13.2/STM32CubeIDE/plugins/com.st.stm32cube.ide.mcu.externaltools.gnu-tools-for-stm32.11.3.rel1.win32_1.1.1.202309131626/tools/bin/../lib/gcc/arm-none-eabi/11.3.1/../../../../arm-none-eabi/lib/thumb/v7e-m+fp/hard\libc_nano.a(libc_a-fflush.o)
                0x000000001000e088                _fflush_r
 .text.__swbuf_r
                0x000000001000e0d8       0x7a C:/ST/STM32CubeIDE_1.13.2/STM32CubeIDE/plugins/com.st.stm32cube.ide.mcu.externaltools.gnu-tools-for-stm32.11.3.rel1.win32_1.1.1.202309131626/tools/bin/../lib/gcc/arm-none-eabi/11.3.1/../../../../arm-none-eabi/lib/thumb/v7e-m+fp/hard\libc_nano.a(libc_a-wbuf.o)
                0x000000001000e0d8                __swbuf_r
 *fill*         0x000000001000e152        0x2 
 .text.__swsetup_r
                0x000000001000e154       0xb0 C:/ST/STM32CubeIDE_1.13.2/STM32CubeIDE/plugins/com.st.stm32cube.ide.mcu.externaltools.gnu-tools-for-stm32.11.3.rel1.win32_1.1.1.202309131626/tools/bin/../lib/gcc/arm-none-eabi/11.3.1/../../../../arm-none-eabi/lib/thumb/v7e-m+fp/hard\libc_nano.a(libc_a-wsetup.o)
                0x000000001000e154                __swsetup_r
 .text.memmove  0x000000001000e204       0x34 C:/ST/STM32CubeIDE_1.13.2/STM32CubeIDE/plugins/com.st.stm32cube.ide.mcu.externaltools.gnu-tools-for-stm32.11.3.rel1.win32_1.1.1.202309131626/tools/bin/../lib/gcc/arm-none-eabi/11.3.1/../../../../arm-none-eabi/lib/thumb/v7e-m+fp/hard\libc_nano.a(libc_a-memmove.o)
                0x000000001000e204                memmove
 .text._raise_r
                0x000000001000e238       0x50 C:/ST/STM32CubeIDE_1.13.2/STM32CubeIDE/plugins/com.st.stm32cube.ide.mcu.externaltools.gnu-tools-for-stm32.11.3.rel1.win32_1.1.1.202309131626/tools/bin/../lib/gcc/arm-none-eabi/11.3.1/../../../../arm-none-eabi/lib/thumb/v7e-m+fp/hard\libc_nano.a(libc_a-signal.o)
                0x000000001000e238                _raise_r
 .text.raise    0x000000001000e288       0x10 C:/ST/STM32CubeIDE_1.13.2/STM32CubeIDE/plugins/com.st.stm32cube.ide.mcu.externaltools.gnu-tools-for-stm32.11.3.rel1.win32_1.1.1.202309131626/tools/bin/../lib/gcc/arm-none-eabi/11.3.1/../../../../arm-none-eabi/lib/thumb/v7e-m+fp/hard\libc_nano.a(libc_a-signal.o)
                0x000000001000e288                raise
 .text._kill_r  0x000000001000e298       0x24 C:/ST/STM32CubeIDE_1.13.2/STM32CubeIDE/plugins/com.st.stm32cube.ide.mcu.externaltools.gnu-tools-for-stm32.11.3.rel1.win32_1.1.1.202309131626/tools/bin/../lib/gcc/arm-none-eabi/11.3.1/../../../../arm-none-eabi/lib/thumb/v7e-m+fp/hard\libc_nano.a(libc_a-signalr.o)
                0x000000001000e298                _kill_r
 .text._getpid_r
                0x000000001000e2bc        0x4 C:/ST/STM32CubeIDE_1.13.2/STM32CubeIDE/plugins/com.st.stm32cube.ide.mcu.externaltools.gnu-tools-for-stm32.11.3.rel1.win32_1.1.1.202309131626/tools/bin/../lib/gcc/arm-none-eabi/11.3.1/../../../../arm-none-eabi/lib/thumb/v7e-m+fp/hard\libc_nano.a(libc_a-signalr.o)
                0x000000001000e2bc                _getpid_r
 .text._realloc_r
                0x000000001000e2c0       0x5e C:/ST/STM32CubeIDE_1.13.2/STM32CubeIDE/plugins/com.st.stm32cube.ide.mcu.externaltools.gnu-tools-for-stm32.11.3.rel1.win32_1.1.1.202309131626/tools/bin/../lib/gcc/arm-none-eabi/11.3.1/../../../../arm-none-eabi/lib/thumb/v7e-m+fp/hard\libc_nano.a(libc_a-reallocr.o)
                0x000000001000e2c0                _realloc_r
 .text.__swhatbuf_r
                0x000000001000e31e       0x4c C:/ST/STM32CubeIDE_1.13.2/STM32CubeIDE/plugins/com.st.stm32cube.ide.mcu.externaltools.gnu-tools-for-stm32.11.3.rel1.win32_1.1.1.202309131626/tools/bin/../lib/gcc/arm-none-eabi/11.3.1/../../../../arm-none-eabi/lib/thumb/v7e-m+fp/hard\libc_nano.a(libc_a-makebuf.o)
                0x000000001000e31e                __swhatbuf_r
 .text.__smakebuf_r
                0x000000001000e36a       0x78 C:/ST/STM32CubeIDE_1.13.2/STM32CubeIDE/plugins/com.st.stm32cube.ide.mcu.externaltools.gnu-tools-for-stm32.11.3.rel1.win32_1.1.1.202309131626/tools/bin/../lib/gcc/arm-none-eabi/11.3.1/../../../../arm-none-eabi/lib/thumb/v7e-m+fp/hard\libc_nano.a(libc_a-makebuf.o)
                0x000000001000e36a                __smakebuf_r
 *fill*         0x000000001000e3e2        0x2 
 .text._fstat_r
                0x000000001000e3e4       0x24 C:/ST/STM32CubeIDE_1.13.2/STM32CubeIDE/plugins/com.st.stm32cube.ide.mcu.externaltools.gnu-tools-for-stm32.11.3.rel1.win32_1.1.1.202309131626/tools/bin/../lib/gcc/arm-none-eabi/11.3.1/../../../../arm-none-eabi/lib/thumb/v7e-m+fp/hard\libc_nano.a(libc_a-fstatr.o)
                0x000000001000e3e4                _fstat_r
 .text._isatty_r
                0x000000001000e408       0x20 C:/ST/STM32CubeIDE_1.13.2/STM32CubeIDE/plugins/com.st.stm32cube.ide.mcu.externaltools.gnu-tools-for-stm32.11.3.rel1.win32_1.1.1.202309131626/tools/bin/../lib/gcc/arm-none-eabi/11.3.1/../../../../arm-none-eabi/lib/thumb/v7e-m+fp/hard\libc_nano.a(libc_a-isattyr.o)
                0x000000001000e408                _isatty_r
 .text._malloc_usable_size_r
                0x000000001000e428       0x10 C:/ST/STM32CubeIDE_1.13.2/STM32CubeIDE/plugins/com.st.stm32cube.ide.mcu.externaltools.gnu-tools-for-stm32.11.3.rel1.win32_1.1.1.202309131626/tools/bin/../lib/gcc/arm-none-eabi/11.3.1/../../../../arm-none-eabi/lib/thumb/v7e-m+fp/hard\libc_nano.a(libc_a-msizer.o)
                0x000000001000e428                _malloc_usable_size_r
 .text.trunc    0x000000001000e438       0x74 C:/ST/STM32CubeIDE_1.13.2/STM32CubeIDE/plugins/com.st.stm32cube.ide.mcu.externaltools.gnu-tools-for-stm32.11.3.rel1.win32_1.1.1.202309131626/tools/bin/../lib/gcc/arm-none-eabi/11.3.1/../../../../arm-none-eabi/lib/thumb/v7e-m+fp/hard\libm.a(libm_a-s_trunc.o)
                0x000000001000e438                trunc
 *(.glue_7)
 .glue_7        0x000000001000e4ac        0x0 linker stubs
 *(.glue_7t)
 .glue_7t       0x000000001000e4ac        0x0 linker stubs
 *(.eh_frame)
 .eh_frame      0x000000001000e4ac        0x0 C:/ST/STM32CubeIDE_1.13.2/STM32CubeIDE/plugins/com.st.stm32cube.ide.mcu.externaltools.gnu-tools-for-stm32.11.3.rel1.win32_1.1.1.202309131626/tools/bin/../lib/gcc/arm-none-eabi/11.3.1/thumb/v7e-m+fp/hard/crtbegin.o
 *(.init)
 .init          0x000000001000e4ac        0x4 C:/ST/STM32CubeIDE_1.13.2/STM32CubeIDE/plugins/com.st.stm32cube.ide.mcu.externaltools.gnu-tools-for-stm32.11.3.rel1.win32_1.1.1.202309131626/tools/bin/../lib/gcc/arm-none-eabi/11.3.1/thumb/v7e-m+fp/hard/crti.o
                0x000000001000e4ac                _init
 .init          0x000000001000e4b0        0x8 C:/ST/STM32CubeIDE_1.13.2/STM32CubeIDE/plugins/com.st.stm32cube.ide.mcu.externaltools.gnu-tools-for-stm32.11.3.rel1.win32_1.1.1.202309131626/tools/bin/../lib/gcc/arm-none-eabi/11.3.1/thumb/v7e-m+fp/hard/crtn.o
 *(.fini)
 .fini          0x000000001000e4b8        0x4 C:/ST/STM32CubeIDE_1.13.2/STM32CubeIDE/plugins/com.st.stm32cube.ide.mcu.externaltools.gnu-tools-for-stm32.11.3.rel1.win32_1.1.1.202309131626/tools/bin/../lib/gcc/arm-none-eabi/11.3.1/thumb/v7e-m+fp/hard/crti.o
                0x000000001000e4b8                _fini
 .fini          0x000000001000e4bc        0x8 C:/ST/STM32CubeIDE_1.13.2/STM32CubeIDE/plugins/com.st.stm32cube.ide.mcu.externaltools.gnu-tools-for-stm32.11.3.rel1.win32_1.1.1.202309131626/tools/bin/../lib/gcc/arm-none-eabi/11.3.1/thumb/v7e-m+fp/hard/crtn.o
                0x000000001000e4c4                . = ALIGN (0x4)
                0x000000001000e4c4                _etext = .

.vfp11_veneer   0x000000001000e4c4        0x0
 .vfp11_veneer  0x000000001000e4c4        0x0 linker stubs

.v4_bx          0x000000001000e4c4        0x0
 .v4_bx         0x000000001000e4c4        0x0 linker stubs

.iplt           0x000000001000e4c4        0x0
 .iplt          0x000000001000e4c4        0x0 C:/ST/STM32CubeIDE_1.13.2/STM32CubeIDE/plugins/com.st.stm32cube.ide.mcu.externaltools.gnu-tools-for-stm32.11.3.rel1.win32_1.1.1.202309131626/tools/bin/../lib/gcc/arm-none-eabi/11.3.1/thumb/v7e-m+fp/hard/crtbegin.o

.startup_copro_fw.Reset_Handler
                0x000000001000e4c4       0x50
 .startup_copro_fw.Reset_Handler
                0x000000001000e4c4       0x50 ./Core/Startup/startup_stm32mp157facx.o
                0x000000001000e4c4                Reset_Handler

.rodata         0x000000001000e514      0x418
                0x000000001000e514                . = ALIGN (0x4)
 *(.rodata)
 .rodata        0x000000001000e514       0x23 ./Core/Src/main.o
 *fill*         0x000000001000e537        0x1 
 .rodata        0x000000001000e538       0x10 ./Drivers/STM32MP1xx_HAL_Driver/stm32mp1xx_hal_uart_ex.o
 .rodata        0x000000001000e548       0xc4 ./Middlewares/Third_Party/OpenAMP/device.o
 .rodata        0x000000001000e60c       0xf6 ./Middlewares/Third_Party/OpenAMP/remoteproc_virtio.o
 *fill*         0x000000001000e702        0x2 
 .rodata        0x000000001000e704       0xdf ./Middlewares/Third_Party/OpenAMP/rpmsg_virtio.o
 *fill*         0x000000001000e7e3        0x1 
 .rodata        0x000000001000e7e4       0x1c ./OPENAMP/openamp.o
 *(.rodata*)
 .rodata.flagBitshiftOffset.0
                0x000000001000e800        0x8 ./Drivers/STM32MP1xx_HAL_Driver/stm32mp1xx_hal_dma.o
 .rodata.remoteproc_virtio_dispatch_funcs
                0x000000001000e808       0x24 ./Middlewares/Third_Party/OpenAMP/remoteproc_virtio.o
 .rodata.__func__.1
                0x000000001000e82c       0x1e ./Middlewares/Third_Party/OpenAMP/remoteproc_virtio.o
 *fill*         0x000000001000e84a        0x2 
 .rodata.__func__.0
                0x000000001000e84c        0xe ./Middlewares/Third_Party/OpenAMP/remoteproc_virtio.o
 *fill*         0x000000001000e85a        0x2 
 .rodata.__func__.2
                0x000000001000e85c       0x24 ./Middlewares/Third_Party/OpenAMP/rpmsg_virtio.o
 .rodata.__func__.1
                0x000000001000e880       0x21 ./Middlewares/Third_Party/OpenAMP/rpmsg_virtio.o
 *fill*         0x000000001000e8a1        0x3 
 .rodata.__func__.0
                0x000000001000e8a4       0x19 ./Middlewares/Third_Party/OpenAMP/rpmsg_virtio.o
 .rodata.__assert_func.str1.1
                0x000000001000e8bd       0x3c C:/ST/STM32CubeIDE_1.13.2/STM32CubeIDE/plugins/com.st.stm32cube.ide.mcu.externaltools.gnu-tools-for-stm32.11.3.rel1.win32_1.1.1.202309131626/tools/bin/../lib/gcc/arm-none-eabi/11.3.1/../../../../arm-none-eabi/lib/thumb/v7e-m+fp/hard\libc_nano.a(libc_a-assert.o)
                                         0x3d (size before relaxing)
 .rodata._svfprintf_r.str1.1
                0x000000001000e8f9       0x11 C:/ST/STM32CubeIDE_1.13.2/STM32CubeIDE/plugins/com.st.stm32cube.ide.mcu.externaltools.gnu-tools-for-stm32.11.3.rel1.win32_1.1.1.202309131626/tools/bin/../lib/gcc/arm-none-eabi/11.3.1/../../../../arm-none-eabi/lib/thumb/v7e-m+fp/hard\libc_nano.a(libc_a-nano-svfprintf.o)
 .rodata._vfprintf_r.str1.1
                0x000000001000e90a       0x11 C:/ST/STM32CubeIDE_1.13.2/STM32CubeIDE/plugins/com.st.stm32cube.ide.mcu.externaltools.gnu-tools-for-stm32.11.3.rel1.win32_1.1.1.202309131626/tools/bin/../lib/gcc/arm-none-eabi/11.3.1/../../../../arm-none-eabi/lib/thumb/v7e-m+fp/hard\libc_nano.a(libc_a-nano-vfprintf.o)
 .rodata._printf_i.str1.1
                0x000000001000e90a       0x22 C:/ST/STM32CubeIDE_1.13.2/STM32CubeIDE/plugins/com.st.stm32cube.ide.mcu.externaltools.gnu-tools-for-stm32.11.3.rel1.win32_1.1.1.202309131626/tools/bin/../lib/gcc/arm-none-eabi/11.3.1/../../../../arm-none-eabi/lib/thumb/v7e-m+fp/hard\libc_nano.a(libc_a-nano-vfprintf_i.o)
                0x000000001000e92c                . = ALIGN (0x4)

.ARM.extab      0x000000001000e92c        0x0
                0x000000001000e92c                . = ALIGN (0x4)
 *(.ARM.extab* .gnu.linkonce.armextab.*)
                0x000000001000e92c                . = ALIGN (0x4)

.ARM            0x000000001000e92c        0x0
                0x000000001000e92c                . = ALIGN (0x4)
                0x000000001000e92c                __exidx_start = .
 *(.ARM.exidx*)
                0x000000001000e92c                __exidx_end = .
                0x000000001000e92c                . = ALIGN (0x4)

.preinit_array  0x000000001000e92c        0x0
                0x000000001000e92c                . = ALIGN (0x4)
                0x000000001000e92c                PROVIDE (__preinit_array_start = .)
 *(.preinit_array*)
                0x000000001000e92c                PROVIDE (__preinit_array_end = .)
                0x000000001000e92c                . = ALIGN (0x4)

.init_array     0x000000001000e92c        0x4
                0x000000001000e92c                . = ALIGN (0x4)
                0x000000001000e92c                PROVIDE (__init_array_start = .)
 *(SORT_BY_NAME(.init_array.*))
 *(.init_array*)
 .init_array    0x000000001000e92c        0x4 C:/ST/STM32CubeIDE_1.13.2/STM32CubeIDE/plugins/com.st.stm32cube.ide.mcu.externaltools.gnu-tools-for-stm32.11.3.rel1.win32_1.1.1.202309131626/tools/bin/../lib/gcc/arm-none-eabi/11.3.1/thumb/v7e-m+fp/hard/crtbegin.o
                0x000000001000e930                PROVIDE (__init_array_end = .)
                0x000000001000e930                . = ALIGN (0x4)

.fini_array     0x000000001000e930        0x4
                0x000000001000e930                . = ALIGN (0x4)
                [!provide]                        PROVIDE (__fini_array_start = .)
 *(SORT_BY_NAME(.fini_array.*))
 *(.fini_array*)
 .fini_array    0x000000001000e930        0x4 C:/ST/STM32CubeIDE_1.13.2/STM32CubeIDE/plugins/com.st.stm32cube.ide.mcu.externaltools.gnu-tools-for-stm32.11.3.rel1.win32_1.1.1.202309131626/tools/bin/../lib/gcc/arm-none-eabi/11.3.1/thumb/v7e-m+fp/hard/crtbegin.o
                [!provide]                        PROVIDE (__fini_array_end = .)
                0x000000001000e934                . = ALIGN (0x4)
                0x000000001000e934                __DATA_ROM = .
                0x000000001000e934                _sidata = LOADADDR (.data)

.data           0x0000000010020000      0x120 load address 0x000000001000e934
                0x0000000010020000                . = ALIGN (0x4)
                0x0000000010020000                _sdata = .
 *(.data)
 *(.data*)
 .data.SystemCoreClock
                0x0000000010020000        0x4 ./Common/System/system_stm32mp1xx.o
                0x0000000010020000                SystemCoreClock
 .data.uwTickPrio
                0x0000000010020004        0x4 ./Drivers/STM32MP1xx_HAL_Driver/stm32mp1xx_hal.o
                0x0000000010020004                uwTickPrio
 .data.uwTickFreq