Archive member included to satisfy reference by file (symbol)

C:/ST/STM32CubeIDE_1.13.2/STM32CubeIDE/plugins/com.st.stm32cube.ide.mcu.externaltools.gnu-tools-for-stm32.11.3.rel1.win32_1.1.1.202309131626/tools/bin/../lib/gcc/arm-none-eabi/11.3.1/../../../../arm-none-eabi/lib/thumb/v7e-m+fp/hard\libc_nano.a(libc_a-assert.o)
                              ./Middlewares/Third_Party/OpenAMP/device.o (__assert_func)
C:/ST/STM32CubeIDE_1.13.2/STM32CubeIDE/plugins/com.st.stm32cube.ide.mcu.externaltools.gnu-tools-for-stm32.11.3.rel1.win32_1.1.1.202309131626/tools/bin/../lib/gcc/arm-none-eabi/11.3.1/../../../../arm-none-eabi/lib/thumb/v7e-m+fp/hard\libc_nano.a(libc_a-exit.o)
                              C:/ST/STM32CubeIDE_1.13.2/STM32CubeIDE/plugins/com.st.stm32cube.ide.mcu.externaltools.gnu-tools-for-stm32.11.3.rel1.win32_1.1.1.202309131626/tools/bin/../lib/gcc/arm-none-eabi/11.3.1/../../../../arm-none-eabi/lib/thumb/v7e-m+fp/hard/crt0.o (exit)
C:/ST/STM32CubeIDE_1.13.2/STM32CubeIDE/plugins/com.st.stm32cube.ide.mcu.externaltools.gnu-tools-for-stm32.11.3.rel1.win32_1.1.1.202309131626/tools/bin/../lib/gcc/arm-none-eabi/11.3.1/../../../../arm-none-eabi/lib/thumb/v7e-m+fp/hard\libc_nano.a(libc_a-malloc.o)
                              ./Middlewares/Third_Party/OpenAMP/remoteproc_virtio.o (malloc)
C:/ST/STM32CubeIDE_1.13.2/STM32CubeIDE/plugins/com.st.stm32cube.ide.mcu.externaltools.gnu-tools-for-stm32.11.3.rel1.win32_1.1.1.202309131626/tools/bin/../lib/gcc/arm-none-eabi/11.3.1/../../../../arm-none-eabi/lib/thumb/v7e-m+fp/hard\libc_nano.a(libc_a-mallocr.o)
                              C:/ST/STM32CubeIDE_1.13.2/STM32CubeIDE/plugins/com.st.stm32cube.ide.mcu.externaltools.gnu-tools-for-stm32.11.3.rel1.win32_1.1.1.202309131626/tools/bin/../lib/gcc/arm-none-eabi/11.3.1/../../../../arm-none-eabi/lib/thumb/v7e-m+fp/hard\libc_nano.a(libc_a-malloc.o) (_malloc_r)
C:/ST/STM32CubeIDE_1.13.2/STM32CubeIDE/plugins/com.st.stm32cube.ide.mcu.externaltools.gnu-tools-for-stm32.11.3.rel1.win32_1.1.1.202309131626/tools/bin/../lib/gcc/arm-none-eabi/11.3.1/../../../../arm-none-eabi/lib/thumb/v7e-m+fp/hard\libc_nano.a(libc_a-mlock.o)
                              C:/ST/STM32CubeIDE_1.13.2/STM32CubeIDE/plugins/com.st.stm32cube.ide.mcu.externaltools.gnu-tools-for-stm32.11.3.rel1.win32_1.1.1.202309131626/tools/bin/../lib/gcc/arm-none-eabi/11.3.1/../../../../arm-none-eabi/lib/thumb/v7e-m+fp/hard\libc_nano.a(libc_a-mallocr.o) (__malloc_lock)
C:/ST/STM32CubeIDE_1.13.2/STM32CubeIDE/plugins/com.st.stm32cube.ide.mcu.externaltools.gnu-tools-for-stm32.11.3.rel1.win32_1.1.1.202309131626/tools/bin/../lib/gcc/arm-none-eabi/11.3.1/../../../../arm-none-eabi/lib/thumb/v7e-m+fp/hard\libc_nano.a(libc_a-findfp.o)
                              C:/ST/STM32CubeIDE_1.13.2/STM32CubeIDE/plugins/com.st.stm32cube.ide.mcu.externaltools.gnu-tools-for-stm32.11.3.rel1.win32_1.1.1.202309131626/tools/bin/../lib/gcc/arm-none-eabi/11.3.1/../../../../arm-none-eabi/lib/thumb/v7e-m+fp/hard\libc_nano.a(libc_a-exit.o) (__stdio_exit_handler)
C:/ST/STM32CubeIDE_1.13.2/STM32CubeIDE/plugins/com.st.stm32cube.ide.mcu.externaltools.gnu-tools-for-stm32.11.3.rel1.win32_1.1.1.202309131626/tools/bin/../lib/gcc/arm-none-eabi/11.3.1/../../../../arm-none-eabi/lib/thumb/v7e-m+fp/hard\libc_nano.a(libc_a-fprintf.o)
                              C:/ST/STM32CubeIDE_1.13.2/STM32CubeIDE/plugins/com.st.stm32cube.ide.mcu.externaltools.gnu-tools-for-stm32.11.3.rel1.win32_1.1.1.202309131626/tools/bin/../lib/gcc/arm-none-eabi/11.3.1/../../../../arm-none-eabi/lib/thumb/v7e-m+fp/hard\libc_nano.a(libc_a-assert.o) (fiprintf)
C:/ST/STM32CubeIDE_1.13.2/STM32CubeIDE/plugins/com.st.stm32cube.ide.mcu.externaltools.gnu-tools-for-stm32.11.3.rel1.win32_1.1.1.202309131626/tools/bin/../lib/gcc/arm-none-eabi/11.3.1/../../../../arm-none-eabi/lib/thumb/v7e-m+fp/hard\libc_nano.a(libc_a-fwalk.o)
                              C:/ST/STM32CubeIDE_1.13.2/STM32CubeIDE/plugins/com.st.stm32cube.ide.mcu.externaltools.gnu-tools-for-stm32.11.3.rel1.win32_1.1.1.202309131626/tools/bin/../lib/gcc/arm-none-eabi/11.3.1/../../../../arm-none-eabi/lib/thumb/v7e-m+fp/hard\libc_nano.a(libc_a-findfp.o) (_fwalk_sglue)
C:/ST/STM32CubeIDE_1.13.2/STM32CubeIDE/plugins/com.st.stm32cube.ide.mcu.externaltools.gnu-tools-for-stm32.11.3.rel1.win32_1.1.1.202309131626/tools/bin/../lib/gcc/arm-none-eabi/11.3.1/../../../../arm-none-eabi/lib/thumb/v7e-m+fp/hard\libc_nano.a(libc_a-sprintf.o)
                              ./Core/Src/main.o (sprintf)
C:/ST/STM32CubeIDE_1.13.2/STM32CubeIDE/plugins/com.st.stm32cube.ide.mcu.externaltools.gnu-tools-for-stm32.11.3.rel1.win32_1.1.1.202309131626/tools/bin/../lib/gcc/arm-none-eabi/11.3.1/../../../../arm-none-eabi/lib/thumb/v7e-m+fp/hard\libc_nano.a(libc_a-stdio.o)
[...]
Memory Configuration

Name             Origin             Length             Attributes
RETRAM_interrupts 0x0000000000000000 0x0000000000000600 xrw
SRAM1_text       0x0000000010000000 0x0000000000020000 xrw
SRAM2_data       0x0000000010020000 0x0000000000020000 xrw
SRAM3_ipc_shm    0x0000000010040000 0x0000000000010000 xrw
SRAM4            0x0000000010050000 0x0000000000010000 xrw
*default*        0x0000000000000000 0xffffffffffffffff

Linker script and memory map

LOAD C:/ST/STM32CubeIDE_1.13.2/STM32CubeIDE/plugins/com.st.stm32cube.ide.mcu.externaltools.gnu-tools-for-stm32.11.3.rel1.win32_1.1.1.202309131626/tools/bin/../lib/gcc/arm-none-eabi/11.3.1/thumb/v7e-m+fp/hard/crti.o
LOAD C:/ST/STM32CubeIDE_1.13.2/STM32CubeIDE/plugins/com.st.stm32cube.ide.mcu.externaltools.gnu-tools-for-stm32.11.3.rel1.win32_1.1.1.202309131626/tools/bin/../lib/gcc/arm-none-eabi/11.3.1/thumb/v7e-m+fp/hard/crtbegin.o
LOAD C:/ST/STM32CubeIDE_1.13.2/STM32CubeIDE/plugins/com.st.stm32cube.ide.mcu.externaltools.gnu-tools-for-stm32.11.3.rel1.win32_1.1.1.202309131626/tools/bin/../lib/gcc/arm-none-eabi/11.3.1/../../../../arm-none-eabi/lib/thumb/v7e-m+fp/hard/crt0.o
LOAD ./Common/System/system_stm32mp1xx.o
LOAD ./Core/Src/main.o
LOAD ./Core/Src/stm32mp1xx_hal_msp.o
LOAD ./Core/Src/stm32mp1xx_it.o
LOAD ./Core/Src/syscalls.o
LOAD ./Core/Src/sysmem.o
LOAD ./Core/Startup/startup_stm32mp157facx.o
LOAD ./Drivers/STM32MP1xx_HAL_Driver/stm32mp1xx_hal.o
LOAD ./Drivers/STM32MP1xx_HAL_Driver/stm32mp1xx_hal_adc.o
LOAD ./Drivers/STM32MP1xx_HAL_Driver/stm32mp1xx_hal_adc_ex.o
LOAD ./Drivers/STM32MP1xx_HAL_Driver/stm32mp1xx_hal_cortex.o
LOAD ./Drivers/STM32MP1xx_HAL_Driver/stm32mp1xx_hal_dma.o
LOAD ./Drivers/STM32MP1xx_HAL_Driver/stm32mp1xx_hal_dma_ex.o
LOAD ./Drivers/STM32MP1xx_HAL_Driver/stm32mp1xx_hal_exti.o
LOAD ./Drivers/STM32MP1xx_HAL_Driver/stm32mp1xx_hal_gpio.o
LOAD ./Drivers/STM32MP1xx_HAL_Driver/stm32mp1xx_hal_hsem.o
LOAD ./Drivers/STM32MP1xx_HAL_Driver/stm32mp1xx_hal_ipcc.o
LOAD ./Drivers/STM32MP1xx_HAL_Driver/stm32mp1xx_hal_mdma.o
LOAD ./Drivers/STM32MP1xx_HAL_Driver/stm32mp1xx_hal_pwr.o
LOAD ./Drivers/STM32MP1xx_HAL_Driver/stm32mp1xx_hal_pwr_ex.o
LOAD ./Drivers/STM32MP1xx_HAL_Driver/stm32mp1xx_hal_rcc.o
LOAD ./Drivers/STM32MP1xx_HAL_Driver/stm32mp1xx_hal_rcc_ex.o
LOAD ./Drivers/STM32MP1xx_HAL_Driver/stm32mp1xx_hal_tim.o
LOAD ./Drivers/STM32MP1xx_HAL_Driver/stm32mp1xx_hal_tim_ex.o
LOAD ./Drivers/STM32MP1xx_HAL_Driver/stm32mp1xx_hal_uart.o
LOAD ./Drivers/STM32MP1xx_HAL_Driver/stm32mp1xx_hal_uart_ex.o
LOAD ./Drivers/STM32MP1xx_HAL_Driver/stm32mp1xx_ll_adc.o
LOAD ./Middlewares/Third_Party/OpenAMP/condition.o
LOAD ./Middlewares/Third_Party/OpenAMP/device.o
LOAD ./Middlewares/Third_Party/OpenAMP/generic_device.o
LOAD ./Middlewares/Third_Party/OpenAMP/generic_init.o
LOAD ./Middlewares/Third_Party/OpenAMP/generic_io.o
LOAD ./Middlewares/Third_Party/OpenAMP/generic_shmem.o
LOAD ./Middlewares/Third_Party/OpenAMP/init.o
LOAD ./Middlewares/Third_Party/OpenAMP/io.o
LOAD ./Middlewares/Third_Party/OpenAMP/log.o
LOAD ./Middlewares/Third_Party/OpenAMP/remoteproc_virtio.o
LOAD ./Middlewares/Third_Party/OpenAMP/rpmsg.o
LOAD ./Middlewares/Third_Party/OpenAMP/rpmsg_virtio.o
LOAD ./Middlewares/Third_Party/OpenAMP/shmem.o
LOAD ./Middlewares/Third_Party/OpenAMP/sys.o
LOAD ./Middlewares/Third_Party/OpenAMP/time.o
LOAD ./Middlewares/Third_Party/OpenAMP/virt_uart.o
LOAD ./Middlewares/Third_Party/OpenAMP/virtio.o
LOAD ./Middlewares/Third_Party/OpenAMP/virtqueue.o
LOAD ./OPENAMP/mbox_ipcc.o
LOAD ./OPENAMP/openamp.o
LOAD ./OPENAMP/openamp_log.o
LOAD ./OPENAMP/rsc_table.o
START GROUP
LOAD C:/ST/STM32CubeIDE_1.13.2/STM32CubeIDE/plugins/com.st.stm32cube.ide.mcu.externaltools.gnu-tools-for-stm32.11.3.rel1.win32_1.1.1.202309131626/tools/bin/../lib/gcc/arm-none-eabi/11.3.1/../../../../arm-none-eabi/lib/thumb/v7e-m+fp/hard\libc_nano.a
LOAD C:/ST/STM32CubeIDE_1.13.2/STM32CubeIDE/plugins/com.st.stm32cube.ide.mcu.externaltools.gnu-tools-for-stm32.11.3.rel1.win32_1.1.1.202309131626/tools/bin/../lib/gcc/arm-none-eabi/11.3.1/../../../../arm-none-eabi/lib/thumb/v7e-m+fp/hard\libm.a
END GROUP
START GROUP
LOAD C:/ST/STM32CubeIDE_1.13.2/STM32CubeIDE/plugins/com.st.stm32cube.ide.mcu.externaltools.gnu-tools-for-stm32.11.3.rel1.win32_1.1.1.202309131626/tools/bin/../lib/gcc/arm-none-eabi/11.3.1/thumb/v7e-m+fp/hard\libgcc.a
LOAD C:/ST/STM32CubeIDE_1.13.2/STM32CubeIDE/plugins/com.st.stm32cube.ide.mcu.externaltools.gnu-tools-for-stm32.11.3.rel1.win32_1.1.1.202309131626/tools/bin/../lib/gcc/arm-none-eabi/11.3.1/../../../../arm-none-eabi/lib/thumb/v7e-m+fp/hard\libc_nano.a
END GROUP
START GROUP
LOAD C:/ST/STM32CubeIDE_1.13.2/STM32CubeIDE/plugins/com.st.stm32cube.ide.mcu.externaltools.gnu-tools-for-stm32.11.3.rel1.win32_1.1.1.202309131626/tools/bin/../lib/gcc/arm-none-eabi/11.3.1/thumb/v7e-m+fp/hard\libgcc.a
LOAD C:/ST/STM32CubeIDE_1.13.2/STM32CubeIDE/plugins/com.st.stm32cube.ide.mcu.externaltools.gnu-tools-for-stm32.11.3.rel1.win32_1.1.1.202309131626/tools/bin/../lib/gcc/arm-none-eabi/11.3.1/../../../../arm-none-eabi/lib/thumb/v7e-m+fp/hard\libc_nano.a
LOAD C:/ST/STM32CubeIDE_1.13.2/STM32CubeIDE/plugins/com.st.stm32cube.ide.mcu.externaltools.gnu-tools-for-stm32.11.3.rel1.win32_1.1.1.202309131626/tools/bin/../lib/gcc/arm-none-eabi/11.3.1/../../../../arm-none-eabi/lib/thumb/v7e-m+fp/hard\libnosys.a
END GROUP
START GROUP
LOAD C:/ST/STM32CubeIDE_1.13.2/STM32CubeIDE/plugins/com.st.stm32cube.ide.mcu.externaltools.gnu-tools-for-stm32.11.3.rel1.win32_1.1.1.202309131626/tools/bin/../lib/gcc/arm-none-eabi/11.3.1/thumb/v7e-m+fp/hard\libgcc.a
LOAD C:/ST/STM32CubeIDE_1.13.2/STM32CubeIDE/plugins/com.st.stm32cube.ide.mcu.externaltools.gnu-tools-for-stm32.11.3.rel1.win32_1.1.1.202309131626/tools/bin/../lib/gcc/arm-none-eabi/11.3.1/../../../../arm-none-eabi/lib/thumb/v7e-m+fp/hard\libc_nano.a
LOAD C:/ST/STM32CubeIDE_1.13.2/STM32CubeIDE/plugins/com.st.stm32cube.ide.mcu.externaltools.gnu-tools-for-stm32.11.3.rel1.win32_1.1.1.202309131626/tools/bin/../lib/gcc/arm-none-eabi/11.3.1/../../../../arm-none-eabi/lib/thumb/v7e-m+fp/hard\libnosys.a
END GROUP
LOAD C:/ST/STM32CubeIDE_1.13.2/STM32CubeIDE/plugins/com.st.stm32cube.ide.mcu.externaltools.gnu-tools-for-stm32.11.3.rel1.win32_1.1.1.202309131626/tools/bin/../lib/gcc/arm-none-eabi/11.3.1/thumb/v7e-m+fp/hard/crtend.o
LOAD C:/ST/STM32CubeIDE_1.13.2/STM32CubeIDE/plugins/com.st.stm32cube.ide.mcu.externaltools.gnu-tools-for-stm32.11.3.rel1.win32_1.1.1.202309131626/tools/bin/../lib/gcc/arm-none-eabi/11.3.1/thumb/v7e-m+fp/hard/crtn.o
                0x0000000010040000                _estack = (ORIGIN (SRAM2_data) + LENGTH (SRAM2_data))
                0x0000000000000200                _Min_Heap_Size = 0x200
                0x0000000000000400                _Min_Stack_Size = 0x400
                0x0000000010040000                __OPENAMP_region_start__ = ORIGIN (SRAM3_ipc_shm)
                0x0000000010050000                __OPENAMP_region_end__ = (ORIGIN (SRAM3_ipc_shm) + LENGTH (SRAM3_ipc_shm))

.isr_vector     0x0000000000000000      0x298
                0x0000000000000000                . = ALIGN (0x4)
 *(.isr_vector)
 .isr_vector    0x0000000000000000      0x298 ./Core/Startup/startup_stm32mp157facx.o
                0x0000000000000000                g_pfnVectors
                0x0000000000000298                . = ALIGN (0x4)

.text           0x0000000010000000     0xd7d4
                0x0000000010000000                . = ALIGN (0x4)
 *(.text)
 .text          0x0000000010000000       0x40 C:/ST/STM32CubeIDE_1.13.2/STM32CubeIDE/plugins/com.st.stm32cube.ide.mcu.externaltools.gnu-tools-for-stm32.11.3.rel1.win32_1.1.1.202309131626/tools/bin/../lib/gcc/arm-none-eabi/11.3.1/thumb/v7e-m+fp/hard/crtbegin.o
 .text          0x0000000010000040       0x14 C:/ST/STM32CubeIDE_1.13.2/STM32CubeIDE/plugins/com.st.stm32cube.ide.mcu.externaltools.gnu-tools-for-stm32.11.3.rel1.win32_1.1.1.202309131626/tools/bin/../lib/gcc/arm-none-eabi/11.3.1/../../../../arm-none-eabi/lib/thumb/v7e-m+fp/hard\libc_nano.a(libc_a-strcmp.o)
                0x0000000010000040                strcmp
 .text          0x0000000010000054       0x10 C:/ST/STM32CubeIDE_1.13.2/STM32CubeIDE/plugins/com.st.stm32cube.ide.mcu.externaltools.gnu-tools-for-stm32.11.3.rel1.win32_1.1.1.202309131626/tools/bin/../lib/gcc/arm-none-eabi/11.3.1/../../../../arm-none-eabi/lib/thumb/v7e-m+fp/hard\libc_nano.a(libc_a-strlen.o)
                0x0000000010000054                strlen
 *fill*         0x0000000010000064        0xc 
 .text          0x0000000010000070       0xa0 C:/ST/STM32CubeIDE_1.13.2/STM32CubeIDE/plugins/com.st.stm32cube.ide.mcu.externaltools.gnu-tools-for-stm32.11.3.rel1.win32_1.1.1.202309131626/tools/bin/../lib/gcc/arm-none-eabi/11.3.1/../../../../arm-none-eabi/lib/thumb/v7e-m+fp/hard\libc_nano.a(libc_a-memchr.o)
                0x0000000010000070                memchr
 *(.text*)
 .text.SystemInit
                0x0000000010000110       0x4c ./Common/System/system_stm32mp1xx.o
                0x0000000010000110                SystemInit
 .text.main     0x000000001000015c       0xa0 ./Core/Src/main.o
                0x000000001000015c                main
 .text.SystemClock_Config
                0x00000000100001fc      0x2ec ./Core/Src/main.o
                0x00000000100001fc                SystemClock_Config
 .text.PeriphCommonClock_Config
                0x00000000100004e8       0x5a ./Core/Src/main.o
                0x00000000100004e8                PeriphCommonClock_Config
 *fill*         0x0000000010000542        0x2 
 .text.MX_ADC2_Init
                0x0000000010000544       0xfc ./Core/Src/main.o
 .text.MX_IPCC_Init
                0x0000000010000640       0x28 ./Core/Src/main.o
 .text.MX_UART4_Init
                0x0000000010000668       0x98 ./Core/Src/main.o
 .text.MX_DMA_Init
                0x0000000010000700       0x2c ./Core/Src/main.o
 .text.MX_GPIO_Init
                0x000000001000072c       0x70 ./Core/Src/main.o
 .text.Error_Handler
                0x000000001000079c        0xa ./Core/Src/main.o
                0x000000001000079c                Error_Handler
 .text.HAL_MspInit
                0x00000000100007a6       0x6c ./Core/Src/stm32mp1xx_hal_msp.o
                0x00000000100007a6                HAL_MspInit
 *fill*         0x0000000010000812        0x2 
 .text.HAL_ADC_MspInit
                0x0000000010000814      0x174 ./Core/Src/stm32mp1xx_hal_msp.o
                0x0000000010000814                HAL_ADC_MspInit
 .text.HAL_IPCC_MspInit
                0x0000000010000988       0x4c ./Core/Src/stm32mp1xx_hal_msp.o
                0x0000000010000988                HAL_IPCC_MspInit
 .text.HAL_UART_MspInit
                0x00000000100009d4      0x108 ./Core/Src/stm32mp1xx_hal_msp.o
                0x00000000100009d4                HAL_UART_MspInit
 .text.NMI_Handler
                0x0000000010000adc        0x6 ./Core/Src/stm32mp1xx_it.o
                0x0000000010000adc                NMI_Handler
 .text.HardFault_Handler
                0x0000000010000ae2        0x6 ./Core/Src/stm32mp1xx_it.o
                0x0000000010000ae2                HardFault_Handler
 .text.MemManage_Handler
                0x0000000010000ae8        0x6 ./Core/Src/stm32mp1xx_it.o
                0x0000000010000ae8                MemManage_Handler
 .text.BusFault_Handler
                0x0000000010000aee        0x6 ./Core/Src/stm32mp1xx_it.o
                0x0000000010000aee                BusFault_Handler
 .text.UsageFault_Handler
                0x0000000010000af4        0x6 ./Core/Src/stm32mp1xx_it.o
                0x0000000010000af4                UsageFault_Handler
 .text.SVC_Handler
                0x0000000010000afa        0xe ./Core/Src/stm32mp1xx_it.o
                0x0000000010000afa                SVC_Handler
 .text.DebugMon_Handler
                0x0000000010000b08        0xe ./Core/Src/stm32mp1xx_it.o
                0x0000000010000b08                DebugMon_Handler
 .text.PendSV_Handler
                0x0000000010000b16        0xe ./Core/Src/stm32mp1xx_it.o
                0x0000000010000b16                PendSV_Handler
 .text.SysTick_Handler
                0x0000000010000b24        0xc ./Core/Src/stm32mp1xx_it.o
                0x0000000010000b24                SysTick_Handler
 .text.DMA2_Stream0_IRQHandler
                0x0000000010000b30       0x14 ./Core/Src/stm32mp1xx_it.o
                0x0000000010000b30                DMA2_Stream0_IRQHandler
 .text.IPCC_RX1_IRQHandler
                0x0000000010000b44       0x14 ./Core/Src/stm32mp1xx_it.o
                0x0000000010000b44                IPCC_RX1_IRQHandler
 .text.IPCC_TX1_IRQHandler
                0x0000000010000b58       0x14 ./Core/Src/stm32mp1xx_it.o
                0x0000000010000b58                IPCC_TX1_IRQHandler
 .text.RCC_WAKEUP_IRQHandler
                0x0000000010000b6c        0xc ./Core/Src/stm32mp1xx_it.o
                0x0000000010000b6c                RCC_WAKEUP_IRQHandler
 .text._getpid  0x0000000010000b78       0x10 ./Core/Src/syscalls.o
                0x0000000010000b78                _getpid
 .text._kill    0x0000000010000b88       0x20 ./Core/Src/syscalls.o
                0x0000000010000b88                _kill
 .text._exit    0x0000000010000ba8       0x14 ./Core/Src/syscalls.o
                0x0000000010000ba8                _exit
 .text._read    0x0000000010000bbc       0x3a ./Core/Src/syscalls.o
                0x0000000010000bbc                _read
 .text._write   0x0000000010000bf6       0x38 ./Core/Src/syscalls.o
                0x0000000010000bf6                _write
 .text._close   0x0000000010000c2e       0x18 ./Core/Src/syscalls.o
                0x0000000010000c2e                _close
 .text._fstat   0x0000000010000c46       0x20 ./Core/Src/syscalls.o
                0x0000000010000c46                _fstat
 .text._isatty  0x0000000010000c66       0x16 ./Core/Src/syscalls.o
                0x0000000010000c66                _isatty
 .text._lseek   0x0000000010000c7c       0x1a ./Core/Src/syscalls.o
                0x0000000010000c7c                _lseek
 *fill*         0x0000000010000c96        0x2 
 .text._sbrk    0x0000000010000c98       0x6c ./Core/Src/sysmem.o
                0x0000000010000c98                _sbrk
 .text.Default_Handler
                0x0000000010000d04        0x2 ./Core/Startup/startup_stm32mp157facx.o
                0x0000000010000d04                EXTI2_IRQHandler
                0x0000000010000d04                TIM8_TRG_COM_IRQHandler
                0x0000000010000d04                TIM8_CC_IRQHandler
                0x0000000010000d04                EXTI5_IRQHandler
                0x0000000010000d04                UART8_IRQHandler
                0x0000000010000d04                SPI4_IRQHandler
                0x0000000010000d04                EXTI13_IRQHandler
                0x0000000010000d04                TIM1_CC_IRQHandler
                0x0000000010000d04                DMA2_Stream5_IRQHandler
                0x0000000010000d04                ETH1_WKUP_IRQHandler
                0x0000000010000d04                TAMP_IRQHandler
                0x0000000010000d04                DMA1_Stream5_IRQHandler
                0x0000000010000d04                TIM6_IRQHandler
                0x0000000010000d04                EXTI12_IRQHandler
                0x0000000010000d04                EXTI3_IRQHandler
                0x0000000010000d04                LPTIM4_IRQHandler
                0x0000000010000d04                EXTI8_IRQHandler
                0x0000000010000d04                LPTIM2_IRQHandler
                0x0000000010000d04                DFSDM1_FLT1_IRQHandler
                0x0000000010000d04                I2C3_ER_IRQHandler
                0x0000000010000d04                DFSDM1_FLT2_IRQHandler
                0x0000000010000d04                I2C5_EV_IRQHandler
                0x0000000010000d04                MDMA_IRQHandler
                0x0000000010000d04                LPTIM3_IRQHandler
                0x0000000010000d04                EXTI0_IRQHandler
                0x0000000010000d04                I2C2_EV_IRQHandler
                0x0000000010000d04                DMA1_Stream2_IRQHandler
                0x0000000010000d04                FPU_IRQHandler
                0x0000000010000d04                USBH_OHCI_IRQHandler
                0x0000000010000d04                FDCAN1_IT1_IRQHandler
                0x0000000010000d04                LTDC_ER_IRQHandler
                0x0000000010000d04                DMA2_Stream2_IRQHandler
                0x0000000010000d04                IPCC_RX0_IRQHandler
                0x0000000010000d04                OTG_IRQHandler
                0x0000000010000d04                SPI1_IRQHandler
                0x0000000010000d04                DCMI_IRQHandler
                0x0000000010000d04                TIM8_UP_IRQHandler
                0x0000000010000d04                DMA2_Stream3_IRQHandler
                0x0000000010000d04                USBH_EHCI_IRQHandler
                0x0000000010000d04                nCTIIRQ2_IRQHandler
                0x0000000010000d04                HASH1_IRQHandler
                0x0000000010000d04                GPU_IRQHandler
                0x0000000010000d04                SAI2_IRQHandler
                0x0000000010000d04                ADC1_IRQHandler
                0x0000000010000d04                RESERVED148_IRQHandler
                0x0000000010000d04                RTC_TIMESTAMP_IRQHandler
                0x0000000010000d04                DFSDM1_FLT3_IRQHandler
                0x0000000010000d04                USART6_IRQHandler
                0x0000000010000d04                EXTI15_IRQHandler
                0x0000000010000d04                TIM17_IRQHandler
                0x0000000010000d04                USART3_IRQHandler
                0x0000000010000d04                EXTI9_IRQHandler
                0x0000000010000d04                LPTIM5_IRQHandler
                0x0000000010000d04                UART5_IRQHandler
                0x0000000010000d04                TIM4_IRQHandler
                0x0000000010000d04                CRYP2_IRQHandler
                0x0000000010000d04                QUADSPI_IRQHandler
                0x0000000010000d04                I2C1_EV_IRQHandler
                0x0000000010000d04                DMA1_Stream6_IRQHandler
                0x0000000010000d04                RESERVED99_IRQHandler
                0x0000000010000d04                DMAMUX1_OVR_IRQHandler
                0x0000000010000d04                DMA1_Stream1_IRQHandler
                0x0000000010000d04                TIM16_IRQHandler
                0x0000000010000d04                UART4_IRQHandler
                0x0000000010000d04                TIM3_IRQHandler
                0x0000000010000d04                RCC_IRQHandler
                0x0000000010000d04                TIM1_TRG_COM_IRQHandler
                0x0000000010000d04                nCTIIRQ1_IRQHandler
                0x0000000010000d04                Default_Handler
                0x0000000010000d04                CEC_IRQHandler
                0x0000000010000d04                DFSDM1_FLT4_IRQHandler
                0x0000000010000d04                TIM14_IRQHandler
                0x0000000010000d04                I2C5_ER_IRQHandler
                0x0000000010000d04                TIM13_IRQHandler
                0x0000000010000d04                DMA1_Stream7_IRQHandler
                0x0000000010000d04                IPCC_TX0_IRQHandler
                0x0000000010000d04                SPI5_IRQHandler
                0x0000000010000d04                TIM12_IRQHandler
                0x0000000010000d04                TIM7_IRQHandler
                0x0000000010000d04                SDMMC1_IRQHandler
                0x0000000010000d04                TIM5_IRQHandler
                0x0000000010000d04                DMA2_Stream7_IRQHandler
                0x0000000010000d04                TIM15_IRQHandler
                0x0000000010000d04                PVD_AVD_IRQHandler
                0x0000000010000d04                I2C3_EV_IRQHandler
                0x0000000010000d04                SDMMC3_IRQHandler
                0x0000000010000d04                ETH1_IRQHandler
                0x0000000010000d04                LTDC_IRQHandler
                0x0000000010000d04                SAI3_IRQHandler
                0x0000000010000d04                SPDIF_RX_IRQHandler
                0x0000000010000d04                ADC2_IRQHandler
                0x0000000010000d04                SPI2_IRQHandler
                0x0000000010000d04                DFSDM1_FLT5_IRQHandler
                0x0000000010000d04                DMA1_Stream0_IRQHandler
                0x0000000010000d04                EXTI14_IRQHandler
                0x0000000010000d04                EXTI11_IRQHandler
                0x0000000010000d04                CRYP1_IRQHandler
                0x0000000010000d04                RNG2_IRQHandler
                0x0000000010000d04                RNG1_IRQHandler
                0x0000000010000d04                HASH2_IRQHandler
                0x0000000010000d04                EXTI4_IRQHandler
                0x0000000010000d04                ETH1_LPI_IRQHandler
                0x0000000010000d04                FDCAN2_IT1_IRQHandler
                0x0000000010000d04                DSI_IRQHandler
                0x0000000010000d04                TIM1_UP_IRQHandler
                0x0000000010000d04                HSEM_IT2_IRQHandler
                0x0000000010000d04                SPI6_IRQHandler
                0x0000000010000d04                MDIOS_IRQHandler
                0x0000000010000d04                I2C4_EV_IRQHandler
                0x0000000010000d04                FDCAN2_IT0_IRQHandler
                0x0000000010000d04                I2C6_ER_IRQHandler
                0x0000000010000d04                FDCAN1_IT0_IRQHandler
                0x0000000010000d04                TIM2_IRQHandler
                0x0000000010000d04                EXTI7_IRQHandler
                0x0000000010000d04                TIM1_BRK_IRQHandler
                0x0000000010000d04                DAC_IRQHandler
                0x0000000010000d04                EXTI1_IRQHandler
                0x0000000010000d04                SDMMC2_IRQHandler
                0x0000000010000d04                DTS_IRQHandler
                0x0000000010000d04                UART7_IRQHandler
                0x0000000010000d04                USART2_IRQHandler
                0x0000000010000d04                I2C6_EV_IRQHandler
                0x0000000010000d04                DFSDM1_FLT0_IRQHandler
                0x0000000010000d04                SAI4_IRQHandler
                0x0000000010000d04                I2C2_ER_IRQHandler
                0x0000000010000d04                DMA2_Stream1_IRQHandler
                0x0000000010000d04                TIM8_BRK_IRQHandler
                0x0000000010000d04                WWDG1_IRQHandler
                0x0000000010000d04                DMA2_Stream4_IRQHandler
                0x0000000010000d04                USART1_IRQHandler
                0x0000000010000d04                RESERVED143_IRQHandler
                0x0000000010000d04                EXTI10_IRQHandler
                0x0000000010000d04                SPI3_IRQHandler
                0x0000000010000d04                WAKEUP_PIN_IRQHandler
                0x0000000010000d04                DMA1_Stream4_IRQHandler
                0x0000000010000d04                I2C1_ER_IRQHandler
                0x0000000010000d04                FMC_IRQHandler
                0x0000000010000d04                FDCAN_CAL_IRQHandler
                0x0000000010000d04                EXTI6_IRQHandler
                0x0000000010000d04                MPU_SEV_IRQHandler
                0x0000000010000d04                LPTIM1_IRQHandler
                0x0000000010000d04                RTC_WKUP_ALARM_IRQHandler
                0x0000000010000d04                I2C4_ER_IRQHandler
                0x0000000010000d04                DMA2_Stream6_IRQHandler
                0x0000000010000d04                SAI1_IRQHandler
                0x0000000010000d04                DMA1_Stream3_IRQHandler
                0x0000000010000d04                RESERVED4_IRQHandler
 *fill*         0x0000000010000d06        0x2 
 .text.HAL_Init
                0x0000000010000d08       0x34 ./Drivers/STM32MP1xx_HAL_Driver/stm32mp1xx_hal.o
                0x0000000010000d08                HAL_Init
 .text.HAL_InitTick
                0x0000000010000d3c       0x6c ./Drivers/STM32MP1xx_HAL_Driver/stm32mp1xx_hal.o
                0x0000000010000d3c                HAL_InitTick
 .text.HAL_IncTick
                0x0000000010000da8       0x28 ./Drivers/STM32MP1xx_HAL_Driver/stm32mp1xx_hal.o
                0x0000000010000da8                HAL_IncTick
 .text.HAL_GetTick
                0x0000000010000dd0       0x18 ./Drivers/STM32MP1xx_HAL_Driver/stm32mp1xx_hal.o
                0x0000000010000dd0                HAL_GetTick
 .text.HAL_Delay
                0x0000000010000de8       0x48 ./Drivers/STM32MP1xx_HAL_Driver/stm32mp1xx_hal.o
                0x0000000010000de8                HAL_Delay
 .text.HAL_SYSCFG_VREFBUF_VoltageScalingConfig
                0x0000000010000e30       0x28 ./Drivers/STM32MP1xx_HAL_Driver/stm32mp1xx_hal.o
                0x0000000010000e30                HAL_SYSCFG_VREFBUF_VoltageScalingConfig
 .text.HAL_SYSCFG_VREFBUF_HighImpedanceConfig
                0x0000000010000e58       0x28 ./Drivers/STM32MP1xx_HAL_Driver/stm32mp1xx_hal.o
                0x0000000010000e58                HAL_SYSCFG_VREFBUF_HighImpedanceConfig
 .text.HAL_SYSCFG_EnableVREFBUF
                0x0000000010000e80       0x4c ./Drivers/STM32MP1xx_HAL_Driver/stm32mp1xx_hal.o
                0x0000000010000e80                HAL_SYSCFG_EnableVREFBUF
 .text.LL_ADC_SetCommonClock
                0x0000000010000ecc       0x26 ./Drivers/STM32MP1xx_HAL_Driver/stm32mp1xx_hal_adc.o
 *fill*         0x0000000010000ef2        0x2 
 .text.LL_ADC_SetCommonPathInternalCh
                0x0000000010000ef4       0x44 ./Drivers/STM32MP1xx_HAL_Driver/stm32mp1xx_hal_adc.o
 .text.LL_ADC_GetCommonPathInternalCh
                0x0000000010000f38       0x1c ./Drivers/STM32MP1xx_HAL_Driver/stm32mp1xx_hal_adc.o
 .text.LL_ADC_SetOffset
                0x0000000010000f54       0x40 ./Drivers/STM32MP1xx_HAL_Driver/stm32mp1xx_hal_adc.o
 .text.LL_ADC_SetDataRightShift
                0x0000000010000f94       0x32 ./Drivers/STM32MP1xx_HAL_Driver/stm32mp1xx_hal_adc.o
 .text.LL_ADC_SetOffsetSignedSaturation
                0x0000000010000fc6       0x36 ./Drivers/STM32MP1xx_HAL_Driver/stm32mp1xx_hal_adc.o
 .text.LL_ADC_REG_IsTriggerSourceSWStart
                0x0000000010000ffc       0x26 ./Drivers/STM32MP1xx_HAL_Driver/stm32mp1xx_hal_adc.o
 .text.LL_ADC_REG_SetSequencerRanks
                0x0000000010001022       0x58 ./Drivers/STM32MP1xx_HAL_Driver/stm32mp1xx_hal_adc.o
 .text.LL_ADC_SetChannelSamplingTime
                0x000000001000107a       0x56 ./Drivers/STM32MP1xx_HAL_Driver/stm32mp1xx_hal_adc.o
 .text.LL_ADC_SetChannelSingleDiff
                0x00000000100010d0       0x48 ./Drivers/STM32MP1xx_HAL_Driver/stm32mp1xx_hal_adc.o
 .text.LL_ADC_GetMultimode
                0x0000000010001118       0x1c ./Drivers/STM32MP1xx_HAL_Driver/stm32mp1xx_hal_adc.o
 .text.LL_ADC_GetMultiDMATransfer
                0x0000000010001134       0x1c ./Drivers/STM32MP1xx_HAL_Driver/stm32mp1xx_hal_adc.o
 .text.LL_ADC_DisableDeepPowerDown
                0x0000000010001150       0x24 ./Drivers/STM32MP1xx_HAL_Driver/stm32mp1xx_hal_adc.o
 .text.LL_ADC_IsDeepPowerDownEnabled
                0x0000000010001174       0x28 ./Drivers/STM32MP1xx_HAL_Driver/stm32mp1xx_hal_adc.o
 .text.LL_ADC_EnableInternalRegulator
                0x000000001000119c       0x28 ./Drivers/STM32MP1xx_HAL_Driver/stm32mp1xx_hal_adc.o
 .text.LL_ADC_IsInternalRegulatorEnabled
                0x00000000100011c4       0x28 ./Drivers/STM32MP1xx_HAL_Driver/stm32mp1xx_hal_adc.o
 .text.LL_ADC_Enable
                0x00000000100011ec       0x28 ./Drivers/STM32MP1xx_HAL_Driver/stm32mp1xx_hal_adc.o
 .text.LL_ADC_Disable
                0x0000000010001214       0x28 ./Drivers/STM32MP1xx_HAL_Driver/stm32mp1xx_hal_adc.o
 .text.LL_ADC_IsEnabled
                0x000000001000123c       0x26 ./Drivers/STM32MP1xx_HAL_Driver/stm32mp1xx_hal_adc.o
 .text.LL_ADC_IsDisableOngoing
                0x0000000010001262       0x26 ./Drivers/STM32MP1xx_HAL_Driver/stm32mp1xx_hal_adc.o
 .text.LL_ADC_REG_StartConversion
                0x0000000010001288       0x28 ./Drivers/STM32MP1xx_HAL_Driver/stm32mp1xx_hal_adc.o
 .text.LL_ADC_REG_IsConversionOngoing
                0x00000000100012b0       0x26 ./Drivers/STM32MP1xx_HAL_Driver/stm32mp1xx_hal_adc.o
 .text.LL_ADC_INJ_IsConversionOngoing
                0x00000000100012d6       0x26 ./Drivers/STM32MP1xx_HAL_Driver/stm32mp1xx_hal_adc.o
 .text.HAL_ADC_Init
                0x00000000100012fc      0x2b4 ./Drivers/STM32MP1xx_HAL_Driver/stm32mp1xx_hal_adc.o
                0x00000000100012fc                HAL_ADC_Init
 .text.HAL_ADC_Start
                0x00000000100015b0      0x174 ./Drivers/STM32MP1xx_HAL_Driver/stm32mp1xx_hal_adc.o
                0x00000000100015b0                HAL_ADC_Start
 .text.HAL_ADC_PollForConversion
                0x0000000010001724      0x1b0 ./Drivers/STM32MP1xx_HAL_Driver/stm32mp1xx_hal_adc.o
                0x0000000010001724                HAL_ADC_PollForConversion
 .text.HAL_ADC_GetValue
                0x00000000100018d4       0x1a ./Drivers/STM32MP1xx_HAL_Driver/stm32mp1xx_hal_adc.o
                0x00000000100018d4                HAL_ADC_GetValue
 *fill*         0x00000000100018ee        0x2 
 .text.HAL_ADC_ConfigChannel
                0x00000000100018f0      0x600 ./Drivers/STM32MP1xx_HAL_Driver/stm32mp1xx_hal_adc.o
                0x00000000100018f0                HAL_ADC_ConfigChannel
 .text.ADC_Enable
                0x0000000010001ef0       0xf8 ./Drivers/STM32MP1xx_HAL_Driver/stm32mp1xx_hal_adc.o
                0x0000000010001ef0                ADC_Enable
 .text.ADC_Disable
                0x0000000010001fe8       0xbe ./Drivers/STM32MP1xx_HAL_Driver/stm32mp1xx_hal_adc.o
                0x0000000010001fe8                ADC_Disable
 *fill*         0x00000000100020a6        0x2 
 .text.ADC_ConfigureBoostMode
                0x00000000100020a8      0x16c ./Drivers/STM32MP1xx_HAL_Driver/stm32mp1xx_hal_adc.o
                0x00000000100020a8                ADC_ConfigureBoostMode
 .text.LL_ADC_StartCalibration
                0x0000000010002214       0x3c ./Drivers/STM32MP1xx_HAL_Driver/stm32mp1xx_hal_adc_ex.o
 .text.LL_ADC_IsCalibrationOnGoing
                0x0000000010002250       0x28 ./Drivers/STM32MP1xx_HAL_Driver/stm32mp1xx_hal_adc_ex.o
 .text.HAL_ADCEx_Calibration_Start
                0x0000000010002278       0xc8 ./Drivers/STM32MP1xx_HAL_Driver/stm32mp1xx_hal_adc_ex.o
                0x0000000010002278                HAL_ADCEx_Calibration_Start
 .text.__NVIC_SetPriorityGrouping
                0x0000000010002340       0x48 ./Drivers/STM32MP1xx_HAL_Driver/stm32mp1xx_hal_cortex.o
 .text.__NVIC_GetPriorityGrouping
                0x0000000010002388       0x1c ./Drivers/STM32MP1xx_HAL_Driver/stm32mp1xx_hal_cortex.o
 .text.__NVIC_EnableIRQ
                0x00000000100023a4       0x3c ./Drivers/STM32MP1xx_HAL_Driver/stm32mp1xx_hal_cortex.o
 .text.__NVIC_SetPriority
                0x00000000100023e0       0x54 ./Drivers/STM32MP1xx_HAL_Driver/stm32mp1xx_hal_cortex.o
 .text.NVIC_EncodePriority
                0x0000000010002434       0x66 ./Drivers/STM32MP1xx_HAL_Driver/stm32mp1xx_hal_cortex.o
 *fill*         0x000000001000249a        0x2 
 .text.SysTick_Config
                0x000000001000249c       0x44 ./Drivers/STM32MP1xx_HAL_Driver/stm32mp1xx_hal_cortex.o
 .text.HAL_NVIC_SetPriorityGrouping
                0x00000000100024e0       0x16 ./Drivers/STM32MP1xx_HAL_Driver/stm32mp1xx_hal_cortex.o
                0x00000000100024e0                HAL_NVIC_SetPriorityGrouping
 .text.HAL_NVIC_SetPriority
                0x00000000100024f6       0x38 ./Drivers/STM32MP1xx_HAL_Driver/stm32mp1xx_hal_cortex.o
                0x00000000100024f6                HAL_NVIC_SetPriority
 .text.HAL_NVIC_EnableIRQ
                0x000000001000252e       0x1c ./Drivers/STM32MP1xx_HAL_Driver/stm32mp1xx_hal_cortex.o
                0x000000001000252e                HAL_NVIC_EnableIRQ
 .text.HAL_SYSTICK_Config
                0x000000001000254a       0x18 ./Drivers/STM32MP1xx_HAL_Driver/stm32mp1xx_hal_cortex.o
                0x000000001000254a                HAL_SYSTICK_Config
 *fill*         0x0000000010002562        0x2 
 .text.HAL_DMA_Init
                0x0000000010002564      0x1fc ./Drivers/STM32MP1xx_HAL_Driver/stm32mp1xx_hal_dma.o
                0x0000000010002564                HAL_DMA_Init
 .text.HAL_DMA_IRQHandler
                0x0000000010002760      0x388 ./Drivers/STM32MP1xx_HAL_Driver/stm32mp1xx_hal_dma.o
                0x0000000010002760                HAL_DMA_IRQHandler
 .text.DMA_CalcBaseAndBitshift
                0x0000000010002ae8       0x6c ./Drivers/STM32MP1xx_HAL_Driver/stm32mp1xx_hal_dma.o
 .text.DMA_CheckFifoParam
                0x0000000010002b54       0xf8 ./Drivers/STM32MP1xx_HAL_Driver/stm32mp1xx_hal_dma.o
 .text.DMA_CalcDMAMUXChannelBaseAndMask
                0x0000000010002c4c       0x78 ./Drivers/STM32MP1xx_HAL_Driver/stm32mp1xx_hal_dma.o
 .text.DMA_CalcDMAMUXRequestGenBaseAndMask
                0x0000000010002cc4       0x50 ./Drivers/STM32MP1xx_HAL_Driver/stm32mp1xx_hal_dma.o
 .text.HAL_GPIO_Init
                0x0000000010002d14      0x354 ./Drivers/STM32MP1xx_HAL_Driver/stm32mp1xx_hal_gpio.o
                0x0000000010002d14                HAL_GPIO_Init
 .text.HAL_IPCC_Init
                0x0000000010003068       0x64 ./Drivers/STM32MP1xx_HAL_Driver/stm32mp1xx_hal_ipcc.o
                0x0000000010003068                HAL_IPCC_Init
 .text.HAL_IPCC_ActivateNotification
                0x00000000100030cc       0x9c ./Drivers/STM32MP1xx_HAL_Driver/stm32mp1xx_hal_ipcc.o
                0x00000000100030cc                HAL_IPCC_ActivateNotification
 .text.HAL_IPCC_GetChannelStatus
                0x0000000010003168       0x68 ./Drivers/STM32MP1xx_HAL_Driver/stm32mp1xx_hal_ipcc.o
                0x0000000010003168                HAL_IPCC_GetChannelStatus
 .text.HAL_IPCC_NotifyCPU
                0x00000000100031d0       0x8c ./Drivers/STM32MP1xx_HAL_Driver/stm32mp1xx_hal_ipcc.o
                0x00000000100031d0                HAL_IPCC_NotifyCPU
 .text.HAL_IPCC_TX_IRQHandler
                0x000000001000325c       0x9c ./Drivers/STM32MP1xx_HAL_Driver/stm32mp1xx_hal_ipcc.o
                0x000000001000325c                HAL_IPCC_TX_IRQHandler
 .text.HAL_IPCC_RX_IRQHandler
                0x00000000100032f8       0x98 ./Drivers/STM32MP1xx_HAL_Driver/stm32mp1xx_hal_ipcc.o
                0x00000000100032f8                HAL_IPCC_RX_IRQHandler
 .text.HAL_IPCC_RxCallback
                0x0000000010003390       0x1a ./Drivers/STM32MP1xx_HAL_Driver/stm32mp1xx_hal_ipcc.o
                0x0000000010003390                HAL_IPCC_RxCallback
 .text.HAL_IPCC_TxCallback
                0x00000000100033aa       0x1a ./Drivers/STM32MP1xx_HAL_Driver/stm32mp1xx_hal_ipcc.o
                0x00000000100033aa                HAL_IPCC_TxCallback
 .text.IPCC_UnmaskInterrupt
                0x00000000100033c4       0x5c ./Drivers/STM32MP1xx_HAL_Driver/stm32mp1xx_hal_ipcc.o
                0x00000000100033c4                IPCC_UnmaskInterrupt
 .text.IPCC_SetDefaultCallbacks
                0x0000000010003420       0x4c ./Drivers/STM32MP1xx_HAL_Driver/stm32mp1xx_hal_ipcc.o
                0x0000000010003420                IPCC_SetDefaultCallbacks
 .text.IPCC_Reset_Register
                0x000000001000346c       0x28 ./Drivers/STM32MP1xx_HAL_Driver/stm32mp1xx_hal_ipcc.o
                0x000000001000346c                IPCC_Reset_Register
 .text.HAL_PWR_EnableBkUpAccess
                0x0000000010003494       0x20 ./Drivers/STM32MP1xx_HAL_Driver/stm32mp1xx_hal_pwr.o
                0x0000000010003494                HAL_PWR_EnableBkUpAccess
 .text.HAL_RCC_OscConfig
                0x00000000100034b4      0x664 ./Drivers/STM32MP1xx_HAL_Driver/stm32mp1xx_hal_rcc.o
                0x00000000100034b4                HAL_RCC_OscConfig
 .text.HAL_RCC_HSEConfig
                0x0000000010003b18       0xd6 ./Drivers/STM32MP1xx_HAL_Driver/stm32mp1xx_hal_rcc.o
                0x0000000010003b18                HAL_RCC_HSEConfig
 .text.HAL_RCC_LSEConfig
                0x0000000010003bee       0xfa ./Drivers/STM32MP1xx_HAL_Driver/stm32mp1xx_hal_rcc.o
                0x0000000010003bee                HAL_RCC_LSEConfig
 .text.RCC_PLL1_Config
                0x0000000010003ce8      0x308 ./Drivers/STM32MP1xx_HAL_Driver/stm32mp1xx_hal_rcc.o
                0x0000000010003ce8                RCC_PLL1_Config
 .text.HAL_RCC_ClockConfig
                0x0000000010003ff0      0x224 ./Drivers/STM32MP1xx_HAL_Driver/stm32mp1xx_hal_rcc.o
                0x0000000010003ff0                HAL_RCC_ClockConfig
 .text.RCC_MPUConfig
                0x0000000010004214       0xec ./Drivers/STM32MP1xx_HAL_Driver/stm32mp1xx_hal_rcc.o
                0x0000000010004214                RCC_MPUConfig
 .text.RCC_AXISSConfig
                0x0000000010004300      0x12e ./Drivers/STM32MP1xx_HAL_Driver/stm32mp1xx_hal_rcc.o
                0x0000000010004300                RCC_AXISSConfig
 *fill*         0x000000001000442e        0x2 
 .text.RCC_MCUConfig
                0x0000000010004430      0x150 ./Drivers/STM32MP1xx_HAL_Driver/stm32mp1xx_hal_rcc.o
                0x0000000010004430                RCC_MCUConfig
 .text.HAL_RCC_GetPLL2ClockFreq
                0x0000000010004580      0x1d8 ./Drivers/STM32MP1xx_HAL_Driver/stm32mp1xx_hal_rcc.o
                0x0000000010004580                HAL_RCC_GetPLL2ClockFreq
 .text.HAL_RCC_GetPLL3ClockFreq
                0x0000000010004758      0x1f4 ./Drivers/STM32MP1xx_HAL_Driver/stm32mp1xx_hal_rcc.o
                0x0000000010004758                HAL_RCC_GetPLL3ClockFreq
 .text.HAL_RCC_GetPLL4ClockFreq
                0x000000001000494c      0x210 ./Drivers/STM32MP1xx_HAL_Driver/stm32mp1xx_hal_rcc.o
                0x000000001000494c                HAL_RCC_GetPLL4ClockFreq
 .text.HAL_RCC_GetPCLK1Freq
                0x0000000010004b5c       0x36 ./Drivers/STM32MP1xx_HAL_Driver/stm32mp1xx_hal_rcc.o
                0x0000000010004b5c                HAL_RCC_GetPCLK1Freq
 .text.HAL_RCC_GetPCLK2Freq
                0x0000000010004b92       0x36 ./Drivers/STM32MP1xx_HAL_Driver/stm32mp1xx_hal_rcc.o
                0x0000000010004b92                HAL_RCC_GetPCLK2Freq
 .text.HAL_RCC_GetPCLK3Freq
                0x0000000010004bc8       0x36 ./Drivers/STM32MP1xx_HAL_Driver/stm32mp1xx_hal_rcc.o
                0x0000000010004bc8                HAL_RCC_GetPCLK3Freq
 .text.HAL_RCC_GetPCLK5Freq
                0x0000000010004bfe       0x34 ./Drivers/STM32MP1xx_HAL_Driver/stm32mp1xx_hal_rcc.o
                0x0000000010004bfe                HAL_RCC_GetPCLK5Freq
 .text.HAL_RCC_GetACLKFreq
                0x0000000010004c32       0x3a ./Drivers/STM32MP1xx_HAL_Driver/stm32mp1xx_hal_rcc.o
                0x0000000010004c32                HAL_RCC_GetACLKFreq
 .text.HAL_RCC_GetHCLK6Freq
                0x0000000010004c6c        0xe ./Drivers/STM32MP1xx_HAL_Driver/stm32mp1xx_hal_rcc.o
                0x0000000010004c6c                HAL_RCC_GetHCLK6Freq
 .text.HAL_RCC_GetHCLK2Freq
                0x0000000010004c7a        0xe ./Drivers/STM32MP1xx_HAL_Driver/stm32mp1xx_hal_rcc.o
                0x0000000010004c7a                HAL_RCC_GetHCLK2Freq
 .text.HAL_RCC_GetMLHCLKFreq
                0x0000000010004c88        0xe ./Drivers/STM32MP1xx_HAL_Driver/stm32mp1xx_hal_rcc.o
                0x0000000010004c88                HAL_RCC_GetMLHCLKFreq
 .text.HAL_RCC_GetMCUFreq
                0x0000000010004c96       0x36 ./Drivers/STM32MP1xx_HAL_Driver/stm32mp1xx_hal_rcc.o
                0x0000000010004c96                HAL_RCC_GetMCUFreq
 .text.RCC_GetCKPERFreq
                0x0000000010004ccc       0x60 ./Drivers/STM32MP1xx_HAL_Driver/stm32mp1xx_hal_rcc.o
                0x0000000010004ccc                RCC_GetCKPERFreq
 .text.HAL_RCC_GetSystemCoreClockFreq
                0x0000000010004d2c        0xe ./Drivers/STM32MP1xx_HAL_Driver/stm32mp1xx_hal_rcc.o
                0x0000000010004d2c                HAL_RCC_GetSystemCoreClockFreq
 *fill*         0x0000000010004d3a        0x2 
 .text.HAL_RCC_GetAXISSFreq
                0x0000000010004d3c       0x7c ./Drivers/STM32MP1xx_HAL_Driver/stm32mp1xx_hal_rcc.o
                0x0000000010004d3c                HAL_RCC_GetAXISSFreq
 .text.HAL_RCC_GetMCUSSFreq
                0x0000000010004db8       0x74 ./Drivers/STM32MP1xx_HAL_Driver/stm32mp1xx_hal_rcc.o
                0x0000000010004db8                HAL_RCC_GetMCUSSFreq
 .text.HAL_RCC_WAKEUP_IRQHandler
                0x0000000010004e2c       0x2a ./Drivers/STM32MP1xx_HAL_Driver/stm32mp1xx_hal_rcc.o
                0x0000000010004e2c                HAL_RCC_WAKEUP_IRQHandler
 .text.HAL_RCC_WAKEUP_Callback
                0x0000000010004e56        0xe ./Drivers/STM32MP1xx_HAL_Driver/stm32mp1xx_hal_rcc.o
                0x0000000010004e56                HAL_RCC_WAKEUP_Callback
 .text.RCCEx_PLL2_Config
                0x0000000010004e64      0x304 ./Drivers/STM32MP1xx_HAL_Driver/stm32mp1xx_hal_rcc_ex.o
                0x0000000010004e64                RCCEx_PLL2_Config
 .text.RCCEx_PLL3_Config
                0x0000000010005168      0x2d4 ./Drivers/STM32MP1xx_HAL_Driver/stm32mp1xx_hal_rcc_ex.o
                0x0000000010005168                RCCEx_PLL3_Config
 .text.RCCEx_PLL4_Config
                0x000000001000543c      0x2b0 ./Drivers/STM32MP1xx_HAL_Driver/stm32mp1xx_hal_rcc_ex.o
                0x000000001000543c                RCCEx_PLL4_Config
 .text.HAL_RCCEx_PeriphCLKConfig
                0x00000000100056ec     0x1d28 ./Drivers/STM32MP1xx_HAL_Driver/stm32mp1xx_hal_rcc_ex.o
                0x00000000100056ec                HAL_RCCEx_PeriphCLKConfig
 .text.HAL_RCCEx_GetPeriphCLKFreq
                0x0000000010007414     0x15a0 ./Drivers/STM32MP1xx_HAL_Driver/stm32mp1xx_hal_rcc_ex.o
                0x0000000010007414                HAL_RCCEx_GetPeriphCLKFreq
 .text.HAL_UART_Init
                0x00000000100089b4       0xa0 ./Drivers/STM32MP1xx_HAL_Driver/stm32mp1xx_hal_uart.o
                0x00000000100089b4                HAL_UART_Init
 .text.HAL_UART_Transmit
                0x0000000010008a54      0x12e ./Drivers/STM32MP1xx_HAL_Driver/stm32mp1xx_hal_uart.o
                0x0000000010008a54                HAL_UART_Transmit
 *fill*         0x0000000010008b82        0x2 
 .text.UART_SetConfig
                0x0000000010008b84     0x114c ./Drivers/STM32MP1xx_HAL_Driver/stm32mp1xx_hal_uart.o
                0x0000000010008b84                UART_SetConfig
 .text.UART_AdvFeatureConfig
                0x0000000010009cd0      0x144 ./Drivers/STM32MP1xx_HAL_Driver/stm32mp1xx_hal_uart.o
                0x0000000010009cd0                UART_AdvFeatureConfig
 .text.UART_CheckIdleState
                0x0000000010009e14       0x90 ./Drivers/STM32MP1xx_HAL_Driver/stm32mp1xx_hal_uart.o
                0x0000000010009e14                UART_CheckIdleState
 .text.UART_WaitOnFlagUntilTimeout
                0x0000000010009ea4      0x100 ./Drivers/STM32MP1xx_HAL_Driver/stm32mp1xx_hal_uart.o
                0x0000000010009ea4                UART_WaitOnFlagUntilTimeout
 .text.HAL_UARTEx_DisableFifoMode
                0x0000000010009fa4       0x72 ./Drivers/STM32MP1xx_HAL_Driver/stm32mp1xx_hal_uart_ex.o
                0x0000000010009fa4                HAL_UARTEx_DisableFifoMode
 .text.HAL_UARTEx_SetTxFifoThreshold
                0x000000001000a016       0x7c ./Drivers/STM32MP1xx_HAL_Driver/stm32mp1xx_hal_uart_ex.o
                0x000000001000a016                HAL_UARTEx_SetTxFifoThreshold
 .text.HAL_UARTEx_SetRxFifoThreshold
                0x000000001000a092       0x7c ./Drivers/STM32MP1xx_HAL_Driver/stm32mp1xx_hal_uart_ex.o
                0x000000001000a092                HAL_UARTEx_SetRxFifoThreshold
 *fill*         0x000000001000a10e        0x2 
 .text.UARTEx_SetNbDataToProcess
                0x000000001000a110       0xc8 ./Drivers/STM32MP1xx_HAL_Driver/stm32mp1xx_hal_uart_ex.o
 .text.metal_list_init
                0x000000001000a1d8       0x20 ./Middlewares/Third_Party/OpenAMP/device.o
 .text.metal_list_add_before
                0x000000001000a1f8       0x34 ./Middlewares/Third_Party/OpenAMP/device.o
 .text.metal_list_add_tail
                0x000000001000a22c       0x1a ./Middlewares/Third_Party/OpenAMP/device.o
 .text.__metal_cache_flush
                0x000000001000a246       0x1a ./Middlewares/Third_Party/OpenAMP/device.o
 .text.__metal_cache_invalidate
                0x000000001000a260       0x1a ./Middlewares/Third_Party/OpenAMP/device.o
 .text.metal_cache_flush
                0x000000001000a27a       0x1a ./Middlewares/Third_Party/OpenAMP/device.o
 .text.metal_cache_invalidate
                0x000000001000a294       0x1a ./Middlewares/Third_Party/OpenAMP/device.o
 *fill*         0x000000001000a2ae        0x2 
 .text.metal_bus_register
                0x000000001000a2b0       0x88 ./Middlewares/Third_Party/OpenAMP/device.o
                0x000000001000a2b0                metal_bus_register
 .text.metal_bus_find
                0x000000001000a338       0x5c ./Middlewares/Third_Party/OpenAMP/device.o
                0x000000001000a338                metal_bus_find
 .text.metal_device_open
                0x000000001000a394       0x7c ./Middlewares/Third_Party/OpenAMP/device.o
                0x000000001000a394                metal_device_open
 .text.metal_register_generic_device
                0x000000001000a410       0x4c ./Middlewares/Third_Party/OpenAMP/device.o
                0x000000001000a410                metal_register_generic_device
 .text.metal_generic_dev_open
                0x000000001000a45c       0x60 ./Middlewares/Third_Party/OpenAMP/device.o
                0x000000001000a45c                metal_generic_dev_open
 .text.metal_generic_dev_dma_map
                0x000000001000a4bc       0xa2 ./Middlewares/Third_Party/OpenAMP/device.o
                0x000000001000a4bc                metal_generic_dev_dma_map
 .text.metal_generic_dev_dma_unmap
                0x000000001000a55e       0x56 ./Middlewares/Third_Party/OpenAMP/device.o
                0x000000001000a55e                metal_generic_dev_dma_unmap
 .text.metal_generic_dev_sys_open
                0x000000001000a5b4       0x4e ./Middlewares/Third_Party/OpenAMP/generic_device.o
                0x000000001000a5b4                metal_generic_dev_sys_open
 *fill*         0x000000001000a602        0x2 
 .text.metal_sys_init
                0x000000001000a604       0x1c ./Middlewares/Third_Party/OpenAMP/generic_init.o
                0x000000001000a604                metal_sys_init
 .text.metal_sys_io_mem_map
                0x000000001000a620       0x7c ./Middlewares/Third_Party/OpenAMP/generic_io.o
                0x000000001000a620                metal_sys_io_mem_map
 .text.metal_list_init
                0x000000001000a69c       0x20 ./Middlewares/Third_Party/OpenAMP/init.o
 .text.metal_init
                0x000000001000a6bc       0x64 ./Middlewares/Third_Party/OpenAMP/init.o
                0x000000001000a6bc                metal_init
 .text.metal_io_virt
                0x000000001000a720       0x38 ./Middlewares/Third_Party/OpenAMP/io.o
 .text.metal_io_init
                0x000000001000a758       0x9a ./Middlewares/Third_Party/OpenAMP/io.o
                0x000000001000a758                metal_io_init
 .text.metal_io_block_read
                0x000000001000a7f2       0xea ./Middlewares/Third_Party/OpenAMP/io.o
                0x000000001000a7f2                metal_io_block_read
 .text.metal_io_block_write
                0x000000001000a8dc       0xe8 ./Middlewares/Third_Party/OpenAMP/io.o
                0x000000001000a8dc                metal_io_block_write
 .text.metal_default_log_handler
                0x000000001000a9c4       0x1a ./Middlewares/Third_Party/OpenAMP/log.o
                0x000000001000a9c4                metal_default_log_handler
 .text.metal_io_virt
                0x000000001000a9de       0x38 ./Middlewares/Third_Party/OpenAMP/remoteproc_virtio.o
 .text.metal_io_virt_to_offset
                0x000000001000aa16       0x32 ./Middlewares/Third_Party/OpenAMP/remoteproc_virtio.o
 .text.metal_io_read
                0x000000001000aa48      0x104 ./Middlewares/Third_Party/OpenAMP/remoteproc_virtio.o
 .text.metal_allocate_memory
                0x000000001000ab4c       0x18 ./Middlewares/Third_Party/OpenAMP/remoteproc_virtio.o
 .text.metal_free_memory
                0x000000001000ab64       0x16 ./Middlewares/Third_Party/OpenAMP/remoteproc_virtio.o
 .text.virtqueue_allocate
                0x000000001000ab7a       0x32 ./Middlewares/Third_Party/OpenAMP/remoteproc_virtio.o
 .text.rproc_virtio_virtqueue_notify
                0x000000001000abac       0x68 ./Middlewares/Third_Party/OpenAMP/remoteproc_virtio.o
 .text.rproc_virtio_get_status
                0x000000001000ac14       0x44 ./Middlewares/Third_Party/OpenAMP/remoteproc_virtio.o
 .text.rproc_virtio_get_dfeatures
                0x000000001000ac58       0x44 ./Middlewares/Third_Party/OpenAMP/remoteproc_virtio.o
 .text.rproc_virtio_get_features
                0x000000001000ac9c       0x50 ./Middlewares/Third_Party/OpenAMP/remoteproc_virtio.o
 .text.rproc_virtio_read_config
                0x000000001000acec       0x66 ./Middlewares/Third_Party/OpenAMP/remoteproc_virtio.o
 *fill*         0x000000001000ad52        0x2 
 .text.rproc_virtio_create_vdev
                0x000000001000ad54      0x15c ./Middlewares/Third_Party/OpenAMP/remoteproc_virtio.o
                0x000000001000ad54                rproc_virtio_create_vdev
 .text.rproc_virtio_init_vring
                0x000000001000aeb0       0x62 ./Middlewares/Third_Party/OpenAMP/remoteproc_virtio.o
                0x000000001000aeb0                rproc_virtio_init_vring
 .text.rproc_virtio_wait_remote_ready
                0x000000001000af12       0x32 ./Middlewares/Third_Party/OpenAMP/remoteproc_virtio.o
                0x000000001000af12                rproc_virtio_wait_remote_ready
 .text.metal_list_add_before
                0x000000001000af44       0x34 ./Middlewares/Third_Party/OpenAMP/rpmsg.o
 .text.metal_list_add_tail
                0x000000001000af78       0x1a ./Middlewares/Third_Party/OpenAMP/rpmsg.o
 .text.rpmsg_get_endpoint
                0x000000001000af92       0xc0 ./Middlewares/Third_Party/OpenAMP/rpmsg.o
                0x000000001000af92                rpmsg_get_endpoint
 .text.rpmsg_register_endpoint
                0x000000001000b052       0x26 ./Middlewares/Third_Party/OpenAMP/rpmsg.o
                0x000000001000b052                rpmsg_register_endpoint
 .text.__metal_sleep_usec
                0x000000001000b078       0x16 ./Middlewares/Third_Party/OpenAMP/rpmsg_virtio.o
 .text.metal_sleep_usec
                0x000000001000b08e       0x18 ./Middlewares/Third_Party/OpenAMP/rpmsg_virtio.o
 .text.metal_list_init
                0x000000001000b0a6       0x20 ./Middlewares/Third_Party/OpenAMP/rpmsg_virtio.o
 .text.metal_io_virt_to_offset
                0x000000001000b0c6       0x32 ./Middlewares/Third_Party/OpenAMP/rpmsg_virtio.o
 .text.__metal_mutex_init
                0x000000001000b0f8       0x2c ./Middlewares/Third_Party/OpenAMP/rpmsg_virtio.o
 .text.__metal_mutex_acquire
                0x000000001000b124       0x5e ./Middlewares/Third_Party/OpenAMP/rpmsg_virtio.o
 .text.__metal_mutex_release
                0x000000001000b182       0x2c ./Middlewares/Third_Party/OpenAMP/rpmsg_virtio.o
 .text.metal_mutex_init
                0x000000001000b1ae       0x16 ./Middlewares/Third_Party/OpenAMP/rpmsg_virtio.o
 .text.metal_mutex_acquire
                0x000000001000b1c4       0x16 ./Middlewares/Third_Party/OpenAMP/rpmsg_virtio.o
 .text.metal_mutex_release
                0x000000001000b1da       0x16 ./Middlewares/Third_Party/OpenAMP/rpmsg_virtio.o
 .text.rpmsg_virtio_get_role
                0x000000001000b1f0       0x1a ./Middlewares/Third_Party/OpenAMP/rpmsg_virtio.o
 .text.rpmsg_virtio_set_status
                0x000000001000b20a       0x26 ./Middlewares/Third_Party/OpenAMP/rpmsg_virtio.o
 .text.rpmsg_virtio_get_status
                0x000000001000b230       0x22 ./Middlewares/Third_Party/OpenAMP/rpmsg_virtio.o
 .text.rpmsg_virtio_get_features
                0x000000001000b252       0x22 ./Middlewares/Third_Party/OpenAMP/rpmsg_virtio.o
 .text.rpmsg_virtio_create_virtqueues
                0x000000001000b274       0x2a ./Middlewares/Third_Party/OpenAMP/rpmsg_virtio.o
 *fill*         0x000000001000b29e        0x2 
 .text.rpmsg_initialize_ept
                0x000000001000b2a0       0x48 ./Middlewares/Third_Party/OpenAMP/rpmsg_virtio.o
 .text.rpmsg_get_ept_from_addr
                0x000000001000b2e8       0x22 ./Middlewares/Third_Party/OpenAMP/rpmsg_virtio.o
 .text.rpmsg_virtio_init_shm_pool
                0x000000001000b30a       0x32 ./Middlewares/Third_Party/OpenAMP/rpmsg_virtio.o
                0x000000001000b30a                rpmsg_virtio_init_shm_pool
 .text.rpmsg_virtio_return_buffer
                0x000000001000b33c       0x32 ./Middlewares/Third_Party/OpenAMP/rpmsg_virtio.o
 .text.rpmsg_virtio_enqueue_buffer
                0x000000001000b36e       0x3a ./Middlewares/Third_Party/OpenAMP/rpmsg_virtio.o
 .text.rpmsg_virtio_get_tx_buffer
                0x000000001000b3a8       0x3a ./Middlewares/Third_Party/OpenAMP/rpmsg_virtio.o
 .text.rpmsg_virtio_get_rx_buffer
                0x000000001000b3e2       0x38 ./Middlewares/Third_Party/OpenAMP/rpmsg_virtio.o
 .text.rpmsg_virtio_wait_remote_ready
                0x000000001000b41a       0x3a ./Middlewares/Third_Party/OpenAMP/rpmsg_virtio.o
 .text.rpmsg_virtio_hold_rx_buffer
                0x000000001000b454       0x28 ./Middlewares/Third_Party/OpenAMP/rpmsg_virtio.o
 .text.rpmsg_virtio_release_rx_buffer
                0x000000001000b47c       0x52 ./Middlewares/Third_Party/OpenAMP/rpmsg_virtio.o
 .text.rpmsg_virtio_get_tx_payload_buffer
                0x000000001000b4ce       0xa4 ./Middlewares/Third_Party/OpenAMP/rpmsg_virtio.o
 *fill*         0x000000001000b572        0x2 
 .text.rpmsg_virtio_send_offchannel_nocopy
                0x000000001000b574       0xd8 ./Middlewares/Third_Party/OpenAMP/rpmsg_virtio.o
 .text.rpmsg_virtio_send_offchannel_raw
                0x000000001000b64c       0x98 ./Middlewares/Third_Party/OpenAMP/rpmsg_virtio.o
 .text.rpmsg_virtio_tx_callback
                0x000000001000b6e4       0x14 ./Middlewares/Third_Party/OpenAMP/rpmsg_virtio.o
 .text.rpmsg_virtio_rx_callback
                0x000000001000b6f8      0x124 ./Middlewares/Third_Party/OpenAMP/rpmsg_virtio.o
 .text.rpmsg_virtio_ns_callback
                0x000000001000b81c       0xe6 ./Middlewares/Third_Party/OpenAMP/rpmsg_virtio.o
 *fill*         0x000000001000b902        0x2 
 .text.rpmsg_init_vdev
                0x000000001000b904      0x1a0 ./Middlewares/Third_Party/OpenAMP/rpmsg_virtio.o
                0x000000001000b904                rpmsg_init_vdev
 .text.metal_machine_cache_flush
                0x000000001000baa4       0x16 ./Middlewares/Third_Party/OpenAMP/sys.o
                0x000000001000baa4                metal_machine_cache_flush
 .text.metal_machine_cache_invalidate
                0x000000001000baba       0x16 ./Middlewares/Third_Party/OpenAMP/sys.o
                0x000000001000baba                metal_machine_cache_invalidate
 .text.metal_machine_io_mem_map
                0x000000001000bad0       0x1c ./Middlewares/Third_Party/OpenAMP/sys.o
                0x000000001000bad0                metal_machine_io_mem_map
 .text.virtio_create_virtqueues
                0x000000001000baec       0x9c ./Middlewares/Third_Party/OpenAMP/virtio.o
                0x000000001000baec                virtio_create_virtqueues
 .text.vring_init
                0x000000001000bb88       0x52 ./Middlewares/Third_Party/OpenAMP/virtqueue.o
 .text.vring_need_event
                0x000000001000bbda       0x3c ./Middlewares/Third_Party/OpenAMP/virtqueue.o
 .text.metal_io_virt
                0x000000001000bc16       0x38 ./Middlewares/Third_Party/OpenAMP/virtqueue.o
 .text.metal_io_phys
                0x000000001000bc4e       0x6e ./Middlewares/Third_Party/OpenAMP/virtqueue.o
 .text.metal_io_phys_to_offset
                0x000000001000bcbc       0x76 ./Middlewares/Third_Party/OpenAMP/virtqueue.o
 .text.metal_io_phys_to_virt
                0x000000001000bd32       0x26 ./Middlewares/Third_Party/OpenAMP/virtqueue.o
 .text.virtqueue_phys_to_virt
                0x000000001000bd58       0x22 ./Middlewares/Third_Party/OpenAMP/virtqueue.o
 .text.virtqueue_create
                0x000000001000bd7a       0x62 ./Middlewares/Third_Party/OpenAMP/virtqueue.o
                0x000000001000bd7a                virtqueue_create
 .text.virtqueue_get_buffer_length
                0x000000001000bddc       0x24 ./Middlewares/Third_Party/OpenAMP/virtqueue.o
                0x000000001000bddc                virtqueue_get_buffer_length
 .text.virtqueue_get_available_buffer
                0x000000001000be00       0x90 ./Middlewares/Third_Party/OpenAMP/virtqueue.o
                0x000000001000be00                virtqueue_get_available_buffer
 .text.virtqueue_add_consumed_buffer
                0x000000001000be90       0x84 ./Middlewares/Third_Party/OpenAMP/virtqueue.o
                0x000000001000be90                virtqueue_add_consumed_buffer
 .text.virtqueue_disable_cb
                0x000000001000bf14       0x70 ./Middlewares/Third_Party/OpenAMP/virtqueue.o
                0x000000001000bf14                virtqueue_disable_cb
 .text.virtqueue_kick
                0x000000001000bf84       0x2c ./Middlewares/Third_Party/OpenAMP/virtqueue.o
                0x000000001000bf84                virtqueue_kick
 .text.vq_ring_init
                0x000000001000bfb0       0x2c ./Middlewares/Third_Party/OpenAMP/virtqueue.o
 .text.vq_ring_must_notify
                0x000000001000bfdc       0x9c ./Middlewares/Third_Party/OpenAMP/virtqueue.o
 .text.vq_ring_notify
                0x000000001000c078       0x20 ./Middlewares/Third_Party/OpenAMP/virtqueue.o
 .text.MAILBOX_Init
                0x000000001000c098       0x48 ./OPENAMP/mbox_ipcc.o
                0x000000001000c098                MAILBOX_Init
 .text.MAILBOX_Notify
                0x000000001000c0e0       0x64 ./OPENAMP/mbox_ipcc.o
                0x000000001000c0e0                MAILBOX_Notify
 .text.IPCC_channel1_callback
                0x000000001000c144       0x2c ./OPENAMP/mbox_ipcc.o
                0x000000001000c144                IPCC_channel1_callback
 .text.IPCC_channel2_callback
                0x000000001000c170       0x2c ./OPENAMP/mbox_ipcc.o
                0x000000001000c170                IPCC_channel2_callback
 .text.metal_device_io_region
                0x000000001000c19c       0x36 ./OPENAMP/openamp.o
 *fill*         0x000000001000c1d2        0x2 
 .text.OPENAMP_shmem_init
                0x000000001000c1d4      0x140 ./OPENAMP/openamp.o
 .text.MX_OPENAMP_Init
                0x000000001000c314      0x128 ./OPENAMP/openamp.o
                0x000000001000c314                MX_OPENAMP_Init
 .text.resource_table_init
                0x000000001000c43c       0x28 ./OPENAMP/rsc_table.o
                0x000000001000c43c                resource_table_init
 .text.__assert_func
                0x000000001000c464       0x3c C:/ST/STM32CubeIDE_1.13.2/STM32CubeIDE/plugins/com.st.stm32cube.ide.mcu.externaltools.gnu-tools-for-stm32.11.3.rel1.win32_1.1.1.202309131626/tools/bin/../lib/gcc/arm-none-eabi/11.3.1/../../../../arm-none-eabi/lib/thumb/v7e-m+fp/hard\libc_nano.a(libc_a-assert.o)
                0x000000001000c464                __assert_func
 .text.malloc   0x000000001000c4a0       0x10 C:/ST/STM32CubeIDE_1.13.2/STM32CubeIDE/plugins/com.st.stm32cube.ide.mcu.externaltools.gnu-tools-for-stm32.11.3.rel1.win32_1.1.1.202309131626/tools/bin/../lib/gcc/arm-none-eabi/11.3.1/../../../../arm-none-eabi/lib/thumb/v7e-m+fp/hard\libc_nano.a(libc_a-malloc.o)
                0x000000001000c4a0                malloc
 .text.free     0x000000001000c4b0       0x10 C:/ST/STM32CubeIDE_1.13.2/STM32CubeIDE/plugins/com.st.stm32cube.ide.mcu.externaltools.gnu-tools-for-stm32.11.3.rel1.win32_1.1.1.202309131626/tools/bin/../lib/gcc/arm-none-eabi/11.3.1/../../../../arm-none-eabi/lib/thumb/v7e-m+fp/hard\libc_nano.a(libc_a-malloc.o)
                0x000000001000c4b0                free
 .text.sbrk_aligned
                0x000000001000c4c0       0x40 C:/ST/STM32CubeIDE_1.13.2/STM32CubeIDE/plugins/com.st.stm32cube.ide.mcu.externaltools.gnu-tools-for-stm32.11.3.rel1.win32_1.1.1.202309131626/tools/bin/../lib/gcc/arm-none-eabi/11.3.1/../../../../arm-none-eabi/lib/thumb/v7e-m+fp/hard\libc_nano.a(libc_a-mallocr.o)
 .text._malloc_r
                0x000000001000c500      0x100 C:/ST/STM32CubeIDE_1.13.2/STM32CubeIDE/plugins/com.st.stm32cube.ide.mcu.externaltools.gnu-tools-for-stm32.11.3.rel1.win32_1.1.1.202309131626/tools/bin/../lib/gcc/arm-none-eabi/11.3.1/../../../../arm-none-eabi/lib/thumb/v7e-m+fp/hard\libc_nano.a(libc_a-mallocr.o)
                0x000000001000c500                _malloc_r
 .text.__malloc_lock
                0x000000001000c600        0xc C:/ST/STM32CubeIDE_1.13.2/STM32CubeIDE/plugins/com.st.stm32cube.ide.mcu.externaltools.gnu-tools-for-stm32.11.3.rel1.win32_1.1.1.202309131626/tools/bin/../lib/gcc/arm-none-eabi/11.3.1/../../../../arm-none-eabi/lib/thumb/v7e-m+fp/hard\libc_nano.a(libc_a-mlock.o)
                0x000000001000c600                __malloc_lock
 .text.__malloc_unlock
                0x000000001000c60c        0xc C:/ST/STM32CubeIDE_1.13.2/STM32CubeIDE/plugins/com.st.stm32cube.ide.mcu.externaltools.gnu-tools-for-stm32.11.3.rel1.win32_1.1.1.202309131626/tools/bin/../lib/gcc/arm-none-eabi/11.3.1/../../../../arm-none-eabi/lib/thumb/v7e-m+fp/hard\libc_nano.a(libc_a-mlock.o)
                0x000000001000c60c                __malloc_unlock
 .text.std      0x000000001000c618       0x6c C:/ST/STM32CubeIDE_1.13.2/STM32CubeIDE/plugins/com.st.stm32cube.ide.mcu.externaltools.gnu-tools-for-stm32.11.3.rel1.win32_1.1.1.202309131626/tools/bin/../lib/gcc/arm-none-eabi/11.3.1/../../../../arm-none-eabi/lib/thumb/v7e-m+fp/hard\libc_nano.a(libc_a-findfp.o)
 .text.stdio_exit_handler
                0x000000001000c684       0x18 C:/ST/STM32CubeIDE_1.13.2/STM32CubeIDE/plugins/com.st.stm32cube.ide.mcu.externaltools.gnu-tools-for-stm32.11.3.rel1.win32_1.1.1.202309131626/tools/bin/../lib/gcc/arm-none-eabi/11.3.1/../../../../arm-none-eabi/lib/thumb/v7e-m+fp/hard\libc_nano.a(libc_a-findfp.o)
 .text.cleanup_stdio
                0x000000001000c69c       0x40 C:/ST/STM32CubeIDE_1.13.2/STM32CubeIDE/plugins/com.st.stm32cube.ide.mcu.externaltools.gnu-tools-for-stm32.11.3.rel1.win32_1.1.1.202309131626/tools/bin/../lib/gcc/arm-none-eabi/11.3.1/../../../../arm-none-eabi/lib/thumb/v7e-m+fp/hard\libc_nano.a(libc_a-findfp.o)
 .text.global_stdio_init.part.0
                0x000000001000c6dc       0x3c C:/ST/STM32CubeIDE_1.13.2/STM32CubeIDE/plugins/com.st.stm32cube.ide.mcu.externaltools.gnu-tools-for-stm32.11.3.rel1.win32_1.1.1.202309131626/tools/bin/../lib/gcc/arm-none-eabi/11.3.1/../../../../arm-none-eabi/lib/thumb/v7e-m+fp/hard\libc_nano.a(libc_a-findfp.o)
 .text.__sfp_lock_acquire
                0x000000001000c718        0xc C:/ST/STM32CubeIDE_1.13.2/STM32CubeIDE/plugins/com.st.stm32cube.ide.mcu.externaltools.gnu-tools-for-stm32.11.3.rel1.win32_1.1.1.202309131626/tools/bin/../lib/gcc/arm-none-eabi/11.3.1/../../../../arm-none-eabi/lib/thumb/v7e-m+fp/hard\libc_nano.a(libc_a-findfp.o)
                0x000000001000c718                __sfp_lock_acquire
 .text.__sfp_lock_release
                0x000000001000c724        0xc C:/ST/STM32CubeIDE_1.13.2/STM32CubeIDE/plugins/com.st.stm32cube.ide.mcu.externaltools.gnu-tools-for-stm32.11.3.rel1.win32_1.1.1.202309131626/tools/bin/../lib/gcc/arm-none-eabi/11.3.1/../../../../arm-none-eabi/lib/thumb/v7e-m+fp/hard\libc_nano.a(libc_a-findfp.o)
                0x000000001000c724                __sfp_lock_release
 .text.__sinit  0x000000001000c730       0x30 C:/ST/STM32CubeIDE_1.13.2/STM32CubeIDE/plugins/com.st.stm32cube.ide.mcu.externaltools.gnu-tools-for-stm32.11.3.rel1.win32_1.1.1.202309131626/tools/bin/../lib/gcc/arm-none-eabi/11.3.1/../../../../arm-none-eabi/lib/thumb/v7e-m+fp/hard\libc_nano.a(libc_a-findfp.o)
                0x000000001000c730                __sinit
 .text.fprintf  0x000000001000c760       0x24 C:/ST/STM32CubeIDE_1.13.2/STM32CubeIDE/plugins/com.st.stm32cube.ide.mcu.externaltools.gnu-tools-for-stm32.11.3.rel1.win32_1.1.1.202309131626/tools/bin/../lib/gcc/arm-none-eabi/11.3.1/../../../../arm-none-eabi/lib/thumb/v7e-m+fp/hard\libc_nano.a(libc_a-fprintf.o)
                0x000000001000c760                fiprintf
                0x000000001000c760                fprintf
 .text._fwalk_sglue
                0x000000001000c784       0x3c C:/ST/STM32CubeIDE_1.13.2/STM32CubeIDE/plugins/com.st.stm32cube.ide.mcu.externaltools.gnu-tools-for-stm32.11.3.rel1.win32_1.1.1.202309131626/tools/bin/../lib/gcc/arm-none-eabi/11.3.1/../../../../arm-none-eabi/lib/thumb/v7e-m+fp/hard\libc_nano.a(libc_a-fwalk.o)
                0x000000001000c784                _fwalk_sglue
 .text.sprintf  0x000000001000c7c0       0x40 C:/ST/STM32CubeIDE_1.13.2/STM32CubeIDE/plugins/com.st.stm32cube.ide.mcu.externaltools.gnu-tools-for-stm32.11.3.rel1.win32_1.1.1.202309131626/tools/bin/../lib/gcc/arm-none-eabi/11.3.1/../../../../arm-none-eabi/lib/thumb/v7e-m+fp/hard\libc_nano.a(libc_a-sprintf.o)
                0x000000001000c7c0                siprintf
                0x000000001000c7c0                sprintf
 .text.__sread  0x000000001000c800       0x22 C:/ST/STM32CubeIDE_1.13.2/STM32CubeIDE/plugins/com.st.stm32cube.ide.mcu.externaltools.gnu-tools-for-stm32.11.3.rel1.win32_1.1.1.202309131626/tools/bin/../lib/gcc/arm-none-eabi/11.3.1/../../../../arm-none-eabi/lib/thumb/v7e-m+fp/hard\libc_nano.a(libc_a-stdio.o)
                0x000000001000c800                __sread
 .text.__swrite
                0x000000001000c822       0x38 C:/ST/STM32CubeIDE_1.13.2/STM32CubeIDE/plugins/com.st.stm32cube.ide.mcu.externaltools.gnu-tools-for-stm32.11.3.rel1.win32_1.1.1.202309131626/tools/bin/../lib/gcc/arm-none-eabi/11.3.1/../../../../arm-none-eabi/lib/thumb/v7e-m+fp/hard\libc_nano.a(libc_a-stdio.o)
                0x000000001000c822                __swrite
 .text.__sseek  0x000000001000c85a       0x24 C:/ST/STM32CubeIDE_1.13.2/STM32CubeIDE/plugins/com.st.stm32cube.ide.mcu.externaltools.gnu-tools-for-stm32.11.3.rel1.win32_1.1.1.202309131626/tools/bin/../lib/gcc/arm-none-eabi/11.3.1/../../../../arm-none-eabi/lib/thumb/v7e-m+fp/hard\libc_nano.a(libc_a-stdio.o)
                0x000000001000c85a                __sseek
 .text.__sclose
                0x000000001000c87e        0x8 C:/ST/STM32CubeIDE_1.13.2/STM32CubeIDE/plugins/com.st.stm32cube.ide.mcu.externaltools.gnu-tools-for-stm32.11.3.rel1.win32_1.1.1.202309131626/tools/bin/../lib/gcc/arm-none-eabi/11.3.1/../../../../arm-none-eabi/lib/thumb/v7e-m+fp/hard\libc_nano.a(libc_a-stdio.o)
                0x000000001000c87e                __sclose
 .text.memset   0x000000001000c886       0x10 C:/ST/STM32CubeIDE_1.13.2/STM32CubeIDE/plugins/com.st.stm32cube.ide.mcu.externaltools.gnu-tools-for-stm32.11.3.rel1.win32_1.1.1.202309131626/tools/bin/../lib/gcc/arm-none-eabi/11.3.1/../../../../arm-none-eabi/lib/thumb/v7e-m+fp/hard\libc_nano.a(libc_a-memset.o)
                0x000000001000c886                memset
 .text.strncmp  0x000000001000c896       0x24 C:/ST/STM32CubeIDE_1.13.2/STM32CubeIDE/plugins/com.st.stm32cube.ide.mcu.externaltools.gnu-tools-for-stm32.11.3.rel1.win32_1.1.1.202309131626/tools/bin/../lib/gcc/arm-none-eabi/11.3.1/../../../../arm-none-eabi/lib/thumb/v7e-m+fp/hard\libc_nano.a(libc_a-strncmp.o)
                0x000000001000c896                strncmp
 .text.strncpy  0x000000001000c8ba       0x26 C:/ST/STM32CubeIDE_1.13.2/STM32CubeIDE/plugins/com.st.stm32cube.ide.mcu.externaltools.gnu-tools-for-stm32.11.3.rel1.win32_1.1.1.202309131626/tools/bin/../lib/gcc/arm-none-eabi/11.3.1/../../../../arm-none-eabi/lib/thumb/v7e-m+fp/hard\libc_nano.a(libc_a-strncpy.o)
                0x000000001000c8ba                strncpy
 .text._close_r
                0x000000001000c8e0       0x20 C:/ST/STM32CubeIDE_1.13.2/STM32CubeIDE/plugins/com.st.stm32cube.ide.mcu.externaltools.gnu-tools-for-stm32.11.3.rel1.win32_1.1.1.202309131626/tools/bin/../lib/gcc/arm-none-eabi/11.3.1/../../../../arm-none-eabi/lib/thumb/v7e-m+fp/hard\libc_nano.a(libc_a-closer.o)
                0x000000001000c8e0                _close_r
 .text._lseek_r
                0x000000001000c900       0x24 C:/ST/STM32CubeIDE_1.13.2/STM32CubeIDE/plugins/com.st.stm32cube.ide.mcu.externaltools.gnu-tools-for-stm32.11.3.rel1.win32_1.1.1.202309131626/tools/bin/../lib/gcc/arm-none-eabi/11.3.1/../../../../arm-none-eabi/lib/thumb/v7e-m+fp/hard\libc_nano.a(libc_a-lseekr.o)
                0x000000001000c900                _lseek_r
 .text._read_r  0x000000001000c924       0x24 C:/ST/STM32CubeIDE_1.13.2/STM32CubeIDE/plugins/com.st.stm32cube.ide.mcu.externaltools.gnu-tools-for-stm32.11.3.rel1.win32_1.1.1.202309131626/tools/bin/../lib/gcc/arm-none-eabi/11.3.1/../../../../arm-none-eabi/lib/thumb/v7e-m+fp/hard\libc_nano.a(libc_a-readr.o)
                0x000000001000c924                _read_r
 .text._sbrk_r  0x000000001000c948       0x20 C:/ST/STM32CubeIDE_1.13.2/STM32CubeIDE/plugins/com.st.stm32cube.ide.mcu.externaltools.gnu-tools-for-stm32.11.3.rel1.win32_1.1.1.202309131626/tools/bin/../lib/gcc/arm-none-eabi/11.3.1/../../../../arm-none-eabi/lib/thumb/v7e-m+fp/hard\libc_nano.a(libc_a-sbrkr.o)
                0x000000001000c948                _sbrk_r
 .text._write_r
                0x000000001000c968       0x24 C:/ST/STM32CubeIDE_1.13.2/STM32CubeIDE/plugins/com.st.stm32cube.ide.mcu.externaltools.gnu-tools-for-stm32.11.3.rel1.win32_1.1.1.202309131626/tools/bin/../lib/gcc/arm-none-eabi/11.3.1/../../../../arm-none-eabi/lib/thumb/v7e-m+fp/hard\libc_nano.a(libc_a-writer.o)
                0x000000001000c968                _write_r
 .text.__errno  0x000000001000c98c        0xc C:/ST/STM32CubeIDE_1.13.2/STM32CubeIDE/plugins/com.st.stm32cube.ide.mcu.externaltools.gnu-tools-for-stm32.11.3.rel1.win32_1.1.1.202309131626/tools/bin/../lib/gcc/arm-none-eabi/11.3.1/../../../../arm-none-eabi/lib/thumb/v7e-m+fp/hard\libc_nano.a(libc_a-errno.o)
                0x000000001000c98c                __errno
 .text.__libc_init_array
                0x000000001000c998       0x48 C:/ST/STM32CubeIDE_1.13.2/STM32CubeIDE/plugins/com.st.stm32cube.ide.mcu.externaltools.gnu-tools-for-stm32.11.3.rel1.win32_1.1.1.202309131626/tools/bin/../lib/gcc/arm-none-eabi/11.3.1/../../../../arm-none-eabi/lib/thumb/v7e-m+fp/hard\libc_nano.a(libc_a-init.o)
                0x000000001000c998                __libc_init_array
 .text.__retarget_lock_init_recursive
                0x000000001000c9e0        0x2 C:/ST/STM32CubeIDE_1.13.2/STM32CubeIDE/plugins/com.st.stm32cube.ide.mcu.externaltools.gnu-tools-for-stm32.11.3.rel1.win32_1.1.1.202309131626/tools/bin/../lib/gcc/arm-none-eabi/11.3.1/../../../../arm-none-eabi/lib/thumb/v7e-m+fp/hard\libc_nano.a(libc_a-lock.o)
                0x000000001000c9e0                __retarget_lock_init_recursive
 .text.__retarget_lock_acquire_recursive
                0x000000001000c9e2        0x2 C:/ST/STM32CubeIDE_1.13.2/STM32CubeIDE/plugins/com.st.stm32cube.ide.mcu.externaltools.gnu-tools-for-stm32.11.3.rel1.win32_1.1.1.202309131626/tools/bin/../lib/gcc/arm-none-eabi/11.3.1/../../../../arm-none-eabi/lib/thumb/v7e-m+fp/hard\libc_nano.a(libc_a-lock.o)
                0x000000001000c9e2                __retarget_lock_acquire_recursive
 .text.__retarget_lock_release_recursive
                0x000000001000c9e4        0x2 C:/ST/STM32CubeIDE_1.13.2/STM32CubeIDE/plugins/com.st.stm32cube.ide.mcu.externaltools.gnu-tools-for-stm32.11.3.rel1.win32_1.1.1.202309131626/tools/bin/../lib/gcc/arm-none-eabi/11.3.1/../../../../arm-none-eabi/lib/thumb/v7e-m+fp/hard\libc_nano.a(libc_a-lock.o)
                0x000000001000c9e4                __retarget_lock_release_recursive
 .text.memcpy   0x000000001000c9e6       0x1c C:/ST/STM32CubeIDE_1.13.2/STM32CubeIDE/plugins/com.st.stm32cube.ide.mcu.externaltools.gnu-tools-for-stm32.11.3.rel1.win32_1.1.1.202309131626/tools/bin/../lib/gcc/arm-none-eabi/11.3.1/../../../../arm-none-eabi/lib/thumb/v7e-m+fp/hard\libc_nano.a(libc_a-memcpy-stub.o)
                0x000000001000c9e6                memcpy
 .text.abort    0x000000001000ca02        0xe C:/ST/STM32CubeIDE_1.13.2/STM32CubeIDE/plugins/com.st.stm32cube.ide.mcu.externaltools.gnu-tools-for-stm32.11.3.rel1.win32_1.1.1.202309131626/tools/bin/../lib/gcc/arm-none-eabi/11.3.1/../../../../arm-none-eabi/lib/thumb/v7e-m+fp/hard\libc_nano.a(libc_a-abort.o)
                0x000000001000ca02                abort
 .text._free_r  0x000000001000ca10       0x98 C:/ST/STM32CubeIDE_1.13.2/STM32CubeIDE/plugins/com.st.stm32cube.ide.mcu.externaltools.gnu-tools-for-stm32.11.3.rel1.win32_1.1.1.202309131626/tools/bin/../lib/gcc/arm-none-eabi/11.3.1/../../../../arm-none-eabi/lib/thumb/v7e-m+fp/hard\libc_nano.a(libc_a-freer.o)
                0x000000001000ca10                _free_r
 .text.__ssputs_r
                0x000000001000caa8       0xb4 C:/ST/STM32CubeIDE_1.13.2/STM32CubeIDE/plugins/com.st.stm32cube.ide.mcu.externaltools.gnu-tools-for-stm32.11.3.rel1.win32_1.1.1.202309131626/tools/bin/../lib/gcc/arm-none-eabi/11.3.1/../../../../arm-none-eabi/lib/thumb/v7e-m+fp/hard\libc_nano.a(libc_a-nano-svfprintf.o)
                0x000000001000caa8                __ssputs_r
 .text._svfprintf_r
                0x000000001000cb5c      0x1fc C:/ST/STM32CubeIDE_1.13.2/STM32CubeIDE/plugins/com.st.stm32cube.ide.mcu.externaltools.gnu-tools-for-stm32.11.3.rel1.win32_1.1.1.202309131626/tools/bin/../lib/gcc/arm-none-eabi/11.3.1/../../../../arm-none-eabi/lib/thumb/v7e-m+fp/hard\libc_nano.a(libc_a-nano-svfprintf.o)
                0x000000001000cb5c                _svfiprintf_r
                0x000000001000cb5c                _svfprintf_r
 .text.__sfputc_r
                0x000000001000cd58       0x2e C:/ST/STM32CubeIDE_1.13.2/STM32CubeIDE/plugins/com.st.stm32cube.ide.mcu.externaltools.gnu-tools-for-stm32.11.3.rel1.win32_1.1.1.202309131626/tools/bin/../lib/gcc/arm-none-eabi/11.3.1/../../../../arm-none-eabi/lib/thumb/v7e-m+fp/hard\libc_nano.a(libc_a-nano-vfprintf.o)
 .text.__sfputs_r
                0x000000001000cd86       0x24 C:/ST/STM32CubeIDE_1.13.2/STM32CubeIDE/plugins/com.st.stm32cube.ide.mcu.externaltools.gnu-tools-for-stm32.11.3.rel1.win32_1.1.1.202309131626/tools/bin/../lib/gcc/arm-none-eabi/11.3.1/../../../../arm-none-eabi/lib/thumb/v7e-m+fp/hard\libc_nano.a(libc_a-nano-vfprintf.o)
                0x000000001000cd86                __sfputs_r
 *fill*         0x000000001000cdaa        0x2 
 .text._vfprintf_r
                0x000000001000cdac      0x234 C:/ST/STM32CubeIDE_1.13.2/STM32CubeIDE/plugins/com.st.stm32cube.ide.mcu.externaltools.gnu-tools-for-stm32.11.3.rel1.win32_1.1.1.202309131626/tools/bin/../lib/gcc/arm-none-eabi/11.3.1/../../../../arm-none-eabi/lib/thumb/v7e-m+fp/hard\libc_nano.a(libc_a-nano-vfprintf.o)
                0x000000001000cdac                _vfprintf_r
                0x000000001000cdac                _vfiprintf_r
 .text._printf_common
                0x000000001000cfe0       0xda C:/ST/STM32CubeIDE_1.13.2/STM32CubeIDE/plugins/com.st.stm32cube.ide.mcu.externaltools.gnu-tools-for-stm32.11.3.rel1.win32_1.1.1.202309131626/tools/bin/../lib/gcc/arm-none-eabi/11.3.1/../../../../arm-none-eabi/lib/thumb/v7e-m+fp/hard\libc_nano.a(libc_a-nano-vfprintf_i.o)
                0x000000001000cfe0                _printf_common
 *fill*         0x000000001000d0ba        0x2 
 .text._printf_i
                0x000000001000d0bc      0x244 C:/ST/STM32CubeIDE_1.13.2/STM32CubeIDE/plugins/com.st.stm32cube.ide.mcu.externaltools.gnu-tools-for-stm32.11.3.rel1.win32_1.1.1.202309131626/tools/bin/../lib/gcc/arm-none-eabi/11.3.1/../../../../arm-none-eabi/lib/thumb/v7e-m+fp/hard\libc_nano.a(libc_a-nano-vfprintf_i.o)
                0x000000001000d0bc                _printf_i
 .text.__sflush_r
                0x000000001000d300      0x10c C:/ST/STM32CubeIDE_1.13.2/STM32CubeIDE/plugins/com.st.stm32cube.ide.mcu.externaltools.gnu-tools-for-stm32.11.3.rel1.win32_1.1.1.202309131626/tools/bin/../lib/gcc/arm-none-eabi/11.3.1/../../../../arm-none-eabi/lib/thumb/v7e-m+fp/hard\libc_nano.a(libc_a-fflush.o)
                0x000000001000d300                __sflush_r
 .text._fflush_r
                0x000000001000d40c       0x50 C:/ST/STM32CubeIDE_1.13.2/STM32CubeIDE/plugins/com.st.stm32cube.ide.mcu.externaltools.gnu-tools-for-stm32.11.3.rel1.win32_1.1.1.202309131626/tools/bin/../lib/gcc/arm-none-eabi/11.3.1/../../../../arm-none-eabi/lib/thumb/v7e-m+fp/hard\libc_nano.a(libc_a-fflush.o)
                0x000000001000d40c                _fflush_r
 .text.__swbuf_r
                0x000000001000d45c       0x7a C:/ST/STM32CubeIDE_1.13.2/STM32CubeIDE/plugins/com.st.stm32cube.ide.mcu.externaltools.gnu-tools-for-stm32.11.3.rel1.win32_1.1.1.202309131626/tools/bin/../lib/gcc/arm-none-eabi/11.3.1/../../../../arm-none-eabi/lib/thumb/v7e-m+fp/hard\libc_nano.a(libc_a-wbuf.o)
                0x000000001000d45c                __swbuf_r
 *fill*         0x000000001000d4d6        0x2 
 .text.__swsetup_r
                0x000000001000d4d8       0xb0 C:/ST/STM32CubeIDE_1.13.2/STM32CubeIDE/plugins/com.st.stm32cube.ide.mcu.externaltools.gnu-tools-for-stm32.11.3.rel1.win32_1.1.1.202309131626/tools/bin/../lib/gcc/arm-none-eabi/11.3.1/../../../../arm-none-eabi/lib/thumb/v7e-m+fp/hard\libc_nano.a(libc_a-wsetup.o)
                0x000000001000d4d8                __swsetup_r
 .text.memmove  0x000000001000d588       0x34 C:/ST/STM32CubeIDE_1.13.2/STM32CubeIDE/plugins/com.st.stm32cube.ide.mcu.externaltools.gnu-tools-for-stm32.11.3.rel1.win32_1.1.1.202309131626/tools/bin/../lib/gcc/arm-none-eabi/11.3.1/../../../../arm-none-eabi/lib/thumb/v7e-m+fp/hard\libc_nano.a(libc_a-memmove.o)
                0x000000001000d588                memmove
 .text._raise_r
                0x000000001000d5bc       0x50 C:/ST/STM32CubeIDE_1.13.2/STM32CubeIDE/plugins/com.st.stm32cube.ide.mcu.externaltools.gnu-tools-for-stm32.11.3.rel1.win32_1.1.1.202309131626/tools/bin/../lib/gcc/arm-none-eabi/11.3.1/../../../../arm-none-eabi/lib/thumb/v7e-m+fp/hard\libc_nano.a(libc_a-signal.o)
                0x000000001000d5bc                _raise_r
 .text.raise    0x000000001000d60c       0x10 C:/ST/STM32CubeIDE_1.13.2/STM32CubeIDE/plugins/com.st.stm32cube.ide.mcu.externaltools.gnu-tools-for-stm32.11.3.rel1.win32_1.1.1.202309131626/tools/bin/../lib/gcc/arm-none-eabi/11.3.1/../../../../arm-none-eabi/lib/thumb/v7e-m+fp/hard\libc_nano.a(libc_a-signal.o)
                0x000000001000d60c                raise
 .text._kill_r  0x000000001000d61c       0x24 C:/ST/STM32CubeIDE_1.13.2/STM32CubeIDE/plugins/com.st.stm32cube.ide.mcu.externaltools.gnu-tools-for-stm32.11.3.rel1.win32_1.1.1.202309131626/tools/bin/../lib/gcc/arm-none-eabi/11.3.1/../../../../arm-none-eabi/lib/thumb/v7e-m+fp/hard\libc_nano.a(libc_a-signalr.o)
                0x000000001000d61c                _kill_r
 .text._getpid_r
                0x000000001000d640        0x4 C:/ST/STM32CubeIDE_1.13.2/STM32CubeIDE/plugins/com.st.stm32cube.ide.mcu.externaltools.gnu-tools-for-stm32.11.3.rel1.win32_1.1.1.202309131626/tools/bin/../lib/gcc/arm-none-eabi/11.3.1/../../../../arm-none-eabi/lib/thumb/v7e-m+fp/hard\libc_nano.a(libc_a-signalr.o)
                0x000000001000d640                _getpid_r
 .text._realloc_r
                0x000000001000d644       0x5e C:/ST/STM32CubeIDE_1.13.2/STM32CubeIDE/plugins/com.st.stm32cube.ide.mcu.externaltools.gnu-tools-for-stm32.11.3.rel1.win32_1.1.1.202309131626/tools/bin/../lib/gcc/arm-none-eabi/11.3.1/../../../../arm-none-eabi/lib/thumb/v7e-m+fp/hard\libc_nano.a(libc_a-reallocr.o)
                0x000000001000d644                _realloc_r
 .text.__swhatbuf_r
                0x000000001000d6a2       0x4c C:/ST/STM32CubeIDE_1.13.2/STM32CubeIDE/plugins/com.st.stm32cube.ide.mcu.externaltools.gnu-tools-for-stm32.11.3.rel1.win32_1.1.1.202309131626/tools/bin/../lib/gcc/arm-none-eabi/11.3.1/../../../../arm-none-eabi/lib/thumb/v7e-m+fp/hard\libc_nano.a(libc_a-makebuf.o)
                0x000000001000d6a2                __swhatbuf_r
 .text.__smakebuf_r
                0x000000001000d6ee       0x78 C:/ST/STM32CubeIDE_1.13.2/STM32CubeIDE/plugins/com.st.stm32cube.ide.mcu.externaltools.gnu-tools-for-stm32.11.3.rel1.win32_1.1.1.202309131626/tools/bin/../lib/gcc/arm-none-eabi/11.3.1/../../../../arm-none-eabi/lib/thumb/v7e-m+fp/hard\libc_nano.a(libc_a-makebuf.o)
                0x000000001000d6ee                __smakebuf_r
 *fill*         0x000000001000d766        0x2 
 .text._fstat_r
                0x000000001000d768       0x24 C:/ST/STM32CubeIDE_1.13.2/STM32CubeIDE/plugins/com.st.stm32cube.ide.mcu.externaltools.gnu-tools-for-stm32.11.3.rel1.win32_1.1.1.202309131626/tools/bin/../lib/gcc/arm-none-eabi/11.3.1/../../../../arm-none-eabi/lib/thumb/v7e-m+fp/hard\libc_nano.a(libc_a-fstatr.o)
                0x000000001000d768                _fstat_r
 .text._isatty_r
                0x000000001000d78c       0x20 C:/ST/STM32CubeIDE_1.13.2/STM32CubeIDE/plugins/com.st.stm32cube.ide.mcu.externaltools.gnu-tools-for-stm32.11.3.rel1.win32_1.1.1.202309131626/tools/bin/../lib/gcc/arm-none-eabi/11.3.1/../../../../arm-none-eabi/lib/thumb/v7e-m+fp/hard\libc_nano.a(libc_a-isattyr.o)
                0x000000001000d78c                _isatty_r
 .text._malloc_usable_size_r
                0x000000001000d7ac       0x10 C:/ST/STM32CubeIDE_1.13.2/STM32CubeIDE/plugins/com.st.stm32cube.ide.mcu.externaltools.gnu-tools-for-stm32.11.3.rel1.win32_1.1.1.202309131626/tools/bin/../lib/gcc/arm-none-eabi/11.3.1/../../../../arm-none-eabi/lib/thumb/v7e-m+fp/hard\libc_nano.a(libc_a-msizer.o)
                0x000000001000d7ac                _malloc_usable_size_r
 *(.glue_7)
 .glue_7        0x000000001000d7bc        0x0 linker stubs
 *(.glue_7t)
 .glue_7t       0x000000001000d7bc        0x0 linker stubs
 *(.eh_frame)
 .eh_frame      0x000000001000d7bc        0x0 C:/ST/STM32CubeIDE_1.13.2/STM32CubeIDE/plugins/com.st.stm32cube.ide.mcu.externaltools.gnu-tools-for-stm32.11.3.rel1.win32_1.1.1.202309131626/tools/bin/../lib/gcc/arm-none-eabi/11.3.1/thumb/v7e-m+fp/hard/crtbegin.o
 *(.init)
 .init          0x000000001000d7bc        0x4 C:/ST/STM32CubeIDE_1.13.2/STM32CubeIDE/plugins/com.st.stm32cube.ide.mcu.externaltools.gnu-tools-for-stm32.11.3.rel1.win32_1.1.1.202309131626/tools/bin/../lib/gcc/arm-none-eabi/11.3.1/thumb/v7e-m+fp/hard/crti.o
                0x000000001000d7bc                _init
 .init          0x000000001000d7c0        0x8 C:/ST/STM32CubeIDE_1.13.2/STM32CubeIDE/plugins/com.st.stm32cube.ide.mcu.externaltools.gnu-tools-for-stm32.11.3.rel1.win32_1.1.1.202309131626/tools/bin/../lib/gcc/arm-none-eabi/11.3.1/thumb/v7e-m+fp/hard/crtn.o
 *(.fini)
 .fini          0x000000001000d7c8        0x4 C:/ST/STM32CubeIDE_1.13.2/STM32CubeIDE/plugins/com.st.stm32cube.ide.mcu.externaltools.gnu-tools-for-stm32.11.3.rel1.win32_1.1.1.202309131626/tools/bin/../lib/gcc/arm-none-eabi/11.3.1/thumb/v7e-m+fp/hard/crti.o
                0x000000001000d7c8                _fini
 .fini          0x000000001000d7cc        0x8 C:/ST/STM32CubeIDE_1.13.2/STM32CubeIDE/plugins/com.st.stm32cube.ide.mcu.externaltools.gnu-tools-for-stm32.11.3.rel1.win32_1.1.1.202309131626/tools/bin/../lib/gcc/arm-none-eabi/11.3.1/thumb/v7e-m+fp/hard/crtn.o
                0x000000001000d7d4                . = ALIGN (0x4)
                0x000000001000d7d4                _etext = .

.vfp11_veneer   0x000000001000d7d4        0x0
 .vfp11_veneer  0x000000001000d7d4        0x0 linker stubs

.v4_bx          0x000000001000d7d4        0x0
 .v4_bx         0x000000001000d7d4        0x0 linker stubs

.iplt           0x000000001000d7d4        0x0
 .iplt          0x000000001000d7d4        0x0 C:/ST/STM32CubeIDE_1.13.2/STM32CubeIDE/plugins/com.st.stm32cube.ide.mcu.externaltools.gnu-tools-for-stm32.11.3.rel1.win32_1.1.1.202309131626/tools/bin/../lib/gcc/arm-none-eabi/11.3.1/thumb/v7e-m+fp/hard/crtbegin.o

.startup_copro_fw.Reset_Handler
                0x000000001000d7d4       0x50
 .startup_copro_fw.Reset_Handler
                0x000000001000d7d4       0x50 ./Core/Startup/startup_stm32mp157facx.o
                0x000000001000d7d4                Reset_Handler

.rodata         0x000000001000d824      0x3fc
                0x000000001000d824                . = ALIGN (0x4)
 *(.rodata)
 .rodata        0x000000001000d824        0x5 ./Core/Src/main.o
 *fill*         0x000000001000d829        0x3 
 .rodata        0x000000001000d82c       0x10 ./Drivers/STM32MP1xx_HAL_Driver/stm32mp1xx_hal_uart_ex.o
 .rodata        0x000000001000d83c       0xc4 ./Middlewares/Third_Party/OpenAMP/device.o
 .rodata        0x000000001000d900       0xf6 ./Middlewares/Third_Party/OpenAMP/remoteproc_virtio.o
 *fill*         0x000000001000d9f6        0x2 
 .rodata        0x000000001000d9f8       0xdf ./Middlewares/Third_Party/OpenAMP/rpmsg_virtio.o
 *fill*         0x000000001000dad7        0x1 
 .rodata        0x000000001000dad8       0x1c ./OPENAMP/openamp.o
 *(.rodata*)
 .rodata.flagBitshiftOffset.0
                0x000000001000daf4        0x8 ./Drivers/STM32MP1xx_HAL_Driver/stm32mp1xx_hal_dma.o
 .rodata.remoteproc_virtio_dispatch_funcs
                0x000000001000dafc       0x24 ./Middlewares/Third_Party/OpenAMP/remoteproc_virtio.o
 .rodata.__func__.1
                0x000000001000db20       0x1e ./Middlewares/Third_Party/OpenAMP/remoteproc_virtio.o
 *fill*         0x000000001000db3e        0x2 
 .rodata.__func__.0
                0x000000001000db40        0xe ./Middlewares/Third_Party/OpenAMP/remoteproc_virtio.o
 *fill*         0x000000001000db4e        0x2 
 .rodata.__func__.2
                0x000000001000db50       0x24 ./Middlewares/Third_Party/OpenAMP/rpmsg_virtio.o
 .rodata.__func__.1
                0x000000001000db74       0x21 ./Middlewares/Third_Party/OpenAMP/rpmsg_virtio.o
 *fill*         0x000000001000db95        0x3 
 .rodata.__func__.0
                0x000000001000db98       0x19 ./Middlewares/Third_Party/OpenAMP/rpmsg_virtio.o
 .rodata.__assert_func.str1.1
                0x000000001000dbb1       0x3c C:/ST/STM32CubeIDE_1.13.2/STM32CubeIDE/plugins/com.st.stm32cube.ide.mcu.externaltools.gnu-tools-for-stm32.11.3.rel1.win32_1.1.1.202309131626/tools/bin/../lib/gcc/arm-none-eabi/11.3.1/../../../../arm-none-eabi/lib/thumb/v7e-m+fp/hard\libc_nano.a(libc_a-assert.o)
                                         0x3d (size before relaxing)
 .rodata._svfprintf_r.str1.1
                0x000000001000dbed       0x11 C:/ST/STM32CubeIDE_1.13.2/STM32CubeIDE/plugins/com.st.stm32cube.ide.mcu.externaltools.gnu-tools-for-stm32.11.3.rel1.win32_1.1.1.202309131626/tools/bin/../lib/gcc/arm-none-eabi/11.3.1/../../../../arm-none-eabi/lib/thumb/v7e-m+fp/hard\libc_nano.a(libc_a-nano-svfprintf.o)
 .rodata._vfprintf_r.str1.1
                0x000000001000dbfe       0x11 C:/ST/STM32CubeIDE_1.13.2/STM32CubeIDE/plugins/com.st.stm32cube.ide.mcu.externaltools.gnu-tools-for-stm32.11.3.rel1.win32_1.1.1.202309131626/tools/bin/../lib/gcc/arm-none-eabi/11.3.1/../../../../arm-none-eabi/lib/thumb/v7e-m+fp/hard\libc_nano.a(libc_a-nano-vfprintf.o)
 .rodata._printf_i.str1.1
                0x000000001000dbfe       0x22 C:/ST/STM32CubeIDE_1.13.2/STM32CubeIDE/plugins/com.st.stm32cube.ide.mcu.externaltools.gnu-tools-for-stm32.11.3.rel1.win32_1.1.1.202309131626/tools/bin/../lib/gcc/arm-none-eabi/11.3.1/../../../../arm-none-eabi/lib/thumb/v7e-m+fp/hard\libc_nano.a(libc_a-nano-vfprintf_i.o)
                0x000000001000dc20                . = ALIGN (0x4)

.ARM.extab      0x000000001000dc20        0x0
                0x000000001000dc20                . = ALIGN (0x4)
 *(.ARM.extab* .gnu.linkonce.armextab.*)
                0x000000001000dc20                . = ALIGN (0x4)

.ARM            0x000000001000dc20        0x0
                0x000000001000dc20                . = ALIGN (0x4)
                0x000000001000dc20                __exidx_start = .
 *(.ARM.exidx*)
                0x000000001000dc20                __exidx_end = .
                0x000000001000dc20                . = ALIGN (0x4)

.preinit_array  0x000000001000dc20        0x0
                0x000000001000dc20                . = ALIGN (0x4)
                0x000000001000dc20                PROVIDE (__preinit_array_start = .)
 *(.preinit_array*)
                0x000000001000dc20                PROVIDE (__preinit_array_end = .)
                0x000000001000dc20                . = ALIGN (0x4)

.init_array     0x000000001000dc20        0x4
                0x000000001000dc20                . = ALIGN (0x4)
                0x000000001000dc20                PROVIDE (__init_array_start = .)
 *(SORT_BY_NAME(.init_array.*))
 *(.init_array*)
 .init_array    0x000000001000dc20        0x4 C:/ST/STM32CubeIDE_1.13.2/STM32CubeIDE/plugins/com.st.stm32cube.ide.mcu.externaltools.gnu-tools-for-stm32.11.3.rel1.win32_1.1.1.202309131626/tools/bin/../lib/gcc/arm-none-eabi/11.3.1/thumb/v7e-m+fp/hard/crtbegin.o
                0x000000001000dc24                PROVIDE (__init_array_end = .)
                0x000000001000dc24                . = ALIGN (0x4)

.fini_array     0x000000001000dc24        0x4
                0x000000001000dc24                . = ALIGN (0x4)
                [!provide]                        PROVIDE (__fini_array_start = .)
 *(SORT_BY_NAME(.fini_array.*))
 *(.fini_array*)
 .fini_array    0x000000001000dc24        0x4 C:/ST/STM32CubeIDE_1.13.2/STM32CubeIDE/plugins/com.st.stm32cube.ide.mcu.externaltools.gnu-tools-for-stm32.11.3.rel1.win32_1.1.1.202309131626/tools/bin/../lib/gcc/arm-none-eabi/11.3.1/thumb/v7e-m+fp/hard/crtbegin.o
                [!provide]                        PROVIDE (__fini_array_end = .)
                0x000000001000dc28                . = ALIGN (0x4)
                0x000000001000dc28                __DATA_ROM = .
                0x000000001000dc28                _sidata = LOADADDR (.data)

.data           0x0000000010020000      0x120 load address 0x000000001000dc28
                0x0000000010020000                . = ALIGN (0x4)
                0x0000000010020000                _sdata = .
 *(.data)
 *(.data*)
 .data.SystemCoreClock
                0x0000000010020000        0x4 ./Common/System/system_stm32mp1xx.o
                0x0000000010020000                SystemCoreClock
 .data.uwTickPrio
                0x0000000010020004        0x4 ./Drivers/STM32MP1xx_HAL_Driver/stm32mp1xx_hal.o
                0x0000000010020004                uwTickPrio
 .data.uwTickFreq
                0x0000000010020008        0x1 ./Drivers/STM32MP1xx_HAL_Driver/stm32mp1xx_hal.o
                0x0000000010020008                uwTickFreq
 *fill*         0x0000000010020009        0x3 
 .data.metal_generic_bus
                0x000000001002000c       0x2c ./Middlewares/Third_Party/OpenAMP/device.o
                0x000000001002000c                metal_generic_bus
 .data.shm_device
                0x0000000010020038       0x8c ./OPENAMP/openamp.o
                0x0000000010020038                shm_device
 .data.__sglue  0x00000000100200c4        0xc C:/ST/STM32CubeIDE_1.13.2/STM32CubeIDE/plugins/com.st.stm32cube.ide.mcu.externaltools.gnu-tools-for-stm32.11.3.rel1.win32_1.1.1.202309131626/tools/bin/../lib/gcc/arm-none-eabi/11.3.1/../../../../arm-none-eabi/lib/thumb/v7e-m+fp/hard\libc_nano.a(libc_a-findfp.o)
                0x00000000100200c4                __sglue
 .data._impure_data
                0x00000000100200d0       0x4c C:/ST/STM32CubeIDE_1.13.2/STM32CubeIDE/plugins/com.st.stm32cube.ide.mcu.externaltools.gnu-tools-for-stm32.11.3.rel1.win32_1.1.1.202309131626/tools/bin/../lib/gcc/arm-none-eabi/11.3.1/../../../../arm-none-eabi/lib/thumb/v7e-m+fp/hard\libc_nano.a(libc_a-impure.o)
                0x00000000100200d0                _impure_data
 .data._impure_ptr
                0x000000001002011c        0x4 C:/ST/STM32CubeIDE_1.13.2/STM32CubeIDE/plugins/com.st.stm32cube.ide.mcu.externaltools.gnu-tools-for-stm32.11.3.rel1.win32_1.1.1.202309131626/tools/bin/../lib/gcc/arm-none-eabi/11.3.1/../../../../arm-none-eabi/lib/thumb/v7e-m+fp/hard\libc_nano.a(libc_a-impure.o)
                0x000000001002011c                _impure_ptr
                0x0000000010020120                . = ALIGN (0x4)
                0x0000000010020120                _edata = .
                0x000000001000dd48                __DATA_END = (__DATA_ROM + (_edata - _sdata))
                0x0000000010020000                text_end = (ORIGIN (SRAM1_text) + LENGTH (SRAM1_text))
                0x0000000000000001                ASSERT ((__DATA_END <= text_end), region SRAM1_text overflowed with text and data)

.igot.plt       0x0000000010020120        0x0 load address 0x000000001000dd48
 .igot.plt      0x0000000010020120        0x0 C:/ST/STM32CubeIDE_1.13.2/STM32CubeIDE/plugins/com.st.stm32cube.ide.mcu.externaltools.gnu-tools-for-stm32.11.3.rel1.win32_1.1.1.202309131626/tools/bin/../lib/gcc/arm-none-eabi/11.3.1/thumb/v7e-m+fp/hard/crtbegin.o

.resource_table
                0x0000000010020120       0x8c load address 0x000000001000dd48
                0x0000000010020120                . = ALIGN (0x4)
 *(.resource_table*)
 .resource_table
                0x0000000010020120       0x8c ./OPENAMP/rsc_table.o
                0x0000000010020120                resource_table
                0x00000000100201ac                . = ALIGN (0x4)

.rel.dyn        0x00000000100201ac        0x0 load address 0x000000001000ddd4
 .rel.iplt      0x00000000100201ac        0x0 C:/ST/STM32CubeIDE_1.13.2/STM32CubeIDE/plugins/com.st.stm32cube.ide.mcu.externaltools.gnu-tools-for-stm32.11.3.rel1.win32_1.1.1.202309131626/tools/bin/../lib/gcc/arm-none-eabi/11.3.1/thumb/v7e-m+fp/hard/crtbegin.o
                0x00000000100201ac                . = ALIGN (0x4)

.bss            0x00000000100201ac      0x3ec load address 0x000000001000ddd4
                0x00000000100201ac                _sbss = .