../Core/Src/main.c:102:5:main	200	static
../Core/Src/main.c:208:6:SystemClock_Config	336	static
../Core/Src/main.c:293:6:PeriphCommonClock_Config	352	static
../Core/Src/main.c:312:13:MX_ADC2_Init	40	static
../Core/Src/main.c:381:13:MX_CRC2_Init	8	static
../Core/Src/main.c:412:13:MX_IPCC_Init	8	static
../Core/Src/main.c:438:13:MX_TIM16_Init	8	static
../Core/Src/main.c:470:13:MX_UART4_Init	8	static
../Core/Src/main.c:516:13:MX_DMA_Init	8	static
../Core/Src/main.c:535:13:MX_GPIO_Init	32	static
../Core/Src/main.c:560:13:AI_Init	72	static
../Core/Src/main.c:581:13:AI_Run	80	static
../Core/Src/main.c:604:17:argmax	32	static
../Core/Src/main.c:617:6:HAL_ADC_ConvHalfCpltCallback	16	static
../Core/Src/main.c:621:6:HAL_ADC_ConvCpltCallback	16	static
../Core/Src/main.c:630:6:Error_Handler	4	static,ignoring_inline_asm
